[     858ms] [INFO] %cDownload the React DevTools for a better development experience: https://react.dev/link/react-devtools font-weight:bold @ http://localhost:3000/_next/static/chunks/node_modules_next_dist_115brz8._.js:2431
[     889ms] [LOG] [HMR] connected @ http://localhost:3000/_next/static/chunks/node_modules_next_dist_115brz8._.js:2431
[     997ms] [LOG] [App] No events from Supabase, using mock data @ http://localhost:3000/_next/static/chunks/node_modules_next_dist_115brz8._.js:2431
[    1469ms] [ERROR] WebSocket connection to 'wss://placeholder.supabase.co/realtime/v1/websocket?apikey=placeholder_anon_key&vsn=2.0.0' failed: Error in connection establishment: net::ERR_NAME_NOT_RESOLVED @ http://localhost:3000/_next/static/chunks/node_modules_11dl34q._.js:9931
[    1476ms] [LOG] [Realtime] Subscription status: CHANNEL_ERROR @ http://localhost:3000/_next/static/chunks/node_modules_next_dist_115brz8._.js:2431
[    1552ms] [ERROR] Failed to load resource: net::ERR_NAME_NOT_RESOLVED @ https://placeholder.supabase.co/rest/v1/events?select=*&expires_at=gte.2026-04-28T08%3A56%3A24.155Z&order=published_at.desc:0
[    2507ms] [ERROR] WebSocket connection to 'wss://placeholder.supabase.co/realtime/v1/websocket?apikey=placeholder_anon_key&vsn=2.0.0' failed: Error in connection establishment: net::ERR_NAME_NOT_RESOLVED @ http://localhost:3000/_next/static/chunks/node_modules_11dl34q._.js:9931
[    2616ms] [ERROR] Failed to load resource: net::ERR_NAME_NOT_RESOLVED @ https://placeholder.supabase.co/rest/v1/events?select=*&expires_at=gte.2026-04-28T08%3A56%3A24.155Z&order=published_at.desc:0
[    4554ms] [ERROR] WebSocket connection to 'wss://placeholder.supabase.co/realtime/v1/websocket?apikey=placeholder_anon_key&vsn=2.0.0' failed: Error in connection establishment: net::ERR_NAME_NOT_RESOLVED @ http://localhost:3000/_next/static/chunks/node_modules_11dl34q._.js:9931
[    4660ms] [ERROR] Failed to load resource: net::ERR_NAME_NOT_RESOLVED @ https://placeholder.supabase.co/rest/v1/events?select=*&expires_at=gte.2026-04-28T08%3A56%3A24.155Z&order=published_at.desc:0
[    8715ms] [ERROR] Failed to load resource: net::ERR_NAME_NOT_RESOLVED @ https://placeholder.supabase.co/rest/v1/events?select=*&expires_at=gte.2026-04-28T08%3A56%3A24.155Z&order=published_at.desc:0
[    8718ms] [ERROR] [Realtime] Failed to fetch initial events: {message: TypeError: Failed to fetch, details: TypeError: Failed to fetch
    at http://localhost…000/_next/static/chunks/src_0u9uvqa._.js:3569:45), hint: , code: } @ http://localhost:3000/_next/static/chunks/node_modules_next_dist_115brz8._.js:3272
[    9577ms] [ERROR] WebSocket connection to 'wss://placeholder.supabase.co/realtime/v1/websocket?apikey=placeholder_anon_key&vsn=2.0.0' failed: Error in connection establishment: net::ERR_NAME_NOT_RESOLVED @ http://localhost:3000/_next/static/chunks/node_modules_11dl34q._.js:9931
[   19607ms] [ERROR] WebSocket connection to 'wss://placeholder.supabase.co/realtime/v1/websocket?apikey=placeholder_anon_key&vsn=2.0.0' failed: Error in connection establishment: net::ERR_NAME_NOT_RESOLVED @ http://localhost:3000/_next/static/chunks/node_modules_11dl34q._.js:9931
[   29644ms] [ERROR] WebSocket connection to 'wss://placeholder.supabase.co/realtime/v1/websocket?apikey=placeholder_anon_key&vsn=2.0.0' failed: Error in connection establishment: net::ERR_NAME_NOT_RESOLVED @ http://localhost:3000/_next/static/chunks/node_modules_11dl34q._.js:9931
[   39915ms] [ERROR] WebSocket connection to 'wss://placeholder.supabase.co/realtime/v1/websocket?apikey=placeholder_anon_key&vsn=2.0.0' failed: Error in connection establishment: net::ERR_NAME_NOT_RESOLVED @ http://localhost:3000/_next/static/chunks/node_modules_11dl34q._.js:9931
[   49943ms] [ERROR] WebSocket connection to 'wss://placeholder.supabase.co/realtime/v1/websocket?apikey=placeholder_anon_key&vsn=2.0.0' failed: Error in connection establishment: net::ERR_NAME_NOT_RESOLVED @ http://localhost:3000/_next/static/chunks/node_modules_11dl34q._.js:9931
[   59963ms] [ERROR] WebSocket connection to 'wss://placeholder.supabase.co/realtime/v1/websocket?apikey=placeholder_anon_key&vsn=2.0.0' failed: Error in connection establishment: net::ERR_NAME_NOT_RESOLVED @ http://localhost:3000/_next/static/chunks/node_modules_11dl34q._.js:9931
[   70192ms] [ERROR] WebSocket connection to 'wss://placeholder.supabase.co/realtime/v1/websocket?apikey=placeholder_anon_key&vsn=2.0.0' failed: Error in connection establishment: net::ERR_NAME_NOT_RESOLVED @ http://localhost:3000/_next/static/chunks/node_modules_11dl34q._.js:9931
[   80232ms] [ERROR] WebSocket connection to 'wss://placeholder.supabase.co/realtime/v1/websocket?apikey=placeholder_anon_key&vsn=2.0.0' failed: Error in connection establishment: net::ERR_NAME_NOT_RESOLVED @ http://localhost:3000/_next/static/chunks/node_modules_11dl34q._.js:9931
[   90291ms] [ERROR] WebSocket connection to 'wss://placeholder.supabase.co/realtime/v1/websocket?apikey=placeholder_anon_key&vsn=2.0.0' failed: Error in connection establishment: net::ERR_NAME_NOT_RESOLVED @ http://localhost:3000/_next/static/chunks/node_modules_11dl34q._.js:9931
[  100386ms] [ERROR] WebSocket connection to 'wss://placeholder.supabase.co/realtime/v1/websocket?apikey=placeholder_anon_key&vsn=2.0.0' failed: Error in connection establishment: net::ERR_NAME_NOT_RESOLVED @ http://localhost:3000/_next/static/chunks/node_modules_11dl34q._.js:9931
[  110424ms] [ERROR] WebSocket connection to 'wss://placeholder.supabase.co/realtime/v1/websocket?apikey=placeholder_anon_key&vsn=2.0.0' failed: Error in connection establishment: net::ERR_NAME_NOT_RESOLVED @ http://localhost:3000/_next/static/chunks/node_modules_11dl34q._.js:9931
[  111530ms] [ERROR] Cannot update a component (`%s`) while rendering a different component (`%s`). To locate the bad setState() call inside `%s`, follow the stack trace as described in https://react.dev/link/setstate-in-render PlaybackControls PlaybackControls PlaybackControls @ http://localhost:3000/_next/static/chunks/node_modules_next_dist_115brz8._.js:3272
[  120469ms] [ERROR] WebSocket connection to 'wss://placeholder.supabase.co/realtime/v1/websocket?apikey=placeholder_anon_key&vsn=2.0.0' failed: Error in connection establishment: net::ERR_NAME_NOT_RESOLVED @ http://localhost:3000/_next/static/chunks/node_modules_11dl34q._.js:9931
