[     133ms] [LOG] [Fast Refresh] rebuilding @ http://localhost:3000/_next/static/chunks/node_modules_next_dist_115brz8._.js:2431
[     365ms] [LOG] [Fast Refresh] done in 342ms @ http://localhost:3000/_next/static/chunks/node_modules_next_dist_115brz8._.js:2431
[     507ms] [INFO] %cDownload the React DevTools for a better development experience: https://react.dev/link/react-devtools font-weight:bold @ http://localhost:3000/_next/static/chunks/node_modules_next_dist_115brz8._.js:2431
[     544ms] [LOG] [HMR] connected @ http://localhost:3000/_next/static/chunks/node_modules_next_dist_115brz8._.js:2431
[     549ms] [WARNING] %c%s%c [33m[1m⚠[22m[39m Unsupported metadata viewport is configured in metadata export in /. Please move it to viewport export instead.
Read more: https://nextjs.org/docs/app/api-reference/functions/generate-viewport background: #e6e6e6;background: light-dark(rgba(0,0,0,0.1), rgba(255,255,255,0.25));color: #000000;color: light-dark(#000000, #ffffff);border-radius: 2px  Server   @ http://localhost:3000/_next/static/chunks/node_modules_next_dist_115brz8._.js:2431
[     610ms] [LOG] [DisplayEvents] activeEnvLayer: none @ http://localhost:3000/_next/static/chunks/node_modules_next_dist_115brz8._.js:2431
[     611ms] [LOG] [DisplayEvents] envLayerData: null @ http://localhost:3000/_next/static/chunks/node_modules_next_dist_115brz8._.js:2431
[     611ms] [LOG] [DisplayEvents] activeEnvLayer: none @ http://localhost:3000/_next/static/chunks/node_modules_next_dist_115brz8._.js:2431
[     611ms] [LOG] [DisplayEvents] envLayerData: null @ http://localhost:3000/_next/static/chunks/node_modules_next_dist_115brz8._.js:2431
[     650ms] [LOG] [useEnvLayer] Data received: {layerType: none, hasData: false, data: undefined} @ http://localhost:3000/_next/static/chunks/node_modules_next_dist_115brz8._.js:2431
[     651ms] [LOG] [App] envLayerData updated: null @ http://localhost:3000/_next/static/chunks/node_modules_next_dist_115brz8._.js:2431
[     652ms] [LOG] [App] No events from Supabase, using mock data for development @ http://localhost:3000/_next/static/chunks/node_modules_next_dist_115brz8._.js:2431
[     657ms] [LOG] [DisplayEvents] activeEnvLayer: none @ http://localhost:3000/_next/static/chunks/node_modules_next_dist_115brz8._.js:2431
[     658ms] [LOG] [DisplayEvents] envLayerData: null @ http://localhost:3000/_next/static/chunks/node_modules_next_dist_115brz8._.js:2431
[     658ms] [LOG] [DisplayEvents] activeEnvLayer: none @ http://localhost:3000/_next/static/chunks/node_modules_next_dist_115brz8._.js:2431
[     658ms] [LOG] [DisplayEvents] envLayerData: null @ http://localhost:3000/_next/static/chunks/node_modules_next_dist_115brz8._.js:2431
[     720ms] [WARNING] %c%s%c [33m[1m⚠[22m[39m Unsupported metadata viewport is configured in metadata export in /. Please move it to viewport export instead.
Read more: https://nextjs.org/docs/app/api-reference/functions/generate-viewport background: #e6e6e6;background: light-dark(rgba(0,0,0,0.1), rgba(255,255,255,0.25));color: #000000;color: light-dark(#000000, #ffffff);border-radius: 2px  Server   @ http://localhost:3000/_next/static/chunks/node_modules_next_dist_115brz8._.js:2431
[    1200ms] [LOG] [Fast Refresh] rebuilding @ http://localhost:3000/_next/static/chunks/node_modules_next_dist_115brz8._.js:2431
[    1203ms] [WARNING] %c%s%c [33m[1m⚠[22m[39m Unsupported metadata viewport is configured in metadata export in /. Please move it to viewport export instead.
Read more: https://nextjs.org/docs/app/api-reference/functions/generate-viewport background: #e6e6e6;background: light-dark(rgba(0,0,0,0.1), rgba(255,255,255,0.25));color: #000000;color: light-dark(#000000, #ffffff);border-radius: 2px  Server   @ http://localhost:3000/_next/static/chunks/node_modules_next_dist_115brz8._.js:2431
[    1204ms] [LOG] [Fast Refresh] done in 459ms @ http://localhost:3000/_next/static/chunks/node_modules_next_dist_115brz8._.js:2431
[    1213ms] [LOG] [DisplayEvents] activeEnvLayer: none @ http://localhost:3000/_next/static/chunks/node_modules_next_dist_115brz8._.js:2431
[    1214ms] [LOG] [DisplayEvents] envLayerData: null @ http://localhost:3000/_next/static/chunks/node_modules_next_dist_115brz8._.js:2431
[    1214ms] [LOG] [DisplayEvents] activeEnvLayer: none @ http://localhost:3000/_next/static/chunks/node_modules_next_dist_115brz8._.js:2431
[    1214ms] [LOG] [DisplayEvents] envLayerData: null @ http://localhost:3000/_next/static/chunks/node_modules_next_dist_115brz8._.js:2431
[    1425ms] [LOG] [Realtime] Subscription status: SUBSCRIBED @ http://localhost:3000/_next/static/chunks/node_modules_next_dist_115brz8._.js:2431
[    1465ms] [LOG] [DisplayEvents] activeEnvLayer: none @ http://localhost:3000/_next/static/chunks/node_modules_next_dist_115brz8._.js:2431
[    1465ms] [LOG] [DisplayEvents] envLayerData: null @ http://localhost:3000/_next/static/chunks/node_modules_next_dist_115brz8._.js:2431
[    1466ms] [LOG] [DisplayEvents] activeEnvLayer: none @ http://localhost:3000/_next/static/chunks/node_modules_next_dist_115brz8._.js:2431
[    1466ms] [LOG] [DisplayEvents] envLayerData: null @ http://localhost:3000/_next/static/chunks/node_modules_next_dist_115brz8._.js:2431
[    2102ms] [LOG] [Realtime] Loaded 0 initial events @ http://localhost:3000/_next/static/chunks/node_modules_next_dist_115brz8._.js:2431
[    2104ms] [LOG] [DisplayEvents] activeEnvLayer: none @ http://localhost:3000/_next/static/chunks/node_modules_next_dist_115brz8._.js:2431
[    2104ms] [LOG] [DisplayEvents] envLayerData: null @ http://localhost:3000/_next/static/chunks/node_modules_next_dist_115brz8._.js:2431
[    2106ms] [LOG] [DisplayEvents] activeEnvLayer: none @ http://localhost:3000/_next/static/chunks/node_modules_next_dist_115brz8._.js:2431
[    2107ms] [LOG] [DisplayEvents] envLayerData: null @ http://localhost:3000/_next/static/chunks/node_modules_next_dist_115brz8._.js:2431
[    2133ms] [LOG] [App] No events from Supabase, using mock data for development @ http://localhost:3000/_next/static/chunks/node_modules_next_dist_115brz8._.js:2431
[    2135ms] [LOG] [DisplayEvents] activeEnvLayer: none @ http://localhost:3000/_next/static/chunks/node_modules_next_dist_115brz8._.js:2431
[    2136ms] [LOG] [DisplayEvents] envLayerData: null @ http://localhost:3000/_next/static/chunks/node_modules_next_dist_115brz8._.js:2431
[    2137ms] [LOG] [DisplayEvents] activeEnvLayer: none @ http://localhost:3000/_next/static/chunks/node_modules_next_dist_115brz8._.js:2431
[    2137ms] [LOG] [DisplayEvents] envLayerData: null @ http://localhost:3000/_next/static/chunks/node_modules_next_dist_115brz8._.js:2431
