[     264ms] [INFO] %cDownload the React DevTools for a better development experience: https://react.dev/link/react-devtools font-weight:bold @ http://localhost:3000/_next/static/chunks/node_modules_next_dist_115brz8._.js:2431
[     309ms] [LOG] [HMR] connected @ http://localhost:3000/_next/static/chunks/node_modules_next_dist_115brz8._.js:2431
[     321ms] [WARNING] %c%s%c [33m[1m⚠[22m[39m Unsupported metadata viewport is configured in metadata export in /. Please move it to viewport export instead.
Read more: https://nextjs.org/docs/app/api-reference/functions/generate-viewport background: #e6e6e6;background: light-dark(rgba(0,0,0,0.1), rgba(255,255,255,0.25));color: #000000;color: light-dark(#000000, #ffffff);border-radius: 2px  Server   @ http://localhost:3000/_next/static/chunks/node_modules_next_dist_115brz8._.js:2431
[     361ms] [LOG] [DisplayEvents] activeEnvLayer: none @ http://localhost:3000/_next/static/chunks/node_modules_next_dist_115brz8._.js:2431
[     361ms] [LOG] [DisplayEvents] envLayerData: null @ http://localhost:3000/_next/static/chunks/node_modules_next_dist_115brz8._.js:2431
[     362ms] [LOG] [DisplayEvents] activeEnvLayer: none @ http://localhost:3000/_next/static/chunks/node_modules_next_dist_115brz8._.js:2431
[     363ms] [LOG] [DisplayEvents] envLayerData: null @ http://localhost:3000/_next/static/chunks/node_modules_next_dist_115brz8._.js:2431
[     435ms] [LOG] [useEnvLayer] Data received: {layerType: none, hasData: false, data: undefined} @ http://localhost:3000/_next/static/chunks/node_modules_next_dist_115brz8._.js:2431
[     438ms] [LOG] [App] envLayerData updated: null @ http://localhost:3000/_next/static/chunks/node_modules_next_dist_115brz8._.js:2431
[     439ms] [LOG] [App] No events from Supabase, using mock data for development @ http://localhost:3000/_next/static/chunks/node_modules_next_dist_115brz8._.js:2431
[     444ms] [LOG] [DisplayEvents] activeEnvLayer: none @ http://localhost:3000/_next/static/chunks/node_modules_next_dist_115brz8._.js:2431
[     445ms] [LOG] [DisplayEvents] envLayerData: null @ http://localhost:3000/_next/static/chunks/node_modules_next_dist_115brz8._.js:2431
[     446ms] [LOG] [DisplayEvents] activeEnvLayer: none @ http://localhost:3000/_next/static/chunks/node_modules_next_dist_115brz8._.js:2431
[     446ms] [LOG] [DisplayEvents] envLayerData: null @ http://localhost:3000/_next/static/chunks/node_modules_next_dist_115brz8._.js:2431
[     595ms] [WARNING] %c%s%c [33m[1m⚠[22m[39m Unsupported metadata viewport is configured in metadata export in /. Please move it to viewport export instead.
Read more: https://nextjs.org/docs/app/api-reference/functions/generate-viewport background: #e6e6e6;background: light-dark(rgba(0,0,0,0.1), rgba(255,255,255,0.25));color: #000000;color: light-dark(#000000, #ffffff);border-radius: 2px  Server   @ http://localhost:3000/_next/static/chunks/node_modules_next_dist_115brz8._.js:2431
[    1116ms] [LOG] [Fast Refresh] rebuilding @ http://localhost:3000/_next/static/chunks/node_modules_next_dist_115brz8._.js:2431
[    1118ms] [LOG] [Fast Refresh] done in 471ms @ http://localhost:3000/_next/static/chunks/node_modules_next_dist_115brz8._.js:2431
[    1275ms] [WARNING] %c%s%c [33m[1m⚠[22m[39m Unsupported metadata viewport is configured in metadata export in /. Please move it to viewport export instead.
Read more: https://nextjs.org/docs/app/api-reference/functions/generate-viewport background: #e6e6e6;background: light-dark(rgba(0,0,0,0.1), rgba(255,255,255,0.25));color: #000000;color: light-dark(#000000, #ffffff);border-radius: 2px  Server   @ http://localhost:3000/_next/static/chunks/node_modules_next_dist_115brz8._.js:2431
[    1283ms] [LOG] [DisplayEvents] activeEnvLayer: none @ http://localhost:3000/_next/static/chunks/node_modules_next_dist_115brz8._.js:2431
[    1283ms] [LOG] [DisplayEvents] envLayerData: null @ http://localhost:3000/_next/static/chunks/node_modules_next_dist_115brz8._.js:2431
[    1284ms] [LOG] [DisplayEvents] activeEnvLayer: none @ http://localhost:3000/_next/static/chunks/node_modules_next_dist_115brz8._.js:2431
[    1284ms] [LOG] [DisplayEvents] envLayerData: null @ http://localhost:3000/_next/static/chunks/node_modules_next_dist_115brz8._.js:2431
[    1296ms] [LOG] [Realtime] Loaded 0 initial events @ http://localhost:3000/_next/static/chunks/node_modules_next_dist_115brz8._.js:2431
[    1297ms] [LOG] [DisplayEvents] activeEnvLayer: none @ http://localhost:3000/_next/static/chunks/node_modules_next_dist_115brz8._.js:2431
[    1297ms] [LOG] [DisplayEvents] envLayerData: null @ http://localhost:3000/_next/static/chunks/node_modules_next_dist_115brz8._.js:2431
[    1298ms] [LOG] [DisplayEvents] activeEnvLayer: none @ http://localhost:3000/_next/static/chunks/node_modules_next_dist_115brz8._.js:2431
[    1298ms] [LOG] [DisplayEvents] envLayerData: null @ http://localhost:3000/_next/static/chunks/node_modules_next_dist_115brz8._.js:2431
[    1324ms] [LOG] [App] No events from Supabase, using mock data for development @ http://localhost:3000/_next/static/chunks/node_modules_next_dist_115brz8._.js:2431
[    1329ms] [LOG] [DisplayEvents] activeEnvLayer: none @ http://localhost:3000/_next/static/chunks/node_modules_next_dist_115brz8._.js:2431
[    1330ms] [LOG] [DisplayEvents] envLayerData: null @ http://localhost:3000/_next/static/chunks/node_modules_next_dist_115brz8._.js:2431
[    1331ms] [LOG] [DisplayEvents] activeEnvLayer: none @ http://localhost:3000/_next/static/chunks/node_modules_next_dist_115brz8._.js:2431
[    1331ms] [LOG] [DisplayEvents] envLayerData: null @ http://localhost:3000/_next/static/chunks/node_modules_next_dist_115brz8._.js:2431
[    1586ms] [LOG] [DisplayEvents] activeEnvLayer: none @ http://localhost:3000/_next/static/chunks/node_modules_next_dist_115brz8._.js:2431
[    1586ms] [LOG] [DisplayEvents] envLayerData: null @ http://localhost:3000/_next/static/chunks/node_modules_next_dist_115brz8._.js:2431
[    1588ms] [LOG] [DisplayEvents] activeEnvLayer: none @ http://localhost:3000/_next/static/chunks/node_modules_next_dist_115brz8._.js:2431
[    1588ms] [LOG] [DisplayEvents] envLayerData: null @ http://localhost:3000/_next/static/chunks/node_modules_next_dist_115brz8._.js:2431
[    1677ms] [LOG] [DisplayEvents] activeEnvLayer: none @ http://localhost:3000/_next/static/chunks/node_modules_next_dist_115brz8._.js:2431
[    1677ms] [LOG] [DisplayEvents] envLayerData: null @ http://localhost:3000/_next/static/chunks/node_modules_next_dist_115brz8._.js:2431
[    1679ms] [LOG] [DisplayEvents] activeEnvLayer: none @ http://localhost:3000/_next/static/chunks/node_modules_next_dist_115brz8._.js:2431
[    1680ms] [LOG] [DisplayEvents] envLayerData: null @ http://localhost:3000/_next/static/chunks/node_modules_next_dist_115brz8._.js:2431
[    1698ms] [LOG] [Realtime] Subscription status: SUBSCRIBED @ http://localhost:3000/_next/static/chunks/node_modules_next_dist_115brz8._.js:2431
[  174045ms] [LOG] [DisplayEvents] activeEnvLayer: wind @ http://localhost:3000/_next/static/chunks/node_modules_next_dist_115brz8._.js:2431
[  174046ms] [LOG] [DisplayEvents] envLayerData: null @ http://localhost:3000/_next/static/chunks/node_modules_next_dist_115brz8._.js:2431
[  174046ms] [LOG] [DisplayEvents] activeEnvLayer: wind @ http://localhost:3000/_next/static/chunks/node_modules_next_dist_115brz8._.js:2431
[  174047ms] [LOG] [DisplayEvents] envLayerData: null @ http://localhost:3000/_next/static/chunks/node_modules_next_dist_115brz8._.js:2431
[  174088ms] [LOG] [useEnvLayer] Data received: {layerType: wind, hasData: false, data: undefined} @ http://localhost:3000/_next/static/chunks/node_modules_next_dist_115brz8._.js:2431
[  174131ms] [LOG] [DisplayEvents] activeEnvLayer: wind @ http://localhost:3000/_next/static/chunks/node_modules_next_dist_115brz8._.js:2431
[  174132ms] [LOG] [DisplayEvents] envLayerData: null @ http://localhost:3000/_next/static/chunks/node_modules_next_dist_115brz8._.js:2431
[  174133ms] [LOG] [DisplayEvents] activeEnvLayer: wind @ http://localhost:3000/_next/static/chunks/node_modules_next_dist_115brz8._.js:2431
[  174134ms] [LOG] [DisplayEvents] envLayerData: null @ http://localhost:3000/_next/static/chunks/node_modules_next_dist_115brz8._.js:2431
[  174170ms] [LOG] [useEnvLayer] Data received: {layerType: wind, hasData: true, data: Object} @ http://localhost:3000/_next/static/chunks/node_modules_next_dist_115brz8._.js:2431
[  174171ms] [LOG] [useEnvLayer] Setting wind data @ http://localhost:3000/_next/static/chunks/node_modules_next_dist_115brz8._.js:2431
[  174172ms] [LOG] [DisplayEvents] activeEnvLayer: wind @ http://localhost:3000/_next/static/chunks/node_modules_next_dist_115brz8._.js:2431
[  174174ms] [LOG] [DisplayEvents] envLayerData: {type: wind, updatedAt: 2026-04-29T01:56:00.914Z, wind: Array(1406)} @ http://localhost:3000/_next/static/chunks/node_modules_next_dist_115brz8._.js:2431
[  174175ms] [LOG] [DisplayEvents] activeEnvLayer: wind @ http://localhost:3000/_next/static/chunks/node_modules_next_dist_115brz8._.js:2431
[  174177ms] [LOG] [DisplayEvents] envLayerData: {type: wind, updatedAt: 2026-04-29T01:56:00.914Z, wind: Array(1406)} @ http://localhost:3000/_next/static/chunks/node_modules_next_dist_115brz8._.js:2431
[  174203ms] [LOG] [GlobeRenderer] Applying heatmap for layer: wind @ http://localhost:3000/_next/static/chunks/node_modules_next_dist_115brz8._.js:2431
[  174213ms] [LOG] [GlobeRenderer] Heatmap texture applied @ http://localhost:3000/_next/static/chunks/node_modules_next_dist_115brz8._.js:2431
[  174215ms] [LOG] [App] envLayerData updated: {type: wind, updatedAt: 2026-04-29T01:56:00.914Z, wind: Array(1406)} @ http://localhost:3000/_next/static/chunks/node_modules_next_dist_115brz8._.js:2431
[  229327ms] [LOG] [Fast Refresh] rebuilding @ http://localhost:3000/_next/static/chunks/node_modules_next_dist_115brz8._.js:2431
[  231571ms] [LOG] [Fast Refresh] done in 2293ms @ http://localhost:3000/_next/static/chunks/node_modules_next_dist_115brz8._.js:2431
[  231759ms] [LOG] [Fast Refresh] rebuilding @ http://localhost:3000/_next/static/chunks/node_modules_next_dist_115brz8._.js:2431
[  232036ms] [WARNING] %c%s%c [33m[1m⚠[22m[39m Unsupported metadata viewport is configured in metadata export in /. Please move it to viewport export instead.
Read more: https://nextjs.org/docs/app/api-reference/functions/generate-viewport background: #e6e6e6;background: light-dark(rgba(0,0,0,0.1), rgba(255,255,255,0.25));color: #000000;color: light-dark(#000000, #ffffff);border-radius: 2px  Server   @ http://localhost:3000/_next/static/chunks/node_modules_next_dist_115brz8._.js:2431
[  232038ms] [LOG] [Fast Refresh] done in 381ms @ http://localhost:3000/_next/static/chunks/node_modules_next_dist_115brz8._.js:2431
