[    1192ms] [INFO] %cDownload the React DevTools for a better development experience: https://react.dev/link/react-devtools font-weight:bold @ http://localhost:3000/_next/static/chunks/node_modules_next_dist_115brz8._.js:2431
[    1233ms] [LOG] [HMR] connected @ http://localhost:3000/_next/static/chunks/node_modules_next_dist_115brz8._.js:2431
[    1407ms] [LOG] [App] No events from Supabase, using mock data @ http://localhost:3000/_next/static/chunks/node_modules_next_dist_115brz8._.js:2431
[    2113ms] [ERROR] WebSocket connection to 'wss://placeholder.supabase.co/realtime/v1/websocket?apikey=placeholder_anon_key&vsn=2.0.0' failed: Error in connection establishment: net::ERR_NAME_NOT_RESOLVED @ http://localhost:3000/_next/static/chunks/node_modules_11dl34q._.js:9931
[    2117ms] [LOG] [Realtime] Subscription status: CHANNEL_ERROR @ http://localhost:3000/_next/static/chunks/node_modules_next_dist_115brz8._.js:2431
[    2161ms] [ERROR] Failed to load resource: net::ERR_NAME_NOT_RESOLVED @ https://placeholder.supabase.co/rest/v1/events?select=*&expires_at=gte.2026-04-28T08%3A03%3A52.848Z&order=published_at.desc:0
[    3244ms] [ERROR] WebSocket connection to 'wss://placeholder.supabase.co/realtime/v1/websocket?apikey=placeholder_anon_key&vsn=2.0.0' failed: Error in connection establishment: net::ERR_NAME_NOT_RESOLVED @ http://localhost:3000/_next/static/chunks/node_modules_11dl34q._.js:9931
[    3332ms] [ERROR] Failed to load resource: net::ERR_NAME_NOT_RESOLVED @ https://placeholder.supabase.co/rest/v1/events?select=*&expires_at=gte.2026-04-28T08%3A03%3A52.848Z&order=published_at.desc:0
[    5311ms] [ERROR] WebSocket connection to 'wss://placeholder.supabase.co/realtime/v1/websocket?apikey=placeholder_anon_key&vsn=2.0.0' failed: Error in connection establishment: net::ERR_NAME_NOT_RESOLVED @ http://localhost:3000/_next/static/chunks/node_modules_11dl34q._.js:9931
[    5373ms] [ERROR] Failed to load resource: net::ERR_NAME_NOT_RESOLVED @ https://placeholder.supabase.co/rest/v1/events?select=*&expires_at=gte.2026-04-28T08%3A03%3A52.848Z&order=published_at.desc:0
[    9415ms] [ERROR] Failed to load resource: net::ERR_NAME_NOT_RESOLVED @ https://placeholder.supabase.co/rest/v1/events?select=*&expires_at=gte.2026-04-28T08%3A03%3A52.848Z&order=published_at.desc:0
[    9418ms] [ERROR] [Realtime] Failed to fetch initial events: {message: TypeError: Failed to fetch, details: TypeError: Failed to fetch
    at http://localhost…000/_next/static/chunks/src_0u9uvqa._.js:3564:45), hint: , code: } @ http://localhost:3000/_next/static/chunks/node_modules_next_dist_115brz8._.js:3272
[   10336ms] [ERROR] WebSocket connection to 'wss://placeholder.supabase.co/realtime/v1/websocket?apikey=placeholder_anon_key&vsn=2.0.0' failed: Error in connection establishment: net::ERR_NAME_NOT_RESOLVED @ http://localhost:3000/_next/static/chunks/node_modules_11dl34q._.js:9931
[   20362ms] [ERROR] WebSocket connection to 'wss://placeholder.supabase.co/realtime/v1/websocket?apikey=placeholder_anon_key&vsn=2.0.0' failed: Error in connection establishment: net::ERR_NAME_NOT_RESOLVED @ http://localhost:3000/_next/static/chunks/node_modules_11dl34q._.js:9931
[   22625ms] [ERROR] Cannot update a component (`%s`) while rendering a different component (`%s`). To locate the bad setState() call inside `%s`, follow the stack trace as described in https://react.dev/link/setstate-in-render PlaybackControls PlaybackControls PlaybackControls @ http://localhost:3000/_next/static/chunks/node_modules_next_dist_115brz8._.js:3272
[   22801ms] [LOG] [Fast Refresh] rebuilding @ http://localhost:3000/_next/static/chunks/node_modules_next_dist_115brz8._.js:2431
[   22804ms] [LOG] [Fast Refresh] done in 105ms @ http://localhost:3000/_next/static/chunks/node_modules_next_dist_115brz8._.js:2431
[   30396ms] [ERROR] WebSocket connection to 'wss://placeholder.supabase.co/realtime/v1/websocket?apikey=placeholder_anon_key&vsn=2.0.0' failed: Error in connection establishment: net::ERR_NAME_NOT_RESOLVED @ http://localhost:3000/_next/static/chunks/node_modules_11dl34q._.js:9931
[   32304ms] [LOG] [ImpactGlobe] Hovering: Federal Reserve Holds Rates Steady at 5.25-5.50% @ http://localhost:3000/_next/static/chunks/node_modules_next_dist_115brz8._.js:2431
[   32339ms] [LOG] [ImpactGlobe] Hovering: EU Imposes New Sanctions on Russian Energy Exports @ http://localhost:3000/_next/static/chunks/node_modules_next_dist_115brz8._.js:2431
[   40498ms] [ERROR] WebSocket connection to 'wss://placeholder.supabase.co/realtime/v1/websocket?apikey=placeholder_anon_key&vsn=2.0.0' failed: Error in connection establishment: net::ERR_NAME_NOT_RESOLVED @ http://localhost:3000/_next/static/chunks/node_modules_11dl34q._.js:9931
[   50522ms] [ERROR] WebSocket connection to 'wss://placeholder.supabase.co/realtime/v1/websocket?apikey=placeholder_anon_key&vsn=2.0.0' failed: Error in connection establishment: net::ERR_NAME_NOT_RESOLVED @ http://localhost:3000/_next/static/chunks/node_modules_11dl34q._.js:9931
[   60560ms] [ERROR] WebSocket connection to 'wss://placeholder.supabase.co/realtime/v1/websocket?apikey=placeholder_anon_key&vsn=2.0.0' failed: Error in connection establishment: net::ERR_NAME_NOT_RESOLVED @ http://localhost:3000/_next/static/chunks/node_modules_11dl34q._.js:9931
[   71951ms] [ERROR] WebSocket connection to 'wss://placeholder.supabase.co/realtime/v1/websocket?apikey=placeholder_anon_key&vsn=2.0.0' failed: Error in connection establishment: net::ERR_NAME_NOT_RESOLVED @ http://localhost:3000/_next/static/chunks/node_modules_11dl34q._.js:9931
[   81982ms] [ERROR] WebSocket connection to 'wss://placeholder.supabase.co/realtime/v1/websocket?apikey=placeholder_anon_key&vsn=2.0.0' failed: Error in connection establishment: net::ERR_NAME_NOT_RESOLVED @ http://localhost:3000/_next/static/chunks/node_modules_11dl34q._.js:9931
[   92024ms] [ERROR] WebSocket connection to 'wss://placeholder.supabase.co/realtime/v1/websocket?apikey=placeholder_anon_key&vsn=2.0.0' failed: Error in connection establishment: net::ERR_NAME_NOT_RESOLVED @ http://localhost:3000/_next/static/chunks/node_modules_11dl34q._.js:9931
[   92474ms] [LOG] [Fast Refresh] rebuilding @ http://localhost:3000/_next/static/chunks/node_modules_next_dist_115brz8._.js:2431
[   92560ms] [LOG] [Fast Refresh] done in 188ms @ http://localhost:3000/_next/static/chunks/node_modules_next_dist_115brz8._.js:2431
[   92665ms] [LOG] [Fast Refresh] rebuilding @ http://localhost:3000/_next/static/chunks/node_modules_next_dist_115brz8._.js:2431
[   92841ms] [LOG] [Fast Refresh] done in 257ms @ http://localhost:3000/_next/static/chunks/node_modules_next_dist_115brz8._.js:2431
[   93024ms] [LOG] [Fast Refresh] rebuilding @ http://localhost:3000/_next/static/chunks/node_modules_next_dist_115brz8._.js:2431
[   93261ms] [LOG] [Fast Refresh] done in 337ms @ http://localhost:3000/_next/static/chunks/node_modules_next_dist_115brz8._.js:2431
[  102450ms] [ERROR] WebSocket connection to 'wss://placeholder.supabase.co/realtime/v1/websocket?apikey=placeholder_anon_key&vsn=2.0.0' failed: Error in connection establishment: net::ERR_NAME_NOT_RESOLVED @ http://localhost:3000/_next/static/chunks/node_modules_11dl34q._.js:9931
[  112494ms] [ERROR] WebSocket connection to 'wss://placeholder.supabase.co/realtime/v1/websocket?apikey=placeholder_anon_key&vsn=2.0.0' failed: Error in connection establishment: net::ERR_NAME_NOT_RESOLVED @ http://localhost:3000/_next/static/chunks/node_modules_11dl34q._.js:9931
[  122543ms] [ERROR] WebSocket connection to 'wss://placeholder.supabase.co/realtime/v1/websocket?apikey=placeholder_anon_key&vsn=2.0.0' failed: Error in connection establishment: net::ERR_NAME_NOT_RESOLVED @ http://localhost:3000/_next/static/chunks/node_modules_11dl34q._.js:9931
[  132681ms] [ERROR] WebSocket connection to 'wss://placeholder.supabase.co/realtime/v1/websocket?apikey=placeholder_anon_key&vsn=2.0.0' failed: Error in connection establishment: net::ERR_NAME_NOT_RESOLVED @ http://localhost:3000/_next/static/chunks/node_modules_11dl34q._.js:9931
[  142763ms] [ERROR] WebSocket connection to 'wss://placeholder.supabase.co/realtime/v1/websocket?apikey=placeholder_anon_key&vsn=2.0.0' failed: Error in connection establishment: net::ERR_NAME_NOT_RESOLVED @ http://localhost:3000/_next/static/chunks/node_modules_11dl34q._.js:9931
[  152803ms] [ERROR] WebSocket connection to 'wss://placeholder.supabase.co/realtime/v1/websocket?apikey=placeholder_anon_key&vsn=2.0.0' failed: Error in connection establishment: net::ERR_NAME_NOT_RESOLVED @ http://localhost:3000/_next/static/chunks/node_modules_11dl34q._.js:9931
[  163110ms] [ERROR] WebSocket connection to 'wss://placeholder.supabase.co/realtime/v1/websocket?apikey=placeholder_anon_key&vsn=2.0.0' failed: Error in connection establishment: net::ERR_NAME_NOT_RESOLVED @ http://localhost:3000/_next/static/chunks/node_modules_11dl34q._.js:9931
[  173187ms] [ERROR] WebSocket connection to 'wss://placeholder.supabase.co/realtime/v1/websocket?apikey=placeholder_anon_key&vsn=2.0.0' failed: Error in connection establishment: net::ERR_NAME_NOT_RESOLVED @ http://localhost:3000/_next/static/chunks/node_modules_11dl34q._.js:9931
