[     136ms] [LOG] [Fast Refresh] rebuilding @ http://localhost:3000/_next/static/chunks/node_modules_next_dist_115brz8._.js:2431
[     325ms] [ERROR] WebSocket connection to 'wss://placeholder.supabase.co/realtime/v1/websocket?apikey=placeholder_anon_key&vsn=2.0.0' failed: Error in connection establishment: net::ERR_NAME_NOT_RESOLVED @ http://localhost:3000/_next/static/chunks/node_modules_11dl34q._.js:9931
[     470ms] [LOG] [Fast Refresh] done in 438ms @ http://localhost:3000/_next/static/chunks/node_modules_next_dist_115brz8._.js:2431
[     700ms] [INFO] %cDownload the React DevTools for a better development experience: https://react.dev/link/react-devtools font-weight:bold @ http://localhost:3000/_next/static/chunks/node_modules_next_dist_115brz8._.js:2431
[     795ms] [LOG] [HMR] connected @ http://localhost:3000/_next/static/chunks/node_modules_next_dist_115brz8._.js:2431
[     994ms] [LOG] [App] No events from Supabase, using mock data @ http://localhost:3000/_next/static/chunks/node_modules_next_dist_115brz8._.js:2431
[    1121ms] [ERROR] WebSocket connection to 'wss://placeholder.supabase.co/realtime/v1/websocket?apikey=placeholder_anon_key&vsn=2.0.0' failed: Error in connection establishment: net::ERR_NAME_NOT_RESOLVED @ http://localhost:3000/_next/static/chunks/node_modules_11dl34q._.js:9931
[    1127ms] [LOG] [Realtime] Subscription status: CHANNEL_ERROR @ http://localhost:3000/_next/static/chunks/node_modules_next_dist_115brz8._.js:2431
[    1827ms] [ERROR] Failed to load resource: net::ERR_NAME_NOT_RESOLVED @ https://placeholder.supabase.co/rest/v1/events?select=*&expires_at=gte.2026-04-28T08%3A06%3A55.397Z&order=published_at.desc:0
[    2176ms] [ERROR] WebSocket connection to 'wss://placeholder.supabase.co/realtime/v1/websocket?apikey=placeholder_anon_key&vsn=2.0.0' failed: Error in connection establishment: net::ERR_NAME_NOT_RESOLVED @ http://localhost:3000/_next/static/chunks/node_modules_11dl34q._.js:9931
[    2873ms] [ERROR] Failed to load resource: net::ERR_NAME_NOT_RESOLVED @ https://placeholder.supabase.co/rest/v1/events?select=*&expires_at=gte.2026-04-28T08%3A06%3A55.397Z&order=published_at.desc:0
[    4229ms] [ERROR] WebSocket connection to 'wss://placeholder.supabase.co/realtime/v1/websocket?apikey=placeholder_anon_key&vsn=2.0.0' failed: Error in connection establishment: net::ERR_NAME_NOT_RESOLVED @ http://localhost:3000/_next/static/chunks/node_modules_11dl34q._.js:9931
[    4932ms] [ERROR] Failed to load resource: net::ERR_NAME_NOT_RESOLVED @ https://placeholder.supabase.co/rest/v1/events?select=*&expires_at=gte.2026-04-28T08%3A06%3A55.397Z&order=published_at.desc:0
[    8974ms] [ERROR] Failed to load resource: net::ERR_NAME_NOT_RESOLVED @ https://placeholder.supabase.co/rest/v1/events?select=*&expires_at=gte.2026-04-28T08%3A06%3A55.397Z&order=published_at.desc:0
[    8978ms] [ERROR] [Realtime] Failed to fetch initial events: {message: TypeError: Failed to fetch, details: TypeError: Failed to fetch
    at http://localhost…000/_next/static/chunks/src_0u9uvqa._.js:3569:45), hint: , code: } @ http://localhost:3000/_next/static/chunks/node_modules_next_dist_115brz8._.js:3272
[    9269ms] [ERROR] WebSocket connection to 'wss://placeholder.supabase.co/realtime/v1/websocket?apikey=placeholder_anon_key&vsn=2.0.0' failed: Error in connection establishment: net::ERR_NAME_NOT_RESOLVED @ http://localhost:3000/_next/static/chunks/node_modules_11dl34q._.js:9931
[   19379ms] [ERROR] WebSocket connection to 'wss://placeholder.supabase.co/realtime/v1/websocket?apikey=placeholder_anon_key&vsn=2.0.0' failed: Error in connection establishment: net::ERR_NAME_NOT_RESOLVED @ http://localhost:3000/_next/static/chunks/node_modules_11dl34q._.js:9931
[   29426ms] [ERROR] WebSocket connection to 'wss://placeholder.supabase.co/realtime/v1/websocket?apikey=placeholder_anon_key&vsn=2.0.0' failed: Error in connection establishment: net::ERR_NAME_NOT_RESOLVED @ http://localhost:3000/_next/static/chunks/node_modules_11dl34q._.js:9931
[   39502ms] [ERROR] WebSocket connection to 'wss://placeholder.supabase.co/realtime/v1/websocket?apikey=placeholder_anon_key&vsn=2.0.0' failed: Error in connection establishment: net::ERR_NAME_NOT_RESOLVED @ http://localhost:3000/_next/static/chunks/node_modules_11dl34q._.js:9931
[   49651ms] [ERROR] WebSocket connection to 'wss://placeholder.supabase.co/realtime/v1/websocket?apikey=placeholder_anon_key&vsn=2.0.0' failed: Error in connection establishment: net::ERR_NAME_NOT_RESOLVED @ http://localhost:3000/_next/static/chunks/node_modules_11dl34q._.js:9931
[   59712ms] [ERROR] WebSocket connection to 'wss://placeholder.supabase.co/realtime/v1/websocket?apikey=placeholder_anon_key&vsn=2.0.0' failed: Error in connection establishment: net::ERR_NAME_NOT_RESOLVED @ http://localhost:3000/_next/static/chunks/node_modules_11dl34q._.js:9931
[   69767ms] [ERROR] WebSocket connection to 'wss://placeholder.supabase.co/realtime/v1/websocket?apikey=placeholder_anon_key&vsn=2.0.0' failed: Error in connection establishment: net::ERR_NAME_NOT_RESOLVED @ http://localhost:3000/_next/static/chunks/node_modules_11dl34q._.js:9931
[   79879ms] [ERROR] WebSocket connection to 'wss://placeholder.supabase.co/realtime/v1/websocket?apikey=placeholder_anon_key&vsn=2.0.0' failed: Error in connection establishment: net::ERR_NAME_NOT_RESOLVED @ http://localhost:3000/_next/static/chunks/node_modules_11dl34q._.js:9931
