[     600ms] [INFO] %cDownload the React DevTools for a better development experience: https://react.dev/link/react-devtools font-weight:bold @ http://localhost:3000/_next/static/chunks/node_modules_next_dist_115brz8._.js:2431
[     675ms] [LOG] [HMR] connected @ http://localhost:3000/_next/static/chunks/node_modules_next_dist_115brz8._.js:2431
[   19988ms] [LOG] [ImpactGlobe] Hovering: Federal Reserve Holds Rates Steady at 5.25-5.50% @ http://localhost:3000/_next/static/chunks/node_modules_next_dist_115brz8._.js:2431
[   20027ms] [LOG] [ImpactGlobe] Hovering: EU Imposes New Sanctions on Russian Energy Exports @ http://localhost:3000/_next/static/chunks/node_modules_next_dist_115brz8._.js:2431
[   29335ms] [LOG] [ImpactGlobe] Hovering: Japan GDP Contracts 0.5% in Q1 — Recession Fears Mount @ http://localhost:3000/_next/static/chunks/node_modules_next_dist_115brz8._.js:2431
[   76486ms] [LOG] [ImpactGlobe] Hovering: Taiwan Strait Tensions Escalate After Military Drills @ http://localhost:3000/_next/static/chunks/node_modules_next_dist_115brz8._.js:2431
[  100443ms] [LOG] [ImpactGlobe] Hovering: Japan GDP Contracts 0.5% in Q1 — Recession Fears Mount @ http://localhost:3000/_next/static/chunks/node_modules_next_dist_115brz8._.js:2431
[  100461ms] [LOG] [ImpactGlobe] Hovering: Japan GDP Contracts 0.5% in Q1 — Recession Fears Mount @ http://localhost:3000/_next/static/chunks/node_modules_next_dist_115brz8._.js:2431
[  100479ms] [LOG] [ImpactGlobe] Hovering: Japan GDP Contracts 0.5% in Q1 — Recession Fears Mount @ http://localhost:3000/_next/static/chunks/node_modules_next_dist_115brz8._.js:2431
[  100498ms] [LOG] [ImpactGlobe] Hovering: Japan GDP Contracts 0.5% in Q1 — Recession Fears Mount @ http://localhost:3000/_next/static/chunks/node_modules_next_dist_115brz8._.js:2431
[  100517ms] [LOG] [ImpactGlobe] Hovering: Japan GDP Contracts 0.5% in Q1 — Recession Fears Mount @ http://localhost:3000/_next/static/chunks/node_modules_next_dist_115brz8._.js:2431
[  100539ms] [LOG] [ImpactGlobe] Hovering: Japan GDP Contracts 0.5% in Q1 — Recession Fears Mount @ http://localhost:3000/_next/static/chunks/node_modules_next_dist_115brz8._.js:2431
[  100559ms] [LOG] [ImpactGlobe] Hovering: Japan GDP Contracts 0.5% in Q1 — Recession Fears Mount @ http://localhost:3000/_next/static/chunks/node_modules_next_dist_115brz8._.js:2431
[  100577ms] [LOG] [ImpactGlobe] Hovering: Japan GDP Contracts 0.5% in Q1 — Recession Fears Mount @ http://localhost:3000/_next/static/chunks/node_modules_next_dist_115brz8._.js:2431
[  100595ms] [LOG] [ImpactGlobe] Hovering: Japan GDP Contracts 0.5% in Q1 — Recession Fears Mount @ http://localhost:3000/_next/static/chunks/node_modules_next_dist_115brz8._.js:2431
[  100614ms] [LOG] [ImpactGlobe] Hovering: Japan GDP Contracts 0.5% in Q1 — Recession Fears Mount @ http://localhost:3000/_next/static/chunks/node_modules_next_dist_115brz8._.js:2431
[  100631ms] [LOG] [ImpactGlobe] Hovering: Japan GDP Contracts 0.5% in Q1 — Recession Fears Mount @ http://localhost:3000/_next/static/chunks/node_modules_next_dist_115brz8._.js:2431
[  100650ms] [LOG] [ImpactGlobe] Hovering: Japan GDP Contracts 0.5% in Q1 — Recession Fears Mount @ http://localhost:3000/_next/static/chunks/node_modules_next_dist_115brz8._.js:2431
[  100669ms] [LOG] [ImpactGlobe] Hovering: Japan GDP Contracts 0.5% in Q1 — Recession Fears Mount @ http://localhost:3000/_next/static/chunks/node_modules_next_dist_115brz8._.js:2431
[  100690ms] [LOG] [ImpactGlobe] Hovering: Japan GDP Contracts 0.5% in Q1 — Recession Fears Mount @ http://localhost:3000/_next/static/chunks/node_modules_next_dist_115brz8._.js:2431
[  100711ms] [LOG] [ImpactGlobe] Hovering: Japan GDP Contracts 0.5% in Q1 — Recession Fears Mount @ http://localhost:3000/_next/static/chunks/node_modules_next_dist_115brz8._.js:2431
[  100729ms] [LOG] [ImpactGlobe] Hovering: Japan GDP Contracts 0.5% in Q1 — Recession Fears Mount @ http://localhost:3000/_next/static/chunks/node_modules_next_dist_115brz8._.js:2431
[  100748ms] [LOG] [ImpactGlobe] Hovering: Japan GDP Contracts 0.5% in Q1 — Recession Fears Mount @ http://localhost:3000/_next/static/chunks/node_modules_next_dist_115brz8._.js:2431
[  100766ms] [LOG] [ImpactGlobe] Hovering: Japan GDP Contracts 0.5% in Q1 — Recession Fears Mount @ http://localhost:3000/_next/static/chunks/node_modules_next_dist_115brz8._.js:2431
[  100784ms] [LOG] [ImpactGlobe] Hovering: Japan GDP Contracts 0.5% in Q1 — Recession Fears Mount @ http://localhost:3000/_next/static/chunks/node_modules_next_dist_115brz8._.js:2431
[  100804ms] [LOG] [ImpactGlobe] Hovering: Japan GDP Contracts 0.5% in Q1 — Recession Fears Mount @ http://localhost:3000/_next/static/chunks/node_modules_next_dist_115brz8._.js:2431
[  100822ms] [LOG] [ImpactGlobe] Hovering: Japan GDP Contracts 0.5% in Q1 — Recession Fears Mount @ http://localhost:3000/_next/static/chunks/node_modules_next_dist_115brz8._.js:2431
[  100838ms] [LOG] [ImpactGlobe] Hovering: Japan GDP Contracts 0.5% in Q1 — Recession Fears Mount @ http://localhost:3000/_next/static/chunks/node_modules_next_dist_115brz8._.js:2431
[  100856ms] [LOG] [ImpactGlobe] Hovering: Japan GDP Contracts 0.5% in Q1 — Recession Fears Mount @ http://localhost:3000/_next/static/chunks/node_modules_next_dist_115brz8._.js:2431
[  100874ms] [LOG] [ImpactGlobe] Hovering: Japan GDP Contracts 0.5% in Q1 — Recession Fears Mount @ http://localhost:3000/_next/static/chunks/node_modules_next_dist_115brz8._.js:2431
[  100894ms] [LOG] [ImpactGlobe] Hovering: Japan GDP Contracts 0.5% in Q1 — Recession Fears Mount @ http://localhost:3000/_next/static/chunks/node_modules_next_dist_115brz8._.js:2431
[  100912ms] [LOG] [ImpactGlobe] Hovering: Japan GDP Contracts 0.5% in Q1 — Recession Fears Mount @ http://localhost:3000/_next/static/chunks/node_modules_next_dist_115brz8._.js:2431
[  100930ms] [LOG] [ImpactGlobe] Hovering: Japan GDP Contracts 0.5% in Q1 — Recession Fears Mount @ http://localhost:3000/_next/static/chunks/node_modules_next_dist_115brz8._.js:2431
[  100948ms] [LOG] [ImpactGlobe] Hovering: Japan GDP Contracts 0.5% in Q1 — Recession Fears Mount @ http://localhost:3000/_next/static/chunks/node_modules_next_dist_115brz8._.js:2431
[  100966ms] [LOG] [ImpactGlobe] Hovering: Japan GDP Contracts 0.5% in Q1 — Recession Fears Mount @ http://localhost:3000/_next/static/chunks/node_modules_next_dist_115brz8._.js:2431
[  100984ms] [LOG] [ImpactGlobe] Hovering: Japan GDP Contracts 0.5% in Q1 — Recession Fears Mount @ http://localhost:3000/_next/static/chunks/node_modules_next_dist_115brz8._.js:2431
[  101002ms] [LOG] [ImpactGlobe] Hovering: Japan GDP Contracts 0.5% in Q1 — Recession Fears Mount @ http://localhost:3000/_next/static/chunks/node_modules_next_dist_115brz8._.js:2431
[  101021ms] [LOG] [ImpactGlobe] Hovering: Japan GDP Contracts 0.5% in Q1 — Recession Fears Mount @ http://localhost:3000/_next/static/chunks/node_modules_next_dist_115brz8._.js:2431
[  101041ms] [LOG] [ImpactGlobe] Hovering: Japan GDP Contracts 0.5% in Q1 — Recession Fears Mount @ http://localhost:3000/_next/static/chunks/node_modules_next_dist_115brz8._.js:2431
[  101066ms] [LOG] [ImpactGlobe] Hovering: Japan GDP Contracts 0.5% in Q1 — Recession Fears Mount @ http://localhost:3000/_next/static/chunks/node_modules_next_dist_115brz8._.js:2431
[  101082ms] [LOG] [ImpactGlobe] Hovering: Japan GDP Contracts 0.5% in Q1 — Recession Fears Mount @ http://localhost:3000/_next/static/chunks/node_modules_next_dist_115brz8._.js:2431
[  101100ms] [LOG] [ImpactGlobe] Hovering: Japan GDP Contracts 0.5% in Q1 — Recession Fears Mount @ http://localhost:3000/_next/static/chunks/node_modules_next_dist_115brz8._.js:2431
[  101117ms] [LOG] [ImpactGlobe] Hovering: Japan GDP Contracts 0.5% in Q1 — Recession Fears Mount @ http://localhost:3000/_next/static/chunks/node_modules_next_dist_115brz8._.js:2431
[  101135ms] [LOG] [ImpactGlobe] Hovering: Japan GDP Contracts 0.5% in Q1 — Recession Fears Mount @ http://localhost:3000/_next/static/chunks/node_modules_next_dist_115brz8._.js:2431
[  101154ms] [LOG] [ImpactGlobe] Hovering: Japan GDP Contracts 0.5% in Q1 — Recession Fears Mount @ http://localhost:3000/_next/static/chunks/node_modules_next_dist_115brz8._.js:2431
[  101173ms] [LOG] [ImpactGlobe] Hovering: Japan GDP Contracts 0.5% in Q1 — Recession Fears Mount @ http://localhost:3000/_next/static/chunks/node_modules_next_dist_115brz8._.js:2431
[  101191ms] [LOG] [ImpactGlobe] Hovering: Japan GDP Contracts 0.5% in Q1 — Recession Fears Mount @ http://localhost:3000/_next/static/chunks/node_modules_next_dist_115brz8._.js:2431
[  101209ms] [LOG] [ImpactGlobe] Hovering: Japan GDP Contracts 0.5% in Q1 — Recession Fears Mount @ http://localhost:3000/_next/static/chunks/node_modules_next_dist_115brz8._.js:2431
[  101227ms] [LOG] [ImpactGlobe] Hovering: Japan GDP Contracts 0.5% in Q1 — Recession Fears Mount @ http://localhost:3000/_next/static/chunks/node_modules_next_dist_115brz8._.js:2431
[  101245ms] [LOG] [ImpactGlobe] Hovering: Japan GDP Contracts 0.5% in Q1 — Recession Fears Mount @ http://localhost:3000/_next/static/chunks/node_modules_next_dist_115brz8._.js:2431
[  101267ms] [LOG] [ImpactGlobe] Hovering: Japan GDP Contracts 0.5% in Q1 — Recession Fears Mount @ http://localhost:3000/_next/static/chunks/node_modules_next_dist_115brz8._.js:2431
[  101285ms] [LOG] [ImpactGlobe] Hovering: Japan GDP Contracts 0.5% in Q1 — Recession Fears Mount @ http://localhost:3000/_next/static/chunks/node_modules_next_dist_115brz8._.js:2431
[  101300ms] [LOG] [ImpactGlobe] Hovering: Japan GDP Contracts 0.5% in Q1 — Recession Fears Mount @ http://localhost:3000/_next/static/chunks/node_modules_next_dist_115brz8._.js:2431
[  101318ms] [LOG] [ImpactGlobe] Hovering: Japan GDP Contracts 0.5% in Q1 — Recession Fears Mount @ http://localhost:3000/_next/static/chunks/node_modules_next_dist_115brz8._.js:2431
[  101336ms] [LOG] [ImpactGlobe] Hovering: Japan GDP Contracts 0.5% in Q1 — Recession Fears Mount @ http://localhost:3000/_next/static/chunks/node_modules_next_dist_115brz8._.js:2431
[  101356ms] [LOG] [ImpactGlobe] Hovering: Japan GDP Contracts 0.5% in Q1 — Recession Fears Mount @ http://localhost:3000/_next/static/chunks/node_modules_next_dist_115brz8._.js:2431
[  101373ms] [LOG] [ImpactGlobe] Hovering: Japan GDP Contracts 0.5% in Q1 — Recession Fears Mount @ http://localhost:3000/_next/static/chunks/node_modules_next_dist_115brz8._.js:2431
[  101391ms] [LOG] [ImpactGlobe] Hovering: Japan GDP Contracts 0.5% in Q1 — Recession Fears Mount @ http://localhost:3000/_next/static/chunks/node_modules_next_dist_115brz8._.js:2431
[  101411ms] [LOG] [ImpactGlobe] Hovering: Japan GDP Contracts 0.5% in Q1 — Recession Fears Mount @ http://localhost:3000/_next/static/chunks/node_modules_next_dist_115brz8._.js:2431
[  101434ms] [LOG] [ImpactGlobe] Hovering: Japan GDP Contracts 0.5% in Q1 — Recession Fears Mount @ http://localhost:3000/_next/static/chunks/node_modules_next_dist_115brz8._.js:2431
[  101451ms] [LOG] [ImpactGlobe] Hovering: Japan GDP Contracts 0.5% in Q1 — Recession Fears Mount @ http://localhost:3000/_next/static/chunks/node_modules_next_dist_115brz8._.js:2431
[  101469ms] [LOG] [ImpactGlobe] Hovering: Japan GDP Contracts 0.5% in Q1 — Recession Fears Mount @ http://localhost:3000/_next/static/chunks/node_modules_next_dist_115brz8._.js:2431
[  101488ms] [LOG] [ImpactGlobe] Hovering: Japan GDP Contracts 0.5% in Q1 — Recession Fears Mount @ http://localhost:3000/_next/static/chunks/node_modules_next_dist_115brz8._.js:2431
[  101506ms] [LOG] [ImpactGlobe] Hovering: Japan GDP Contracts 0.5% in Q1 — Recession Fears Mount @ http://localhost:3000/_next/static/chunks/node_modules_next_dist_115brz8._.js:2431
[  101524ms] [LOG] [ImpactGlobe] Hovering: Japan GDP Contracts 0.5% in Q1 — Recession Fears Mount @ http://localhost:3000/_next/static/chunks/node_modules_next_dist_115brz8._.js:2431
[  101543ms] [LOG] [ImpactGlobe] Hovering: Japan GDP Contracts 0.5% in Q1 — Recession Fears Mount @ http://localhost:3000/_next/static/chunks/node_modules_next_dist_115brz8._.js:2431
[  101560ms] [LOG] [ImpactGlobe] Hovering: Japan GDP Contracts 0.5% in Q1 — Recession Fears Mount @ http://localhost:3000/_next/static/chunks/node_modules_next_dist_115brz8._.js:2431
[  101579ms] [LOG] [ImpactGlobe] Hovering: Japan GDP Contracts 0.5% in Q1 — Recession Fears Mount @ http://localhost:3000/_next/static/chunks/node_modules_next_dist_115brz8._.js:2431
[  101597ms] [LOG] [ImpactGlobe] Hovering: Japan GDP Contracts 0.5% in Q1 — Recession Fears Mount @ http://localhost:3000/_next/static/chunks/node_modules_next_dist_115brz8._.js:2431
[  101615ms] [LOG] [ImpactGlobe] Hovering: Japan GDP Contracts 0.5% in Q1 — Recession Fears Mount @ http://localhost:3000/_next/static/chunks/node_modules_next_dist_115brz8._.js:2431
[  101633ms] [LOG] [ImpactGlobe] Hovering: Japan GDP Contracts 0.5% in Q1 — Recession Fears Mount @ http://localhost:3000/_next/static/chunks/node_modules_next_dist_115brz8._.js:2431
[  101651ms] [LOG] [ImpactGlobe] Hovering: Japan GDP Contracts 0.5% in Q1 — Recession Fears Mount @ http://localhost:3000/_next/static/chunks/node_modules_next_dist_115brz8._.js:2431
[  101670ms] [LOG] [ImpactGlobe] Hovering: Japan GDP Contracts 0.5% in Q1 — Recession Fears Mount @ http://localhost:3000/_next/static/chunks/node_modules_next_dist_115brz8._.js:2431
[  101688ms] [LOG] [ImpactGlobe] Hovering: Japan GDP Contracts 0.5% in Q1 — Recession Fears Mount @ http://localhost:3000/_next/static/chunks/node_modules_next_dist_115brz8._.js:2431
[  101706ms] [LOG] [ImpactGlobe] Hovering: Japan GDP Contracts 0.5% in Q1 — Recession Fears Mount @ http://localhost:3000/_next/static/chunks/node_modules_next_dist_115brz8._.js:2431
[  101724ms] [LOG] [ImpactGlobe] Hovering: Japan GDP Contracts 0.5% in Q1 — Recession Fears Mount @ http://localhost:3000/_next/static/chunks/node_modules_next_dist_115brz8._.js:2431
[  101743ms] [LOG] [ImpactGlobe] Hovering: Japan GDP Contracts 0.5% in Q1 — Recession Fears Mount @ http://localhost:3000/_next/static/chunks/node_modules_next_dist_115brz8._.js:2431
[  101761ms] [LOG] [ImpactGlobe] Hovering: Japan GDP Contracts 0.5% in Q1 — Recession Fears Mount @ http://localhost:3000/_next/static/chunks/node_modules_next_dist_115brz8._.js:2431
[  101779ms] [LOG] [ImpactGlobe] Hovering: Japan GDP Contracts 0.5% in Q1 — Recession Fears Mount @ http://localhost:3000/_next/static/chunks/node_modules_next_dist_115brz8._.js:2431
[  101799ms] [LOG] [ImpactGlobe] Hovering: Japan GDP Contracts 0.5% in Q1 — Recession Fears Mount @ http://localhost:3000/_next/static/chunks/node_modules_next_dist_115brz8._.js:2431
[  101819ms] [LOG] [ImpactGlobe] Hovering: Japan GDP Contracts 0.5% in Q1 — Recession Fears Mount @ http://localhost:3000/_next/static/chunks/node_modules_next_dist_115brz8._.js:2431
[  101837ms] [LOG] [ImpactGlobe] Hovering: Japan GDP Contracts 0.5% in Q1 — Recession Fears Mount @ http://localhost:3000/_next/static/chunks/node_modules_next_dist_115brz8._.js:2431
[  101852ms] [LOG] [ImpactGlobe] Hovering: Japan GDP Contracts 0.5% in Q1 — Recession Fears Mount @ http://localhost:3000/_next/static/chunks/node_modules_next_dist_115brz8._.js:2431
[  101871ms] [LOG] [ImpactGlobe] Hovering: Japan GDP Contracts 0.5% in Q1 — Recession Fears Mount @ http://localhost:3000/_next/static/chunks/node_modules_next_dist_115brz8._.js:2431
[  101888ms] [LOG] [ImpactGlobe] Hovering: Japan GDP Contracts 0.5% in Q1 — Recession Fears Mount @ http://localhost:3000/_next/static/chunks/node_modules_next_dist_115brz8._.js:2431
[  101907ms] [LOG] [ImpactGlobe] Hovering: Japan GDP Contracts 0.5% in Q1 — Recession Fears Mount @ http://localhost:3000/_next/static/chunks/node_modules_next_dist_115brz8._.js:2431
[  101925ms] [LOG] [ImpactGlobe] Hovering: Japan GDP Contracts 0.5% in Q1 — Recession Fears Mount @ http://localhost:3000/_next/static/chunks/node_modules_next_dist_115brz8._.js:2431
[  101943ms] [LOG] [ImpactGlobe] Hovering: Japan GDP Contracts 0.5% in Q1 — Recession Fears Mount @ http://localhost:3000/_next/static/chunks/node_modules_next_dist_115brz8._.js:2431
[  101963ms] [LOG] [ImpactGlobe] Hovering: Japan GDP Contracts 0.5% in Q1 — Recession Fears Mount @ http://localhost:3000/_next/static/chunks/node_modules_next_dist_115brz8._.js:2431
[  101983ms] [LOG] [ImpactGlobe] Hovering: Japan GDP Contracts 0.5% in Q1 — Recession Fears Mount @ http://localhost:3000/_next/static/chunks/node_modules_next_dist_115brz8._.js:2431
[  102000ms] [LOG] [ImpactGlobe] Hovering: Japan GDP Contracts 0.5% in Q1 — Recession Fears Mount @ http://localhost:3000/_next/static/chunks/node_modules_next_dist_115brz8._.js:2431
[  102016ms] [LOG] [ImpactGlobe] Hovering: Japan GDP Contracts 0.5% in Q1 — Recession Fears Mount @ http://localhost:3000/_next/static/chunks/node_modules_next_dist_115brz8._.js:2431
[  102034ms] [LOG] [ImpactGlobe] Hovering: Japan GDP Contracts 0.5% in Q1 — Recession Fears Mount @ http://localhost:3000/_next/static/chunks/node_modules_next_dist_115brz8._.js:2431
[  102053ms] [LOG] [ImpactGlobe] Hovering: Japan GDP Contracts 0.5% in Q1 — Recession Fears Mount @ http://localhost:3000/_next/static/chunks/node_modules_next_dist_115brz8._.js:2431
[  102073ms] [LOG] [ImpactGlobe] Hovering: Japan GDP Contracts 0.5% in Q1 — Recession Fears Mount @ http://localhost:3000/_next/static/chunks/node_modules_next_dist_115brz8._.js:2431
[  102089ms] [LOG] [ImpactGlobe] Hovering: Japan GDP Contracts 0.5% in Q1 — Recession Fears Mount @ http://localhost:3000/_next/static/chunks/node_modules_next_dist_115brz8._.js:2431
[  102107ms] [LOG] [ImpactGlobe] Hovering: Japan GDP Contracts 0.5% in Q1 — Recession Fears Mount @ http://localhost:3000/_next/static/chunks/node_modules_next_dist_115brz8._.js:2431
[  102125ms] [LOG] [ImpactGlobe] Hovering: Japan GDP Contracts 0.5% in Q1 — Recession Fears Mount @ http://localhost:3000/_next/static/chunks/node_modules_next_dist_115brz8._.js:2431
[  102144ms] [LOG] [ImpactGlobe] Hovering: Japan GDP Contracts 0.5% in Q1 — Recession Fears Mount @ http://localhost:3000/_next/static/chunks/node_modules_next_dist_115brz8._.js:2431
[  102164ms] [LOG] [ImpactGlobe] Hovering: Japan GDP Contracts 0.5% in Q1 — Recession Fears Mount @ http://localhost:3000/_next/static/chunks/node_modules_next_dist_115brz8._.js:2431
[  102180ms] [LOG] [ImpactGlobe] Hovering: Japan GDP Contracts 0.5% in Q1 — Recession Fears Mount @ http://localhost:3000/_next/static/chunks/node_modules_next_dist_115brz8._.js:2431
[  102198ms] [LOG] [ImpactGlobe] Hovering: Japan GDP Contracts 0.5% in Q1 — Recession Fears Mount @ http://localhost:3000/_next/static/chunks/node_modules_next_dist_115brz8._.js:2431
[  102224ms] [LOG] [ImpactGlobe] Hovering: Japan GDP Contracts 0.5% in Q1 — Recession Fears Mount @ http://localhost:3000/_next/static/chunks/node_modules_next_dist_115brz8._.js:2431
[  102241ms] [LOG] [ImpactGlobe] Hovering: Japan GDP Contracts 0.5% in Q1 — Recession Fears Mount @ http://localhost:3000/_next/static/chunks/node_modules_next_dist_115brz8._.js:2431
[  102259ms] [LOG] [ImpactGlobe] Hovering: Japan GDP Contracts 0.5% in Q1 — Recession Fears Mount @ http://localhost:3000/_next/static/chunks/node_modules_next_dist_115brz8._.js:2431
[  102277ms] [LOG] [ImpactGlobe] Hovering: Japan GDP Contracts 0.5% in Q1 — Recession Fears Mount @ http://localhost:3000/_next/static/chunks/node_modules_next_dist_115brz8._.js:2431
[  102296ms] [LOG] [ImpactGlobe] Hovering: Japan GDP Contracts 0.5% in Q1 — Recession Fears Mount @ http://localhost:3000/_next/static/chunks/node_modules_next_dist_115brz8._.js:2431
[  102313ms] [LOG] [ImpactGlobe] Hovering: Japan GDP Contracts 0.5% in Q1 — Recession Fears Mount @ http://localhost:3000/_next/static/chunks/node_modules_next_dist_115brz8._.js:2431
[  102334ms] [LOG] [ImpactGlobe] Hovering: Japan GDP Contracts 0.5% in Q1 — Recession Fears Mount @ http://localhost:3000/_next/static/chunks/node_modules_next_dist_115brz8._.js:2431
[  102351ms] [LOG] [ImpactGlobe] Hovering: Japan GDP Contracts 0.5% in Q1 — Recession Fears Mount @ http://localhost:3000/_next/static/chunks/node_modules_next_dist_115brz8._.js:2431
[  102369ms] [LOG] [ImpactGlobe] Hovering: Japan GDP Contracts 0.5% in Q1 — Recession Fears Mount @ http://localhost:3000/_next/static/chunks/node_modules_next_dist_115brz8._.js:2431
[  102386ms] [LOG] [ImpactGlobe] Hovering: Japan GDP Contracts 0.5% in Q1 — Recession Fears Mount @ http://localhost:3000/_next/static/chunks/node_modules_next_dist_115brz8._.js:2431
[  102404ms] [LOG] [ImpactGlobe] Hovering: Japan GDP Contracts 0.5% in Q1 — Recession Fears Mount @ http://localhost:3000/_next/static/chunks/node_modules_next_dist_115brz8._.js:2431
[  102424ms] [LOG] [ImpactGlobe] Hovering: Japan GDP Contracts 0.5% in Q1 — Recession Fears Mount @ http://localhost:3000/_next/static/chunks/node_modules_next_dist_115brz8._.js:2431
[  102441ms] [LOG] [ImpactGlobe] Hovering: Japan GDP Contracts 0.5% in Q1 — Recession Fears Mount @ http://localhost:3000/_next/static/chunks/node_modules_next_dist_115brz8._.js:2431
