[     120ms] [LOG] [Fast Refresh] rebuilding @ http://localhost:3000/_next/static/chunks/node_modules_next_dist_115brz8._.js:2431
[     318ms] [LOG] [Fast Refresh] done in 301ms @ http://localhost:3000/_next/static/chunks/node_modules_next_dist_115brz8._.js:2431
[     455ms] [INFO] %cDownload the React DevTools for a better development experience: https://react.dev/link/react-devtools font-weight:bold @ http://localhost:3000/_next/static/chunks/node_modules_next_dist_115brz8._.js:2431
[     484ms] [LOG] [HMR] connected @ http://localhost:3000/_next/static/chunks/node_modules_next_dist_115brz8._.js:2431
[     488ms] [WARNING] %c%s%c [33m[1m⚠[22m[39m Unsupported metadata viewport is configured in metadata export in /. Please move it to viewport export instead.
Read more: https://nextjs.org/docs/app/api-reference/functions/generate-viewport background: #e6e6e6;background: light-dark(rgba(0,0,0,0.1), rgba(255,255,255,0.25));color: #000000;color: light-dark(#000000, #ffffff);border-radius: 2px  Server   @ http://localhost:3000/_next/static/chunks/node_modules_next_dist_115brz8._.js:2431
[     598ms] [LOG] [useEnvLayer] Data received: {layerType: none, hasData: false, data: undefined} @ http://localhost:3000/_next/static/chunks/node_modules_next_dist_115brz8._.js:2431
[     600ms] [LOG] [App] envLayerData updated: null @ http://localhost:3000/_next/static/chunks/node_modules_next_dist_115brz8._.js:2431
[     601ms] [LOG] [App] No events from Supabase, using mock data for development @ http://localhost:3000/_next/static/chunks/node_modules_next_dist_115brz8._.js:2431
[     694ms] [LOG] [Fast Refresh] rebuilding @ http://localhost:3000/_next/static/chunks/node_modules_next_dist_115brz8._.js:2431
[     740ms] [LOG] [Fast Refresh] done in 159ms @ http://localhost:3000/_next/static/chunks/node_modules_next_dist_115brz8._.js:2431
[     768ms] [WARNING] %c%s%c [33m[1m⚠[22m[39m Unsupported metadata viewport is configured in metadata export in /. Please move it to viewport export instead.
Read more: https://nextjs.org/docs/app/api-reference/functions/generate-viewport background: #e6e6e6;background: light-dark(rgba(0,0,0,0.1), rgba(255,255,255,0.25));color: #000000;color: light-dark(#000000, #ffffff);border-radius: 2px  Server   @ http://localhost:3000/_next/static/chunks/node_modules_next_dist_115brz8._.js:2431
[    1084ms] [LOG] [Fast Refresh] rebuilding @ http://localhost:3000/_next/static/chunks/node_modules_next_dist_115brz8._.js:2431
[    1090ms] [LOG] [Fast Refresh] done in 264ms @ http://localhost:3000/_next/static/chunks/node_modules_next_dist_115brz8._.js:2431
[    1194ms] [WARNING] %c%s%c [33m[1m⚠[22m[39m Unsupported metadata viewport is configured in metadata export in /. Please move it to viewport export instead.
Read more: https://nextjs.org/docs/app/api-reference/functions/generate-viewport background: #e6e6e6;background: light-dark(rgba(0,0,0,0.1), rgba(255,255,255,0.25));color: #000000;color: light-dark(#000000, #ffffff);border-radius: 2px  Server   @ http://localhost:3000/_next/static/chunks/node_modules_next_dist_115brz8._.js:2431
[    1523ms] [LOG] [Realtime] Loaded 0 initial events @ http://localhost:3000/_next/static/chunks/node_modules_next_dist_115brz8._.js:2431
[    1543ms] [LOG] [App] No events from Supabase, using mock data for development @ http://localhost:3000/_next/static/chunks/node_modules_next_dist_115brz8._.js:2431
[    1613ms] [LOG] [Realtime] Subscription status: SUBSCRIBED @ http://localhost:3000/_next/static/chunks/node_modules_next_dist_115brz8._.js:2431
[    5686ms] [LOG] [Fast Refresh] rebuilding @ http://localhost:3000/_next/static/chunks/node_modules_next_dist_115brz8._.js:2431
[    5849ms] [LOG] [Fast Refresh] done in 270ms @ http://localhost:3000/_next/static/chunks/node_modules_next_dist_115brz8._.js:2431
[    5966ms] [LOG] [Fast Refresh] rebuilding @ http://localhost:3000/_next/static/chunks/node_modules_next_dist_115brz8._.js:2431
[    6106ms] [WARNING] %c%s%c [33m[1m⚠[22m[39m Unsupported metadata viewport is configured in metadata export in /. Please move it to viewport export instead.
Read more: https://nextjs.org/docs/app/api-reference/functions/generate-viewport background: #e6e6e6;background: light-dark(rgba(0,0,0,0.1), rgba(255,255,255,0.25));color: #000000;color: light-dark(#000000, #ffffff);border-radius: 2px  Server   @ http://localhost:3000/_next/static/chunks/node_modules_next_dist_115brz8._.js:2431
[    6107ms] [LOG] [Fast Refresh] done in 244ms @ http://localhost:3000/_next/static/chunks/node_modules_next_dist_115brz8._.js:2431
[   12275ms] [LOG] [Fast Refresh] rebuilding @ http://localhost:3000/_next/static/chunks/node_modules_next_dist_115brz8._.js:2431
[   12600ms] [LOG] [Fast Refresh] done in 426ms @ http://localhost:3000/_next/static/chunks/node_modules_next_dist_115brz8._.js:2431
[   16487ms] [LOG] [Fast Refresh] rebuilding @ http://localhost:3000/_next/static/chunks/node_modules_next_dist_115brz8._.js:2431
[   16664ms] [WARNING] %c%s%c [33m[1m⚠[22m[39m Unsupported metadata viewport is configured in metadata export in /. Please move it to viewport export instead.
Read more: https://nextjs.org/docs/app/api-reference/functions/generate-viewport background: #e6e6e6;background: light-dark(rgba(0,0,0,0.1), rgba(255,255,255,0.25));color: #000000;color: light-dark(#000000, #ffffff);border-radius: 2px  Server   @ http://localhost:3000/_next/static/chunks/node_modules_next_dist_115brz8._.js:2431
[   16666ms] [LOG] [Fast Refresh] done in 295ms @ http://localhost:3000/_next/static/chunks/node_modules_next_dist_115brz8._.js:2431
[   16678ms] [LOG] [ImpactGlobe] Hovering: Brazil Central Bank Cuts Selic Rate by 50bps to 10.25% @ http://localhost:3000/_next/static/chunks/node_modules_next_dist_115brz8._.js:2431
[   17726ms] [LOG] [useEnvLayer] Data received: {layerType: wind, hasData: false, data: undefined} @ http://localhost:3000/_next/static/chunks/node_modules_next_dist_115brz8._.js:2431
[   18050ms] [LOG] [Fast Refresh] rebuilding @ http://localhost:3000/_next/static/chunks/node_modules_next_dist_115brz8._.js:2431
[   18236ms] [LOG] [Fast Refresh] done in 293ms @ http://localhost:3000/_next/static/chunks/node_modules_next_dist_115brz8._.js:2431
[   19079ms] [LOG] [useEnvLayer] Data received: {layerType: aqi, hasData: false, data: undefined} @ http://localhost:3000/_next/static/chunks/node_modules_next_dist_115brz8._.js:2431
[   19738ms] [LOG] [useEnvLayer] Data received: {layerType: wind, hasData: false, data: undefined} @ http://localhost:3000/_next/static/chunks/node_modules_next_dist_115brz8._.js:2431
[   19870ms] [LOG] [Fast Refresh] rebuilding @ http://localhost:3000/_next/static/chunks/node_modules_next_dist_115brz8._.js:2431
[   19996ms] [LOG] [Fast Refresh] done in 231ms @ http://localhost:3000/_next/static/chunks/node_modules_next_dist_115brz8._.js:2431
[   20040ms] [LOG] [useEnvLayer] Data received: {layerType: wind, hasData: true, data: Object} @ http://localhost:3000/_next/static/chunks/node_modules_next_dist_115brz8._.js:2431
[   20042ms] [LOG] [useEnvLayer] Setting wind data @ http://localhost:3000/_next/static/chunks/node_modules_next_dist_115brz8._.js:2431
[   20068ms] [LOG] [GlobeRenderer] Applying heatmap for layer: wind @ http://localhost:3000/_next/static/chunks/node_modules_next_dist_115brz8._.js:2431
[   20075ms] [LOG] [GlobeRenderer] Heatmap texture applied @ http://localhost:3000/_next/static/chunks/node_modules_next_dist_115brz8._.js:2431
[   20076ms] [LOG] [App] envLayerData updated: {type: wind, updatedAt: 2026-04-29T01:59:47.219Z, wind: Array(1406)} @ http://localhost:3000/_next/static/chunks/node_modules_next_dist_115brz8._.js:2431
[   20185ms] [LOG] [Fast Refresh] rebuilding @ http://localhost:3000/_next/static/chunks/node_modules_next_dist_115brz8._.js:2431
[   20361ms] [LOG] [GlobeRenderer] Applying heatmap for layer: temperature_anomaly @ http://localhost:3000/_next/static/chunks/node_modules_next_dist_115brz8._.js:2431
[   20362ms] [WARNING] [GlobeRenderer] Failed to create heatmap texture @ http://localhost:3000/_next/static/chunks/node_modules_next_dist_115brz8._.js:2431
[   20365ms] [LOG] [useEnvLayer] Data received: {layerType: temperature_anomaly, hasData: true, data: Object} @ http://localhost:3000/_next/static/chunks/node_modules_next_dist_115brz8._.js:2431
[   20366ms] [LOG] [useEnvLayer] Setting temp anomaly data @ http://localhost:3000/_next/static/chunks/node_modules_next_dist_115brz8._.js:2431
[   20383ms] [LOG] [GlobeRenderer] Applying heatmap for layer: temperature_anomaly @ http://localhost:3000/_next/static/chunks/node_modules_next_dist_115brz8._.js:2431
[   20385ms] [LOG] [GlobeRenderer] Heatmap texture applied @ http://localhost:3000/_next/static/chunks/node_modules_next_dist_115brz8._.js:2431
[   20386ms] [LOG] [App] envLayerData updated: {type: temperature_anomaly, updatedAt: 2026-04-29T01:59:47.219Z, tempAnomalies: Array(552)} @ http://localhost:3000/_next/static/chunks/node_modules_next_dist_115brz8._.js:2431
[   20553ms] [LOG] [Fast Refresh] done in 474ms @ http://localhost:3000/_next/static/chunks/node_modules_next_dist_115brz8._.js:2431
[   21036ms] [LOG] [ImpactGlobe] Hovering: Brazil Central Bank Cuts Selic Rate by 50bps to 10.25% @ http://localhost:3000/_next/static/chunks/node_modules_next_dist_115brz8._.js:2431
[   24444ms] [LOG] [GlobeRenderer] Applying heatmap for layer: wind @ http://localhost:3000/_next/static/chunks/node_modules_next_dist_115brz8._.js:2431
[   24446ms] [WARNING] [GlobeRenderer] Failed to create heatmap texture @ http://localhost:3000/_next/static/chunks/node_modules_next_dist_115brz8._.js:2431
[   24448ms] [LOG] [useEnvLayer] Data received: {layerType: wind, hasData: true, data: Object} @ http://localhost:3000/_next/static/chunks/node_modules_next_dist_115brz8._.js:2431
[   24450ms] [LOG] [useEnvLayer] Setting wind data @ http://localhost:3000/_next/static/chunks/node_modules_next_dist_115brz8._.js:2431
[   24465ms] [LOG] [GlobeRenderer] Applying heatmap for layer: wind @ http://localhost:3000/_next/static/chunks/node_modules_next_dist_115brz8._.js:2431
[   24471ms] [LOG] [GlobeRenderer] Heatmap texture applied @ http://localhost:3000/_next/static/chunks/node_modules_next_dist_115brz8._.js:2431
[   24472ms] [LOG] [App] envLayerData updated: {type: wind, updatedAt: 2026-04-29T01:59:47.219Z, wind: Array(1406)} @ http://localhost:3000/_next/static/chunks/node_modules_next_dist_115brz8._.js:2431
[   25811ms] [LOG] [ImpactGlobe] Hovering: UK General Election Results: Labour Wins Historic Majority @ http://localhost:3000/_next/static/chunks/node_modules_next_dist_115brz8._.js:2431
[   25841ms] [LOG] [ImpactGlobe] Hovering: EU Imposes New Sanctions on Russian Energy Exports @ http://localhost:3000/_next/static/chunks/node_modules_next_dist_115brz8._.js:2431
[   25976ms] [LOG] [Fast Refresh] rebuilding @ http://localhost:3000/_next/static/chunks/node_modules_next_dist_115brz8._.js:2431
[   26020ms] [LOG] [Fast Refresh] done in 149ms @ http://localhost:3000/_next/static/chunks/node_modules_next_dist_115brz8._.js:2431
[   26113ms] [LOG] [Fast Refresh] rebuilding @ http://localhost:3000/_next/static/chunks/node_modules_next_dist_115brz8._.js:2431
[   26177ms] [LOG] [Fast Refresh] done in 110ms @ http://localhost:3000/_next/static/chunks/node_modules_next_dist_115brz8._.js:2431
[   26283ms] [LOG] [Fast Refresh] rebuilding @ http://localhost:3000/_next/static/chunks/node_modules_next_dist_115brz8._.js:2431
[   26306ms] [LOG] [Fast Refresh] done in 127ms @ http://localhost:3000/_next/static/chunks/node_modules_next_dist_115brz8._.js:2431
[   26429ms] [LOG] [Fast Refresh] rebuilding @ http://localhost:3000/_next/static/chunks/node_modules_next_dist_115brz8._.js:2431
[   26650ms] [WARNING] %c%s%c [33m[1m⚠[22m[39m Unsupported metadata viewport is configured in metadata export in /. Please move it to viewport export instead.
Read more: https://nextjs.org/docs/app/api-reference/functions/generate-viewport background: #e6e6e6;background: light-dark(rgba(0,0,0,0.1), rgba(255,255,255,0.25));color: #000000;color: light-dark(#000000, #ffffff);border-radius: 2px  Server   @ http://localhost:3000/_next/static/chunks/node_modules_next_dist_115brz8._.js:2431
[   26651ms] [LOG] [Fast Refresh] done in 330ms @ http://localhost:3000/_next/static/chunks/node_modules_next_dist_115brz8._.js:2431
[   26779ms] [LOG] [Fast Refresh] rebuilding @ http://localhost:3000/_next/static/chunks/node_modules_next_dist_115brz8._.js:2431
[   26927ms] [LOG] [Fast Refresh] done in 255ms @ http://localhost:3000/_next/static/chunks/node_modules_next_dist_115brz8._.js:2431
[   27878ms] [LOG] [Fast Refresh] rebuilding @ http://localhost:3000/_next/static/chunks/node_modules_next_dist_115brz8._.js:2431
[   27954ms] [LOG] [Fast Refresh] done in 176ms @ http://localhost:3000/_next/static/chunks/node_modules_next_dist_115brz8._.js:2431
[   37379ms] [LOG] [Fast Refresh] rebuilding @ http://localhost:3000/_next/static/chunks/node_modules_next_dist_115brz8._.js:2431
[   37422ms] [LOG] [Fast Refresh] done in 101ms @ http://localhost:3000/_next/static/chunks/node_modules_next_dist_115brz8._.js:2431
[   37603ms] [LOG] [Fast Refresh] rebuilding @ http://localhost:3000/_next/static/chunks/node_modules_next_dist_115brz8._.js:2431
[   37872ms] [WARNING] %c%s%c [33m[1m⚠[22m[39m Unsupported metadata viewport is configured in metadata export in /. Please move it to viewport export instead.
Read more: https://nextjs.org/docs/app/api-reference/functions/generate-viewport background: #e6e6e6;background: light-dark(rgba(0,0,0,0.1), rgba(255,255,255,0.25));color: #000000;color: light-dark(#000000, #ffffff);border-radius: 2px  Server   @ http://localhost:3000/_next/static/chunks/node_modules_next_dist_115brz8._.js:2431
[   37877ms] [LOG] [Fast Refresh] done in 382ms @ http://localhost:3000/_next/static/chunks/node_modules_next_dist_115brz8._.js:2431
[   46763ms] [LOG] [GlobeRenderer] Applying heatmap for layer: aqi @ http://localhost:3000/_next/static/chunks/node_modules_next_dist_115brz8._.js:2431
[   46765ms] [WARNING] [GlobeRenderer] Failed to create heatmap texture @ http://localhost:3000/_next/static/chunks/node_modules_next_dist_115brz8._.js:2431
[   46767ms] [LOG] [useEnvLayer] Data received: {layerType: aqi, hasData: true, data: Object} @ http://localhost:3000/_next/static/chunks/node_modules_next_dist_115brz8._.js:2431
[   46768ms] [LOG] [useEnvLayer] Setting env layer data: aqi @ http://localhost:3000/_next/static/chunks/node_modules_next_dist_115brz8._.js:2431
[   46793ms] [LOG] [GlobeRenderer] Applying heatmap for layer: aqi @ http://localhost:3000/_next/static/chunks/node_modules_next_dist_115brz8._.js:2431
[   46795ms] [LOG] [GlobeRenderer] Heatmap texture applied @ http://localhost:3000/_next/static/chunks/node_modules_next_dist_115brz8._.js:2431
[   46796ms] [LOG] [App] envLayerData updated: {type: aqi, updatedAt: 2026-04-29T01:59:48.169Z, aqi: Array(0), meta: Object} @ http://localhost:3000/_next/static/chunks/node_modules_next_dist_115brz8._.js:2431
[   46912ms] [LOG] [Fast Refresh] rebuilding @ http://localhost:3000/_next/static/chunks/node_modules_next_dist_115brz8._.js:2431
[   47097ms] [LOG] [Fast Refresh] done in 290ms @ http://localhost:3000/_next/static/chunks/node_modules_next_dist_115brz8._.js:2431
[   49026ms] [LOG] [Fast Refresh] rebuilding @ http://localhost:3000/_next/static/chunks/node_modules_next_dist_115brz8._.js:2431
[   49040ms] [LOG] [Fast Refresh] done in 115ms @ http://localhost:3000/_next/static/chunks/node_modules_next_dist_115brz8._.js:2431
[   82080ms] [LOG] [Fast Refresh] rebuilding @ http://localhost:3000/_next/static/chunks/node_modules_next_dist_115brz8._.js:2431
[   82289ms] [LOG] [Fast Refresh] done in 106ms @ http://localhost:3000/_next/static/chunks/node_modules_next_dist_115brz8._.js:2431
