[     176ms] [INFO] %cDownload the React DevTools for a better development experience: https://react.dev/link/react-devtools font-weight:bold @ http://localhost:3000/_next/static/chunks/node_modules_next_dist_115brz8._.js:2431
[     240ms] [LOG] [HMR] connected @ http://localhost:3000/_next/static/chunks/node_modules_next_dist_115brz8._.js:2431
[    6147ms] [LOG] [Fast Refresh] rebuilding @ http://localhost:3000/_next/static/chunks/node_modules_next_dist_115brz8._.js:2431
[    6178ms] [LOG] [Fast Refresh] done in 79ms @ http://localhost:3000/_next/static/chunks/node_modules_next_dist_115brz8._.js:2431
[   20764ms] [LOG] [Fast Refresh] rebuilding @ http://localhost:3000/_next/static/chunks/node_modules_next_dist_115brz8._.js:2431
[   20795ms] [LOG] [Fast Refresh] done in 15ms @ http://localhost:3000/_next/static/chunks/node_modules_next_dist_115brz8._.js:2431
[   43801ms] [LOG] [Fast Refresh] rebuilding @ http://localhost:3000/_next/static/chunks/node_modules_next_dist_115brz8._.js:2431
[   43832ms] [LOG] [Fast Refresh] done in 78ms @ http://localhost:3000/_next/static/chunks/node_modules_next_dist_115brz8._.js:2431
[   98357ms] [LOG] [Fast Refresh] rebuilding @ http://localhost:3000/_next/static/chunks/node_modules_next_dist_115brz8._.js:2431
[   98452ms] [LOG] [Fast Refresh] done in 130ms @ http://localhost:3000/_next/static/chunks/node_modules_next_dist_115brz8._.js:2431
[   98623ms] [INFO] %cDownload the React DevTools for a better development experience: https://react.dev/link/react-devtools font-weight:bold @ http://localhost:3000/_next/static/chunks/node_modules_next_dist_115brz8._.js:2431
[   98639ms] [LOG] [HMR] connected @ http://localhost:3000/_next/static/chunks/node_modules_next_dist_115brz8._.js:2431
[  113511ms] [LOG] [ImpactGlobe] Hovering: Federal Reserve Holds Rates Steady at 5.25-5.50% @ http://localhost:3000/_next/static/chunks/node_modules_next_dist_115brz8._.js:2431
[  114454ms] [LOG] [ImpactGlobe] Hovering: EU Imposes New Sanctions on Russian Energy Exports @ http://localhost:3000/_next/static/chunks/node_modules_next_dist_115brz8._.js:2431
[  114552ms] [LOG] [ImpactGlobe] Hovering: Japan GDP Contracts 0.5% in Q1 — Recession Fears Mount @ http://localhost:3000/_next/static/chunks/node_modules_next_dist_115brz8._.js:2431
[  114567ms] [LOG] [ImpactGlobe] Hovering: Taiwan Strait Tensions Escalate After Military Drills @ http://localhost:3000/_next/static/chunks/node_modules_next_dist_115brz8._.js:2431
[  114593ms] [LOG] [ImpactGlobe] Hovering: Brazil Central Bank Cuts Selic Rate by 50bps to 10.25% @ http://localhost:3000/_next/static/chunks/node_modules_next_dist_115brz8._.js:2431
[  119423ms] [LOG] [ImpactGlobe] Hovering: Nigeria Oil Output Drops to 18-Month Low After Pipeline Attack @ http://localhost:3000/_next/static/chunks/node_modules_next_dist_115brz8._.js:2431
[  124132ms] [LOG] [ImpactGlobe] Hovering: Nigeria Oil Output Drops to 18-Month Low After Pipeline Attack @ http://localhost:3000/_next/static/chunks/node_modules_next_dist_115brz8._.js:2431
[  124156ms] [LOG] [ImpactGlobe] Hovering: Nigeria Oil Output Drops to 18-Month Low After Pipeline Attack @ http://localhost:3000/_next/static/chunks/node_modules_next_dist_115brz8._.js:2431
[  124185ms] [LOG] [ImpactGlobe] Hovering: Nigeria Oil Output Drops to 18-Month Low After Pipeline Attack @ http://localhost:3000/_next/static/chunks/node_modules_next_dist_115brz8._.js:2431
[  124207ms] [LOG] [ImpactGlobe] Hovering: Nigeria Oil Output Drops to 18-Month Low After Pipeline Attack @ http://localhost:3000/_next/static/chunks/node_modules_next_dist_115brz8._.js:2431
[  124579ms] [LOG] [ImpactGlobe] Hovering: Nigeria Oil Output Drops to 18-Month Low After Pipeline Attack @ http://localhost:3000/_next/static/chunks/node_modules_next_dist_115brz8._.js:2431
[  124610ms] [LOG] [ImpactGlobe] Hovering: Nigeria Oil Output Drops to 18-Month Low After Pipeline Attack @ http://localhost:3000/_next/static/chunks/node_modules_next_dist_115brz8._.js:2431
[  124628ms] [LOG] [ImpactGlobe] Hovering: Nigeria Oil Output Drops to 18-Month Low After Pipeline Attack @ http://localhost:3000/_next/static/chunks/node_modules_next_dist_115brz8._.js:2431
[  127262ms] [LOG] [ImpactGlobe] Hovering: EU Imposes New Sanctions on Russian Energy Exports @ http://localhost:3000/_next/static/chunks/node_modules_next_dist_115brz8._.js:2431
[  127282ms] [LOG] [ImpactGlobe] Hovering: EU Imposes New Sanctions on Russian Energy Exports @ http://localhost:3000/_next/static/chunks/node_modules_next_dist_115brz8._.js:2431
[  127301ms] [LOG] [ImpactGlobe] Hovering: EU Imposes New Sanctions on Russian Energy Exports @ http://localhost:3000/_next/static/chunks/node_modules_next_dist_115brz8._.js:2431
[  127320ms] [LOG] [ImpactGlobe] Hovering: EU Imposes New Sanctions on Russian Energy Exports @ http://localhost:3000/_next/static/chunks/node_modules_next_dist_115brz8._.js:2431
[  129168ms] [LOG] [ImpactGlobe] Hovering: Taiwan Strait Tensions Escalate After Military Drills @ http://localhost:3000/_next/static/chunks/node_modules_next_dist_115brz8._.js:2431
[  129192ms] [LOG] [ImpactGlobe] Hovering: Taiwan Strait Tensions Escalate After Military Drills @ http://localhost:3000/_next/static/chunks/node_modules_next_dist_115brz8._.js:2431
[  129218ms] [LOG] [ImpactGlobe] Hovering: Taiwan Strait Tensions Escalate After Military Drills @ http://localhost:3000/_next/static/chunks/node_modules_next_dist_115brz8._.js:2431
[  129245ms] [LOG] [ImpactGlobe] Hovering: Taiwan Strait Tensions Escalate After Military Drills @ http://localhost:3000/_next/static/chunks/node_modules_next_dist_115brz8._.js:2431
[  129264ms] [LOG] [ImpactGlobe] Hovering: Taiwan Strait Tensions Escalate After Military Drills @ http://localhost:3000/_next/static/chunks/node_modules_next_dist_115brz8._.js:2431
[  129286ms] [LOG] [ImpactGlobe] Hovering: Taiwan Strait Tensions Escalate After Military Drills @ http://localhost:3000/_next/static/chunks/node_modules_next_dist_115brz8._.js:2431
[  129328ms] [LOG] [ImpactGlobe] Hovering: Taiwan Strait Tensions Escalate After Military Drills @ http://localhost:3000/_next/static/chunks/node_modules_next_dist_115brz8._.js:2431
[  130809ms] [LOG] [ImpactGlobe] Hovering: UK General Election Results: Labour Wins Historic Majority @ http://localhost:3000/_next/static/chunks/node_modules_next_dist_115brz8._.js:2431
[  130827ms] [LOG] [ImpactGlobe] Hovering: 7.2 Magnitude Earthquake Strikes Central Turkey @ http://localhost:3000/_next/static/chunks/node_modules_next_dist_115brz8._.js:2431
[  131598ms] [LOG] [ImpactGlobe] Hovering: Nigeria Oil Output Drops to 18-Month Low After Pipeline Attack @ http://localhost:3000/_next/static/chunks/node_modules_next_dist_115brz8._.js:2431
[  131616ms] [LOG] [ImpactGlobe] Hovering: Nigeria Oil Output Drops to 18-Month Low After Pipeline Attack @ http://localhost:3000/_next/static/chunks/node_modules_next_dist_115brz8._.js:2431
[  131634ms] [LOG] [ImpactGlobe] Hovering: Nigeria Oil Output Drops to 18-Month Low After Pipeline Attack @ http://localhost:3000/_next/static/chunks/node_modules_next_dist_115brz8._.js:2431
[  135814ms] [LOG] [ImpactGlobe] Hovering: Brazil Central Bank Cuts Selic Rate by 50bps to 10.25% @ http://localhost:3000/_next/static/chunks/node_modules_next_dist_115brz8._.js:2431
[  140568ms] [LOG] [ImpactGlobe] Hovering: Japan GDP Contracts 0.5% in Q1 — Recession Fears Mount @ http://localhost:3000/_next/static/chunks/node_modules_next_dist_115brz8._.js:2431
[  142265ms] [LOG] [ImpactGlobe] Hovering: Taiwan Strait Tensions Escalate After Military Drills @ http://localhost:3000/_next/static/chunks/node_modules_next_dist_115brz8._.js:2431
[  142287ms] [LOG] [ImpactGlobe] Hovering: Taiwan Strait Tensions Escalate After Military Drills @ http://localhost:3000/_next/static/chunks/node_modules_next_dist_115brz8._.js:2431
[  142660ms] [LOG] [ImpactGlobe] Hovering: Nigeria Oil Output Drops to 18-Month Low After Pipeline Attack @ http://localhost:3000/_next/static/chunks/node_modules_next_dist_115brz8._.js:2431
[  163019ms] [LOG] [Fast Refresh] rebuilding @ http://localhost:3000/_next/static/chunks/node_modules_next_dist_115brz8._.js:2431
[  163023ms] [LOG] [Fast Refresh] done in 120ms @ http://localhost:3000/_next/static/chunks/node_modules_next_dist_115brz8._.js:2431
