[     127ms] [LOG] [Fast Refresh] rebuilding @ http://localhost:3000/_next/static/chunks/node_modules_next_dist_115brz8._.js:2431
[     338ms] [LOG] [Fast Refresh] done in 315ms @ http://localhost:3000/_next/static/chunks/node_modules_next_dist_115brz8._.js:2431
[     453ms] [INFO] %cDownload the React DevTools for a better development experience: https://react.dev/link/react-devtools font-weight:bold @ http://localhost:3000/_next/static/chunks/node_modules_next_dist_115brz8._.js:2431
[     480ms] [LOG] [HMR] connected @ http://localhost:3000/_next/static/chunks/node_modules_next_dist_115brz8._.js:2431
[     500ms] [WARNING] %c%s%c [33m[1m⚠[22m[39m Unsupported metadata viewport is configured in metadata export in /. Please move it to viewport export instead.
Read more: https://nextjs.org/docs/app/api-reference/functions/generate-viewport background: #e6e6e6;background: light-dark(rgba(0,0,0,0.1), rgba(255,255,255,0.25));color: #000000;color: light-dark(#000000, #ffffff);border-radius: 2px  Server   @ http://localhost:3000/_next/static/chunks/node_modules_next_dist_115brz8._.js:2431
[     594ms] [LOG] [useEnvLayer] Data received: {layerType: none, hasData: false, data: undefined} @ http://localhost:3000/_next/static/chunks/node_modules_next_dist_115brz8._.js:2431
[     595ms] [LOG] [App] envLayerData updated: null @ http://localhost:3000/_next/static/chunks/node_modules_next_dist_115brz8._.js:2431
[     597ms] [LOG] [App] No events from Supabase, using mock data for development @ http://localhost:3000/_next/static/chunks/node_modules_next_dist_115brz8._.js:2431
[     676ms] [LOG] [Fast Refresh] rebuilding @ http://localhost:3000/_next/static/chunks/node_modules_next_dist_115brz8._.js:2431
[     724ms] [WARNING] %c%s%c [33m[1m⚠[22m[39m Unsupported metadata viewport is configured in metadata export in /. Please move it to viewport export instead.
Read more: https://nextjs.org/docs/app/api-reference/functions/generate-viewport background: #e6e6e6;background: light-dark(rgba(0,0,0,0.1), rgba(255,255,255,0.25));color: #000000;color: light-dark(#000000, #ffffff);border-radius: 2px  Server   @ http://localhost:3000/_next/static/chunks/node_modules_next_dist_115brz8._.js:2431
[     725ms] [LOG] [Fast Refresh] done in 156ms @ http://localhost:3000/_next/static/chunks/node_modules_next_dist_115brz8._.js:2431
[    1162ms] [LOG] [Fast Refresh] rebuilding @ http://localhost:3000/_next/static/chunks/node_modules_next_dist_115brz8._.js:2431
[    1162ms] [LOG] [Fast Refresh] done in 364ms @ http://localhost:3000/_next/static/chunks/node_modules_next_dist_115brz8._.js:2431
[    1280ms] [WARNING] %c%s%c [33m[1m⚠[22m[39m Unsupported metadata viewport is configured in metadata export in /. Please move it to viewport export instead.
Read more: https://nextjs.org/docs/app/api-reference/functions/generate-viewport background: #e6e6e6;background: light-dark(rgba(0,0,0,0.1), rgba(255,255,255,0.25));color: #000000;color: light-dark(#000000, #ffffff);border-radius: 2px  Server   @ http://localhost:3000/_next/static/chunks/node_modules_next_dist_115brz8._.js:2431
[    1287ms] [LOG] [Realtime] Subscription status: SUBSCRIBED @ http://localhost:3000/_next/static/chunks/node_modules_next_dist_115brz8._.js:2431
[    1367ms] [LOG] [Realtime] Loaded 0 initial events @ http://localhost:3000/_next/static/chunks/node_modules_next_dist_115brz8._.js:2431
[    1389ms] [LOG] [App] No events from Supabase, using mock data for development @ http://localhost:3000/_next/static/chunks/node_modules_next_dist_115brz8._.js:2431
[    2890ms] [LOG] [Fast Refresh] rebuilding @ http://localhost:3000/_next/static/chunks/node_modules_next_dist_115brz8._.js:2431
[    2905ms] [LOG] [Fast Refresh] done in 126ms @ http://localhost:3000/_next/static/chunks/node_modules_next_dist_115brz8._.js:2431
[   13579ms] [LOG] [useEnvLayer] Data received: {layerType: aqi, hasData: false, data: undefined} @ http://localhost:3000/_next/static/chunks/node_modules_next_dist_115brz8._.js:2431
[   14656ms] [LOG] [useEnvLayer] Data received: {layerType: aqi, hasData: true, data: Object} @ http://localhost:3000/_next/static/chunks/node_modules_next_dist_115brz8._.js:2431
[   14657ms] [LOG] [useEnvLayer] Setting env layer data: aqi @ http://localhost:3000/_next/static/chunks/node_modules_next_dist_115brz8._.js:2431
[   14679ms] [LOG] [GlobeRenderer] Applying heatmap for layer: aqi @ http://localhost:3000/_next/static/chunks/node_modules_next_dist_115brz8._.js:2431
[   14680ms] [WARNING] [GlobeRenderer] Failed to create heatmap texture @ http://localhost:3000/_next/static/chunks/node_modules_next_dist_115brz8._.js:2431
[   14681ms] [LOG] [App] envLayerData updated: {type: aqi, updatedAt: 2026-04-29T02:03:42.362Z, aqi: Array(0), meta: Object} @ http://localhost:3000/_next/static/chunks/node_modules_next_dist_115brz8._.js:2431
[   47855ms] [LOG] [GlobeRenderer] Applying heatmap for layer: wind @ http://localhost:3000/_next/static/chunks/node_modules_next_dist_115brz8._.js:2431
[   47856ms] [WARNING] [GlobeRenderer] Failed to create heatmap texture @ http://localhost:3000/_next/static/chunks/node_modules_next_dist_115brz8._.js:2431
[   47857ms] [LOG] [useEnvLayer] Data received: {layerType: wind, hasData: false, data: undefined} @ http://localhost:3000/_next/static/chunks/node_modules_next_dist_115brz8._.js:2431
[   47891ms] [LOG] [useEnvLayer] Data received: {layerType: wind, hasData: true, data: Object} @ http://localhost:3000/_next/static/chunks/node_modules_next_dist_115brz8._.js:2431
[   47892ms] [LOG] [useEnvLayer] Setting wind data @ http://localhost:3000/_next/static/chunks/node_modules_next_dist_115brz8._.js:2431
[   47914ms] [LOG] [GlobeRenderer] Applying heatmap for layer: wind @ http://localhost:3000/_next/static/chunks/node_modules_next_dist_115brz8._.js:2431
[   47929ms] [LOG] [GlobeRenderer] Heatmap texture applied @ http://localhost:3000/_next/static/chunks/node_modules_next_dist_115brz8._.js:2431
[   47930ms] [LOG] [App] envLayerData updated: {type: wind, updatedAt: 2026-04-29T02:04:08.014Z, wind: Array(2692)} @ http://localhost:3000/_next/static/chunks/node_modules_next_dist_115brz8._.js:2431
[   63880ms] [LOG] [GlobeRenderer] Applying heatmap for layer: temperature_anomaly @ http://localhost:3000/_next/static/chunks/node_modules_next_dist_115brz8._.js:2431
[   63881ms] [WARNING] [GlobeRenderer] Failed to create heatmap texture @ http://localhost:3000/_next/static/chunks/node_modules_next_dist_115brz8._.js:2431
[   63883ms] [LOG] [useEnvLayer] Data received: {layerType: temperature_anomaly, hasData: true, data: Object} @ http://localhost:3000/_next/static/chunks/node_modules_next_dist_115brz8._.js:2431
[   63884ms] [LOG] [useEnvLayer] Setting temp anomaly data @ http://localhost:3000/_next/static/chunks/node_modules_next_dist_115brz8._.js:2431
[   63901ms] [LOG] [GlobeRenderer] Applying heatmap for layer: temperature_anomaly @ http://localhost:3000/_next/static/chunks/node_modules_next_dist_115brz8._.js:2431
[   63907ms] [LOG] [GlobeRenderer] Heatmap texture applied @ http://localhost:3000/_next/static/chunks/node_modules_next_dist_115brz8._.js:2431
[   63908ms] [LOG] [App] envLayerData updated: {type: temperature_anomaly, updatedAt: 2026-04-29T02:04:08.014Z, tempAnomalies: Array(1038)} @ http://localhost:3000/_next/static/chunks/node_modules_next_dist_115brz8._.js:2431
[   65106ms] [LOG] [Fast Refresh] rebuilding @ http://localhost:3000/_next/static/chunks/node_modules_next_dist_115brz8._.js:2431
[   65109ms] [LOG] [Fast Refresh] done in 104ms @ http://localhost:3000/_next/static/chunks/node_modules_next_dist_115brz8._.js:2431
[   79539ms] [LOG] [Fast Refresh] rebuilding @ http://localhost:3000/_next/static/chunks/node_modules_next_dist_115brz8._.js:2431
[   79559ms] [LOG] [Fast Refresh] done in 121ms @ http://localhost:3000/_next/static/chunks/node_modules_next_dist_115brz8._.js:2431
[   80156ms] [LOG] [GlobeRenderer] Removing heatmap texture @ http://localhost:3000/_next/static/chunks/node_modules_next_dist_115brz8._.js:2431
[   80160ms] [LOG] [useEnvLayer] Data received: {layerType: earthquakes, hasData: false, data: undefined} @ http://localhost:3000/_next/static/chunks/node_modules_next_dist_115brz8._.js:2431
[   81229ms] [LOG] [useEnvLayer] Data received: {layerType: wildfires, hasData: false, data: undefined} @ http://localhost:3000/_next/static/chunks/node_modules_next_dist_115brz8._.js:2431
[   82819ms] [LOG] [useEnvLayer] Data received: {layerType: earthquakes, hasData: true, data: Object} @ http://localhost:3000/_next/static/chunks/node_modules_next_dist_115brz8._.js:2431
[   82820ms] [LOG] [useEnvLayer] Setting env layer data: earthquakes @ http://localhost:3000/_next/static/chunks/node_modules_next_dist_115brz8._.js:2431
[   82844ms] [LOG] [App] envLayerData updated: {type: earthquakes, updatedAt: 2026-04-29T02:04:50.452Z, earthquakes: Array(45)} @ http://localhost:3000/_next/static/chunks/node_modules_next_dist_115brz8._.js:2431
[   83970ms] [LOG] [GlobeRenderer] Applying heatmap for layer: temperature_anomaly @ http://localhost:3000/_next/static/chunks/node_modules_next_dist_115brz8._.js:2431
[   83971ms] [WARNING] [GlobeRenderer] Failed to create heatmap texture @ http://localhost:3000/_next/static/chunks/node_modules_next_dist_115brz8._.js:2431
[   83973ms] [LOG] [useEnvLayer] Data received: {layerType: temperature_anomaly, hasData: true, data: Object} @ http://localhost:3000/_next/static/chunks/node_modules_next_dist_115brz8._.js:2431
[   83973ms] [LOG] [useEnvLayer] Setting temp anomaly data @ http://localhost:3000/_next/static/chunks/node_modules_next_dist_115brz8._.js:2431
[   83987ms] [LOG] [GlobeRenderer] Applying heatmap for layer: temperature_anomaly @ http://localhost:3000/_next/static/chunks/node_modules_next_dist_115brz8._.js:2431
[   83992ms] [LOG] [GlobeRenderer] Heatmap texture applied @ http://localhost:3000/_next/static/chunks/node_modules_next_dist_115brz8._.js:2431
[   83992ms] [LOG] [App] envLayerData updated: {type: temperature_anomaly, updatedAt: 2026-04-29T02:04:08.014Z, tempAnomalies: Array(1038)} @ http://localhost:3000/_next/static/chunks/node_modules_next_dist_115brz8._.js:2431
[   84814ms] [LOG] [GlobeRenderer] Applying heatmap for layer: aqi @ http://localhost:3000/_next/static/chunks/node_modules_next_dist_115brz8._.js:2431
[   84816ms] [WARNING] [GlobeRenderer] Failed to create heatmap texture @ http://localhost:3000/_next/static/chunks/node_modules_next_dist_115brz8._.js:2431
[   84817ms] [LOG] [useEnvLayer] Data received: {layerType: aqi, hasData: true, data: Object} @ http://localhost:3000/_next/static/chunks/node_modules_next_dist_115brz8._.js:2431
[   84818ms] [LOG] [useEnvLayer] Setting env layer data: aqi @ http://localhost:3000/_next/static/chunks/node_modules_next_dist_115brz8._.js:2431
[   84835ms] [LOG] [GlobeRenderer] Applying heatmap for layer: aqi @ http://localhost:3000/_next/static/chunks/node_modules_next_dist_115brz8._.js:2431
[   84835ms] [WARNING] [GlobeRenderer] Failed to create heatmap texture @ http://localhost:3000/_next/static/chunks/node_modules_next_dist_115brz8._.js:2431
[   84836ms] [LOG] [App] envLayerData updated: {type: aqi, updatedAt: 2026-04-29T02:03:42.362Z, aqi: Array(0), meta: Object} @ http://localhost:3000/_next/static/chunks/node_modules_next_dist_115brz8._.js:2431
[   86451ms] [LOG] [GlobeRenderer] Applying heatmap for layer: wind @ http://localhost:3000/_next/static/chunks/node_modules_next_dist_115brz8._.js:2431
[   86453ms] [WARNING] [GlobeRenderer] Failed to create heatmap texture @ http://localhost:3000/_next/static/chunks/node_modules_next_dist_115brz8._.js:2431
[   86458ms] [LOG] [useEnvLayer] Data received: {layerType: wind, hasData: true, data: Object} @ http://localhost:3000/_next/static/chunks/node_modules_next_dist_115brz8._.js:2431
[   86459ms] [LOG] [useEnvLayer] Setting wind data @ http://localhost:3000/_next/static/chunks/node_modules_next_dist_115brz8._.js:2431
[   86475ms] [LOG] [GlobeRenderer] Applying heatmap for layer: wind @ http://localhost:3000/_next/static/chunks/node_modules_next_dist_115brz8._.js:2431
[   86486ms] [LOG] [GlobeRenderer] Heatmap texture applied @ http://localhost:3000/_next/static/chunks/node_modules_next_dist_115brz8._.js:2431
[   86487ms] [LOG] [App] envLayerData updated: {type: wind, updatedAt: 2026-04-29T02:04:52.823Z, wind: Array(2692)} @ http://localhost:3000/_next/static/chunks/node_modules_next_dist_115brz8._.js:2431
[   91514ms] [LOG] [ImpactGlobe] Hovering: Russia's Africa Corps Prevents Coup in Mali After Rebels Seize Towns @ http://localhost:3000/_next/static/chunks/node_modules_next_dist_115brz8._.js:2431
[   91560ms] [LOG] [ImpactGlobe] Hovering: Russia's Africa Corps Prevents Coup in Mali After Rebels Seize Towns @ http://localhost:3000/_next/static/chunks/node_modules_next_dist_115brz8._.js:2431
[   91595ms] [LOG] [ImpactGlobe] Hovering: Russia's Africa Corps Prevents Coup in Mali After Rebels Seize Towns @ http://localhost:3000/_next/static/chunks/node_modules_next_dist_115brz8._.js:2431
[   91627ms] [LOG] [ImpactGlobe] Hovering: Russia's Africa Corps Prevents Coup in Mali After Rebels Seize Towns @ http://localhost:3000/_next/static/chunks/node_modules_next_dist_115brz8._.js:2431
[   91655ms] [LOG] [ImpactGlobe] Hovering: Russia's Africa Corps Prevents Coup in Mali After Rebels Seize Towns @ http://localhost:3000/_next/static/chunks/node_modules_next_dist_115brz8._.js:2431
[   91683ms] [LOG] [ImpactGlobe] Hovering: Russia's Africa Corps Prevents Coup in Mali After Rebels Seize Towns @ http://localhost:3000/_next/static/chunks/node_modules_next_dist_115brz8._.js:2431
[   91724ms] [LOG] [Fast Refresh] rebuilding @ http://localhost:3000/_next/static/chunks/node_modules_next_dist_115brz8._.js:2431
[   91746ms] [LOG] [Fast Refresh] done in 121ms @ http://localhost:3000/_next/static/chunks/node_modules_next_dist_115brz8._.js:2431
[   99505ms] [LOG] [ImpactGlobe] Hovering: India Conducts Airstrikes on Pakistan-Administered Kashmir After Attack @ http://localhost:3000/_next/static/chunks/node_modules_next_dist_115brz8._.js:2431
[   99547ms] [LOG] [ImpactGlobe] Hovering: India Conducts Airstrikes on Pakistan-Administered Kashmir After Attack @ http://localhost:3000/_next/static/chunks/node_modules_next_dist_115brz8._.js:2431
[   99571ms] [LOG] [ImpactGlobe] Hovering: India Conducts Airstrikes on Pakistan-Administered Kashmir After Attack @ http://localhost:3000/_next/static/chunks/node_modules_next_dist_115brz8._.js:2431
[   99605ms] [LOG] [ImpactGlobe] Hovering: India Conducts Airstrikes on Pakistan-Administered Kashmir After Attack @ http://localhost:3000/_next/static/chunks/node_modules_next_dist_115brz8._.js:2431
[   99626ms] [LOG] [ImpactGlobe] Hovering: India Conducts Airstrikes on Pakistan-Administered Kashmir After Attack @ http://localhost:3000/_next/static/chunks/node_modules_next_dist_115brz8._.js:2431
[   99634ms] [LOG] [Fast Refresh] rebuilding @ http://localhost:3000/_next/static/chunks/node_modules_next_dist_115brz8._.js:2431
[   99655ms] [LOG] [ImpactGlobe] Hovering: India Conducts Airstrikes on Pakistan-Administered Kashmir After Attack @ http://localhost:3000/_next/static/chunks/node_modules_next_dist_115brz8._.js:2431
[   99692ms] [LOG] [ImpactGlobe] Hovering: India Conducts Airstrikes on Pakistan-Administered Kashmir After Attack @ http://localhost:3000/_next/static/chunks/node_modules_next_dist_115brz8._.js:2431
[   99728ms] [LOG] [ImpactGlobe] Hovering: India Conducts Airstrikes on Pakistan-Administered Kashmir After Attack @ http://localhost:3000/_next/static/chunks/node_modules_next_dist_115brz8._.js:2431
[   99755ms] [LOG] [ImpactGlobe] Hovering: India Conducts Airstrikes on Pakistan-Administered Kashmir After Attack @ http://localhost:3000/_next/static/chunks/node_modules_next_dist_115brz8._.js:2431
[   99783ms] [LOG] [ImpactGlobe] Hovering: India Conducts Airstrikes on Pakistan-Administered Kashmir After Attack @ http://localhost:3000/_next/static/chunks/node_modules_next_dist_115brz8._.js:2431
[   99806ms] [LOG] [ImpactGlobe] Hovering: India Conducts Airstrikes on Pakistan-Administered Kashmir After Attack @ http://localhost:3000/_next/static/chunks/node_modules_next_dist_115brz8._.js:2431
[   99837ms] [LOG] [ImpactGlobe] Hovering: India Conducts Airstrikes on Pakistan-Administered Kashmir After Attack @ http://localhost:3000/_next/static/chunks/node_modules_next_dist_115brz8._.js:2431
[   99852ms] [LOG] [ImpactGlobe] Event clicked: India Conducts Airstrikes on Pakistan-Administered Kashmir After Attack @ http://localhost:3000/_next/static/chunks/node_modules_next_dist_115brz8._.js:2431
[   99891ms] [LOG] [ImpactGlobe] Hovering: India Conducts Airstrikes on Pakistan-Administered Kashmir After Attack @ http://localhost:3000/_next/static/chunks/node_modules_next_dist_115brz8._.js:2431
[   99900ms] [ERROR] Failed to load resource: the server responded with a status of 401 (Unauthorized) @ http://localhost:3000/api/watchlist:0
[   99931ms] [ERROR] Failed to load resource: the server responded with a status of 401 (Unauthorized) @ http://localhost:3000/api/watchlist:0
[   99960ms] [LOG] [ImpactGlobe] Hovering: India Conducts Airstrikes on Pakistan-Administered Kashmir After Attack @ http://localhost:3000/_next/static/chunks/node_modules_next_dist_115brz8._.js:2431
[  100015ms] [LOG] [ImpactGlobe] Hovering: India Conducts Airstrikes on Pakistan-Administered Kashmir After Attack @ http://localhost:3000/_next/static/chunks/node_modules_next_dist_115brz8._.js:2431
[  100029ms] [LOG] [Fast Refresh] done in 498ms @ http://localhost:3000/_next/static/chunks/node_modules_next_dist_115brz8._.js:2431
[  100058ms] [LOG] [ImpactGlobe] Hovering: India Conducts Airstrikes on Pakistan-Administered Kashmir After Attack @ http://localhost:3000/_next/static/chunks/node_modules_next_dist_115brz8._.js:2431
[  100099ms] [LOG] [ImpactGlobe] Hovering: India Conducts Airstrikes on Pakistan-Administered Kashmir After Attack @ http://localhost:3000/_next/static/chunks/node_modules_next_dist_115brz8._.js:2431
[  100158ms] [LOG] [ImpactGlobe] Hovering: India Conducts Airstrikes on Pakistan-Administered Kashmir After Attack @ http://localhost:3000/_next/static/chunks/node_modules_next_dist_115brz8._.js:2431
[  100196ms] [LOG] [ImpactGlobe] Hovering: India Conducts Airstrikes on Pakistan-Administered Kashmir After Attack @ http://localhost:3000/_next/static/chunks/node_modules_next_dist_115brz8._.js:2431
[  100230ms] [LOG] [ImpactGlobe] Hovering: India Conducts Airstrikes on Pakistan-Administered Kashmir After Attack @ http://localhost:3000/_next/static/chunks/node_modules_next_dist_115brz8._.js:2431
[  100267ms] [LOG] [ImpactGlobe] Hovering: India Conducts Airstrikes on Pakistan-Administered Kashmir After Attack @ http://localhost:3000/_next/static/chunks/node_modules_next_dist_115brz8._.js:2431
[  108466ms] [LOG] [ImpactGlobe] Hovering: Ukraine Drones Strike Russian Tuapse Oil Refinery for Third Time @ http://localhost:3000/_next/static/chunks/node_modules_next_dist_115brz8._.js:2431
[  108508ms] [LOG] [ImpactGlobe] Hovering: Ukraine Drones Strike Russian Tuapse Oil Refinery for Third Time @ http://localhost:3000/_next/static/chunks/node_modules_next_dist_115brz8._.js:2431
[  108535ms] [LOG] [ImpactGlobe] Hovering: Ukraine Drones Strike Russian Tuapse Oil Refinery for Third Time @ http://localhost:3000/_next/static/chunks/node_modules_next_dist_115brz8._.js:2431
[  108567ms] [LOG] [ImpactGlobe] Hovering: Ukraine Drones Strike Russian Tuapse Oil Refinery for Third Time @ http://localhost:3000/_next/static/chunks/node_modules_next_dist_115brz8._.js:2431
[  108589ms] [LOG] [ImpactGlobe] Hovering: Ukraine Drones Strike Russian Tuapse Oil Refinery for Third Time @ http://localhost:3000/_next/static/chunks/node_modules_next_dist_115brz8._.js:2431
[  108623ms] [LOG] [ImpactGlobe] Hovering: Ukraine Drones Strike Russian Tuapse Oil Refinery for Third Time @ http://localhost:3000/_next/static/chunks/node_modules_next_dist_115brz8._.js:2431
[  108648ms] [LOG] [ImpactGlobe] Hovering: Ukraine Drones Strike Russian Tuapse Oil Refinery for Third Time @ http://localhost:3000/_next/static/chunks/node_modules_next_dist_115brz8._.js:2431
[  108686ms] [LOG] [ImpactGlobe] Hovering: Ukraine Drones Strike Russian Tuapse Oil Refinery for Third Time @ http://localhost:3000/_next/static/chunks/node_modules_next_dist_115brz8._.js:2431
[  108707ms] [LOG] [Fast Refresh] rebuilding @ http://localhost:3000/_next/static/chunks/node_modules_next_dist_115brz8._.js:2431
[  108708ms] [LOG] [ImpactGlobe] Hovering: Ukraine Drones Strike Russian Tuapse Oil Refinery for Third Time @ http://localhost:3000/_next/static/chunks/node_modules_next_dist_115brz8._.js:2431
[  108735ms] [LOG] [Fast Refresh] done in 133ms @ http://localhost:3000/_next/static/chunks/node_modules_next_dist_115brz8._.js:2431
[  108739ms] [LOG] [ImpactGlobe] Hovering: Ukraine Drones Strike Russian Tuapse Oil Refinery for Third Time @ http://localhost:3000/_next/static/chunks/node_modules_next_dist_115brz8._.js:2431
[  108765ms] [LOG] [ImpactGlobe] Hovering: Ukraine Drones Strike Russian Tuapse Oil Refinery for Third Time @ http://localhost:3000/_next/static/chunks/node_modules_next_dist_115brz8._.js:2431
[  108772ms] [LOG] [ImpactGlobe] Event clicked: Ukraine Drones Strike Russian Tuapse Oil Refinery for Third Time @ http://localhost:3000/_next/static/chunks/node_modules_next_dist_115brz8._.js:2431
[  108812ms] [LOG] [ImpactGlobe] Hovering: Ukraine Drones Strike Russian Tuapse Oil Refinery for Third Time @ http://localhost:3000/_next/static/chunks/node_modules_next_dist_115brz8._.js:2431
[  108826ms] [ERROR] Failed to load resource: the server responded with a status of 401 (Unauthorized) @ http://localhost:3000/api/watchlist:0
[  108839ms] [LOG] [Fast Refresh] rebuilding @ http://localhost:3000/_next/static/chunks/node_modules_next_dist_115brz8._.js:2431
[  108846ms] [ERROR] Failed to load resource: the server responded with a status of 401 (Unauthorized) @ http://localhost:3000/api/watchlist:0
[  108865ms] [LOG] [ImpactGlobe] Hovering: Ukraine Drones Strike Russian Tuapse Oil Refinery for Third Time @ http://localhost:3000/_next/static/chunks/node_modules_next_dist_115brz8._.js:2431
[  108898ms] [LOG] [Fast Refresh] done in 163ms @ http://localhost:3000/_next/static/chunks/node_modules_next_dist_115brz8._.js:2431
[  108898ms] [LOG] [ImpactGlobe] Hovering: Ukraine Drones Strike Russian Tuapse Oil Refinery for Third Time @ http://localhost:3000/_next/static/chunks/node_modules_next_dist_115brz8._.js:2431
[  108934ms] [LOG] [ImpactGlobe] Hovering: Ukraine Drones Strike Russian Tuapse Oil Refinery for Third Time @ http://localhost:3000/_next/static/chunks/node_modules_next_dist_115brz8._.js:2431
[  108970ms] [LOG] [ImpactGlobe] Hovering: Ukraine Drones Strike Russian Tuapse Oil Refinery for Third Time @ http://localhost:3000/_next/static/chunks/node_modules_next_dist_115brz8._.js:2431
[  109007ms] [LOG] [ImpactGlobe] Hovering: Ukraine Drones Strike Russian Tuapse Oil Refinery for Third Time @ http://localhost:3000/_next/static/chunks/node_modules_next_dist_115brz8._.js:2431
[  109075ms] [LOG] [ImpactGlobe] Hovering: Ukraine Drones Strike Russian Tuapse Oil Refinery for Third Time @ http://localhost:3000/_next/static/chunks/node_modules_next_dist_115brz8._.js:2431
[  109104ms] [LOG] [ImpactGlobe] Hovering: Ukraine Drones Strike Russian Tuapse Oil Refinery for Third Time @ http://localhost:3000/_next/static/chunks/node_modules_next_dist_115brz8._.js:2431
[  109129ms] [LOG] [ImpactGlobe] Hovering: Ukraine Drones Strike Russian Tuapse Oil Refinery for Third Time @ http://localhost:3000/_next/static/chunks/node_modules_next_dist_115brz8._.js:2431
[  109154ms] [LOG] [ImpactGlobe] Hovering: Ukraine Drones Strike Russian Tuapse Oil Refinery for Third Time @ http://localhost:3000/_next/static/chunks/node_modules_next_dist_115brz8._.js:2431
[  109205ms] [LOG] [Fast Refresh] rebuilding @ http://localhost:3000/_next/static/chunks/node_modules_next_dist_115brz8._.js:2431
[  109220ms] [LOG] [Fast Refresh] done in 129ms @ http://localhost:3000/_next/static/chunks/node_modules_next_dist_115brz8._.js:2431
[  113092ms] [LOG] [ImpactGlobe] Hovering: ECB Signals June Rate Cut as Eurozone Inflation Falls to 2.2% @ http://localhost:3000/_next/static/chunks/node_modules_next_dist_115brz8._.js:2431
[  113123ms] [LOG] [ImpactGlobe] Hovering: ECB Signals June Rate Cut as Eurozone Inflation Falls to 2.2% @ http://localhost:3000/_next/static/chunks/node_modules_next_dist_115brz8._.js:2431
[  113154ms] [LOG] [ImpactGlobe] Hovering: ECB Signals June Rate Cut as Eurozone Inflation Falls to 2.2% @ http://localhost:3000/_next/static/chunks/node_modules_next_dist_115brz8._.js:2431
[  113186ms] [LOG] [ImpactGlobe] Hovering: ECB Signals June Rate Cut as Eurozone Inflation Falls to 2.2% @ http://localhost:3000/_next/static/chunks/node_modules_next_dist_115brz8._.js:2431
[  113210ms] [LOG] [Fast Refresh] rebuilding @ http://localhost:3000/_next/static/chunks/node_modules_next_dist_115brz8._.js:2431
[  113220ms] [LOG] [ImpactGlobe] Hovering: King Charles Visits White House on First US State Visit Since Coronation @ http://localhost:3000/_next/static/chunks/node_modules_next_dist_115brz8._.js:2431
[  113258ms] [LOG] [ImpactGlobe] Hovering: King Charles Visits White House on First US State Visit Since Coronation @ http://localhost:3000/_next/static/chunks/node_modules_next_dist_115brz8._.js:2431
[  113279ms] [LOG] [Fast Refresh] done in 171ms @ http://localhost:3000/_next/static/chunks/node_modules_next_dist_115brz8._.js:2431
[  115123ms] [LOG] [ImpactGlobe] Hovering: US-China Trade Talks Resume in Geneva Amid Tariff Standoff @ http://localhost:3000/_next/static/chunks/node_modules_next_dist_115brz8._.js:2431
[  115165ms] [LOG] [ImpactGlobe] Hovering: US-China Trade Talks Resume in Geneva Amid Tariff Standoff @ http://localhost:3000/_next/static/chunks/node_modules_next_dist_115brz8._.js:2431
[  115223ms] [LOG] [ImpactGlobe] Hovering: US-China Trade Talks Resume in Geneva Amid Tariff Standoff @ http://localhost:3000/_next/static/chunks/node_modules_next_dist_115brz8._.js:2431
[  115262ms] [LOG] [ImpactGlobe] Hovering: US-China Trade Talks Resume in Geneva Amid Tariff Standoff @ http://localhost:3000/_next/static/chunks/node_modules_next_dist_115brz8._.js:2431
[  115300ms] [LOG] [ImpactGlobe] Hovering: US-China Trade Talks Resume in Geneva Amid Tariff Standoff @ http://localhost:3000/_next/static/chunks/node_modules_next_dist_115brz8._.js:2431
[  115340ms] [LOG] [ImpactGlobe] Hovering: US-China Trade Talks Resume in Geneva Amid Tariff Standoff @ http://localhost:3000/_next/static/chunks/node_modules_next_dist_115brz8._.js:2431
[  115379ms] [LOG] [ImpactGlobe] Hovering: US-China Trade Talks Resume in Geneva Amid Tariff Standoff @ http://localhost:3000/_next/static/chunks/node_modules_next_dist_115brz8._.js:2431
[  115420ms] [LOG] [ImpactGlobe] Hovering: US-China Trade Talks Resume in Geneva Amid Tariff Standoff @ http://localhost:3000/_next/static/chunks/node_modules_next_dist_115brz8._.js:2431
[  115459ms] [LOG] [ImpactGlobe] Hovering: US-China Trade Talks Resume in Geneva Amid Tariff Standoff @ http://localhost:3000/_next/static/chunks/node_modules_next_dist_115brz8._.js:2431
[  115503ms] [LOG] [ImpactGlobe] Hovering: US-China Trade Talks Resume in Geneva Amid Tariff Standoff @ http://localhost:3000/_next/static/chunks/node_modules_next_dist_115brz8._.js:2431
[  115554ms] [LOG] [ImpactGlobe] Hovering: US-China Trade Talks Resume in Geneva Amid Tariff Standoff @ http://localhost:3000/_next/static/chunks/node_modules_next_dist_115brz8._.js:2431
[  115568ms] [LOG] [ImpactGlobe] Event clicked: US-China Trade Talks Resume in Geneva Amid Tariff Standoff @ http://localhost:3000/_next/static/chunks/node_modules_next_dist_115brz8._.js:2431
[  115630ms] [LOG] [ImpactGlobe] Hovering: US-China Trade Talks Resume in Geneva Amid Tariff Standoff @ http://localhost:3000/_next/static/chunks/node_modules_next_dist_115brz8._.js:2431
[  115642ms] [ERROR] Failed to load resource: the server responded with a status of 401 (Unauthorized) @ http://localhost:3000/api/watchlist:0
[  115689ms] [ERROR] Failed to load resource: the server responded with a status of 401 (Unauthorized) @ http://localhost:3000/api/watchlist:0
[  115722ms] [LOG] [ImpactGlobe] Hovering: US-China Trade Talks Resume in Geneva Amid Tariff Standoff @ http://localhost:3000/_next/static/chunks/node_modules_next_dist_115brz8._.js:2431
[  115797ms] [LOG] [ImpactGlobe] Hovering: US-China Trade Talks Resume in Geneva Amid Tariff Standoff @ http://localhost:3000/_next/static/chunks/node_modules_next_dist_115brz8._.js:2431
[  115845ms] [LOG] [ImpactGlobe] Hovering: US-China Trade Talks Resume in Geneva Amid Tariff Standoff @ http://localhost:3000/_next/static/chunks/node_modules_next_dist_115brz8._.js:2431
[  115909ms] [LOG] [ImpactGlobe] Hovering: US-China Trade Talks Resume in Geneva Amid Tariff Standoff @ http://localhost:3000/_next/static/chunks/node_modules_next_dist_115brz8._.js:2431
[  115949ms] [LOG] [ImpactGlobe] Hovering: US-China Trade Talks Resume in Geneva Amid Tariff Standoff @ http://localhost:3000/_next/static/chunks/node_modules_next_dist_115brz8._.js:2431
[  115989ms] [LOG] [ImpactGlobe] Hovering: Jamie Dimon Warns of Bond Market Crisis as US Debt Hits $37 Trillion @ http://localhost:3000/_next/static/chunks/node_modules_next_dist_115brz8._.js:2431
[  116038ms] [LOG] [ImpactGlobe] Hovering: Jamie Dimon Warns of Bond Market Crisis as US Debt Hits $37 Trillion @ http://localhost:3000/_next/static/chunks/node_modules_next_dist_115brz8._.js:2431
[  228741ms] [LOG] [Fast Refresh] rebuilding @ http://localhost:3000/_next/static/chunks/node_modules_next_dist_115brz8._.js:2431
[  228906ms] [LOG] [Fast Refresh] done in 157ms @ http://localhost:3000/_next/static/chunks/node_modules_next_dist_115brz8._.js:2431
[  229017ms] [LOG] [Fast Refresh] rebuilding @ http://localhost:3000/_next/static/chunks/node_modules_next_dist_115brz8._.js:2431
[  229174ms] [WARNING] %c%s%c [33m[1m⚠[22m[39m Unsupported metadata viewport is configured in metadata export in /. Please move it to viewport export instead.
Read more: https://nextjs.org/docs/app/api-reference/functions/generate-viewport background: #e6e6e6;background: light-dark(rgba(0,0,0,0.1), rgba(255,255,255,0.25));color: #000000;color: light-dark(#000000, #ffffff);border-radius: 2px  Server   @ http://localhost:3000/_next/static/chunks/node_modules_next_dist_115brz8._.js:2431
[  229184ms] [LOG] [Fast Refresh] done in 274ms @ http://localhost:3000/_next/static/chunks/node_modules_next_dist_115brz8._.js:2431
