[     272ms] [INFO] %cDownload the React DevTools for a better development experience: https://react.dev/link/react-devtools font-weight:bold @ http://localhost:3000/_next/static/chunks/node_modules_next_dist_115brz8._.js:2431
[     307ms] [LOG] [HMR] connected @ http://localhost:3000/_next/static/chunks/node_modules_next_dist_115brz8._.js:2431
[     319ms] [WARNING] %c%s%c [33m[1m⚠[22m[39m Unsupported metadata viewport is configured in metadata export in /. Please move it to viewport export instead.
Read more: https://nextjs.org/docs/app/api-reference/functions/generate-viewport background: #e6e6e6;background: light-dark(rgba(0,0,0,0.1), rgba(255,255,255,0.25));color: #000000;color: light-dark(#000000, #ffffff);border-radius: 2px  Server   @ http://localhost:3000/_next/static/chunks/node_modules_next_dist_115brz8._.js:2431
[     357ms] [LOG] [DisplayEvents] activeEnvLayer: none @ http://localhost:3000/_next/static/chunks/node_modules_next_dist_115brz8._.js:2431
[     358ms] [LOG] [DisplayEvents] envLayerData: null @ http://localhost:3000/_next/static/chunks/node_modules_next_dist_115brz8._.js:2431
[     358ms] [LOG] [DisplayEvents] activeEnvLayer: none @ http://localhost:3000/_next/static/chunks/node_modules_next_dist_115brz8._.js:2431
[     358ms] [LOG] [DisplayEvents] envLayerData: null @ http://localhost:3000/_next/static/chunks/node_modules_next_dist_115brz8._.js:2431
[     399ms] [LOG] [useEnvLayer] Data received: {layerType: none, hasData: false, data: undefined} @ http://localhost:3000/_next/static/chunks/node_modules_next_dist_115brz8._.js:2431
[     401ms] [LOG] [App] envLayerData updated: null @ http://localhost:3000/_next/static/chunks/node_modules_next_dist_115brz8._.js:2431
[     402ms] [LOG] [App] No events from Supabase, using mock data for development @ http://localhost:3000/_next/static/chunks/node_modules_next_dist_115brz8._.js:2431
[     409ms] [LOG] [DisplayEvents] activeEnvLayer: none @ http://localhost:3000/_next/static/chunks/node_modules_next_dist_115brz8._.js:2431
[     410ms] [LOG] [DisplayEvents] envLayerData: null @ http://localhost:3000/_next/static/chunks/node_modules_next_dist_115brz8._.js:2431
[     410ms] [LOG] [DisplayEvents] activeEnvLayer: none @ http://localhost:3000/_next/static/chunks/node_modules_next_dist_115brz8._.js:2431
[     411ms] [LOG] [DisplayEvents] envLayerData: null @ http://localhost:3000/_next/static/chunks/node_modules_next_dist_115brz8._.js:2431
[     577ms] [WARNING] %c%s%c [33m[1m⚠[22m[39m Unsupported metadata viewport is configured in metadata export in /. Please move it to viewport export instead.
Read more: https://nextjs.org/docs/app/api-reference/functions/generate-viewport background: #e6e6e6;background: light-dark(rgba(0,0,0,0.1), rgba(255,255,255,0.25));color: #000000;color: light-dark(#000000, #ffffff);border-radius: 2px  Server   @ http://localhost:3000/_next/static/chunks/node_modules_next_dist_115brz8._.js:2431
[     686ms] [LOG] [Fast Refresh] rebuilding @ http://localhost:3000/_next/static/chunks/node_modules_next_dist_115brz8._.js:2431
[     728ms] [LOG] [Fast Refresh] done in 147ms @ http://localhost:3000/_next/static/chunks/node_modules_next_dist_115brz8._.js:2431
[     747ms] [WARNING] %c%s%c [33m[1m⚠[22m[39m Unsupported metadata viewport is configured in metadata export in /. Please move it to viewport export instead.
Read more: https://nextjs.org/docs/app/api-reference/functions/generate-viewport background: #e6e6e6;background: light-dark(rgba(0,0,0,0.1), rgba(255,255,255,0.25));color: #000000;color: light-dark(#000000, #ffffff);border-radius: 2px  Server   @ http://localhost:3000/_next/static/chunks/node_modules_next_dist_115brz8._.js:2431
[     758ms] [LOG] [DisplayEvents] activeEnvLayer: none @ http://localhost:3000/_next/static/chunks/node_modules_next_dist_115brz8._.js:2431
[     758ms] [LOG] [DisplayEvents] envLayerData: null @ http://localhost:3000/_next/static/chunks/node_modules_next_dist_115brz8._.js:2431
[     759ms] [LOG] [DisplayEvents] activeEnvLayer: none @ http://localhost:3000/_next/static/chunks/node_modules_next_dist_115brz8._.js:2431
[     760ms] [LOG] [DisplayEvents] envLayerData: null @ http://localhost:3000/_next/static/chunks/node_modules_next_dist_115brz8._.js:2431
[     788ms] [LOG] [DisplayEvents] activeEnvLayer: none @ http://localhost:3000/_next/static/chunks/node_modules_next_dist_115brz8._.js:2431
[     788ms] [LOG] [DisplayEvents] envLayerData: null @ http://localhost:3000/_next/static/chunks/node_modules_next_dist_115brz8._.js:2431
[     788ms] [LOG] [DisplayEvents] activeEnvLayer: none @ http://localhost:3000/_next/static/chunks/node_modules_next_dist_115brz8._.js:2431
[     788ms] [LOG] [DisplayEvents] envLayerData: null @ http://localhost:3000/_next/static/chunks/node_modules_next_dist_115brz8._.js:2431
[    1305ms] [LOG] [Realtime] Loaded 0 initial events @ http://localhost:3000/_next/static/chunks/node_modules_next_dist_115brz8._.js:2431
[    1307ms] [LOG] [DisplayEvents] activeEnvLayer: none @ http://localhost:3000/_next/static/chunks/node_modules_next_dist_115brz8._.js:2431
[    1307ms] [LOG] [DisplayEvents] envLayerData: null @ http://localhost:3000/_next/static/chunks/node_modules_next_dist_115brz8._.js:2431
[    1308ms] [LOG] [DisplayEvents] activeEnvLayer: none @ http://localhost:3000/_next/static/chunks/node_modules_next_dist_115brz8._.js:2431
[    1309ms] [LOG] [DisplayEvents] envLayerData: null @ http://localhost:3000/_next/static/chunks/node_modules_next_dist_115brz8._.js:2431
[    1327ms] [LOG] [App] No events from Supabase, using mock data for development @ http://localhost:3000/_next/static/chunks/node_modules_next_dist_115brz8._.js:2431
[    1331ms] [LOG] [DisplayEvents] activeEnvLayer: none @ http://localhost:3000/_next/static/chunks/node_modules_next_dist_115brz8._.js:2431
[    1331ms] [LOG] [DisplayEvents] envLayerData: null @ http://localhost:3000/_next/static/chunks/node_modules_next_dist_115brz8._.js:2431
[    1332ms] [LOG] [DisplayEvents] activeEnvLayer: none @ http://localhost:3000/_next/static/chunks/node_modules_next_dist_115brz8._.js:2431
[    1332ms] [LOG] [DisplayEvents] envLayerData: null @ http://localhost:3000/_next/static/chunks/node_modules_next_dist_115brz8._.js:2431
[    2472ms] [LOG] [Realtime] Subscription status: SUBSCRIBED @ http://localhost:3000/_next/static/chunks/node_modules_next_dist_115brz8._.js:2431
[   10638ms] [LOG] [Fast Refresh] rebuilding @ http://localhost:3000/_next/static/chunks/node_modules_next_dist_115brz8._.js:2431
[   11809ms] [LOG] [Fast Refresh] done in 1276ms @ http://localhost:3000/_next/static/chunks/node_modules_next_dist_115brz8._.js:2431
[   13101ms] [LOG] [Fast Refresh] rebuilding @ http://localhost:3000/_next/static/chunks/node_modules_next_dist_115brz8._.js:2431
[   13239ms] [LOG] [Fast Refresh] done in 243ms @ http://localhost:3000/_next/static/chunks/node_modules_next_dist_115brz8._.js:2431
[   29415ms] [LOG] [ImpactGlobe] Hovering: Brazil Central Bank Cuts Selic Rate by 50bps to 10.25% @ http://localhost:3000/_next/static/chunks/node_modules_next_dist_115brz8._.js:2431
[   29457ms] [LOG] [ImpactGlobe] Hovering: Brazil Central Bank Cuts Selic Rate by 50bps to 10.25% @ http://localhost:3000/_next/static/chunks/node_modules_next_dist_115brz8._.js:2431
[   29499ms] [LOG] [ImpactGlobe] Hovering: Brazil Central Bank Cuts Selic Rate by 50bps to 10.25% @ http://localhost:3000/_next/static/chunks/node_modules_next_dist_115brz8._.js:2431
[   29525ms] [LOG] [ImpactGlobe] Hovering: Brazil Central Bank Cuts Selic Rate by 50bps to 10.25% @ http://localhost:3000/_next/static/chunks/node_modules_next_dist_115brz8._.js:2431
[   29561ms] [LOG] [ImpactGlobe] Hovering: Brazil Central Bank Cuts Selic Rate by 50bps to 10.25% @ http://localhost:3000/_next/static/chunks/node_modules_next_dist_115brz8._.js:2431
[   29575ms] [LOG] [ImpactGlobe] Event clicked: Brazil Central Bank Cuts Selic Rate by 50bps to 10.25% @ http://localhost:3000/_next/static/chunks/node_modules_next_dist_115brz8._.js:2431
[   29632ms] [LOG] [ImpactGlobe] Hovering: Brazil Central Bank Cuts Selic Rate by 50bps to 10.25% @ http://localhost:3000/_next/static/chunks/node_modules_next_dist_115brz8._.js:2431
[   29760ms] [LOG] [ImpactGlobe] Hovering: Brazil Central Bank Cuts Selic Rate by 50bps to 10.25% @ http://localhost:3000/_next/static/chunks/node_modules_next_dist_115brz8._.js:2431
[   30126ms] [LOG] [Fast Refresh] rebuilding @ http://localhost:3000/_next/static/chunks/node_modules_next_dist_115brz8._.js:2431
[   31639ms] [LOG] [Fast Refresh] done in 1615ms @ http://localhost:3000/_next/static/chunks/node_modules_next_dist_115brz8._.js:2431
[   31657ms] [ERROR] Failed to load resource: the server responded with a status of 401 (Unauthorized) @ http://localhost:3000/api/watchlist:0
[   31882ms] [ERROR] Failed to load resource: the server responded with a status of 401 (Unauthorized) @ http://localhost:3000/api/watchlist:0
[   31958ms] [LOG] [Fast Refresh] rebuilding @ http://localhost:3000/_next/static/chunks/node_modules_next_dist_115brz8._.js:2431
[   33522ms] [LOG] [ImpactGlobe] Hovering: Nigeria Oil Output Drops to 18-Month Low After Pipeline Attack @ http://localhost:3000/_next/static/chunks/node_modules_next_dist_115brz8._.js:2431
[   33874ms] [LOG] [Fast Refresh] done in 2017ms @ http://localhost:3000/_next/static/chunks/node_modules_next_dist_115brz8._.js:2431
[   33913ms] [LOG] [ImpactGlobe] Hovering: Nigeria Oil Output Drops to 18-Month Low After Pipeline Attack @ http://localhost:3000/_next/static/chunks/node_modules_next_dist_115brz8._.js:2431
[   95481ms] [LOG] [Fast Refresh] rebuilding @ http://localhost:3000/_next/static/chunks/node_modules_next_dist_115brz8._.js:2431
[   95567ms] [LOG] [Fast Refresh] done in 59ms @ http://localhost:3000/_next/static/chunks/node_modules_next_dist_115brz8._.js:2431
[   95668ms] [LOG] [Fast Refresh] rebuilding @ http://localhost:3000/_next/static/chunks/node_modules_next_dist_115brz8._.js:2431
[   95827ms] [WARNING] %c%s%c [33m[1m⚠[22m[39m Unsupported metadata viewport is configured in metadata export in /. Please move it to viewport export instead.
Read more: https://nextjs.org/docs/app/api-reference/functions/generate-viewport background: #e6e6e6;background: light-dark(rgba(0,0,0,0.1), rgba(255,255,255,0.25));color: #000000;color: light-dark(#000000, #ffffff);border-radius: 2px  Server   @ http://localhost:3000/_next/static/chunks/node_modules_next_dist_115brz8._.js:2431
[   95828ms] [LOG] [Fast Refresh] done in 261ms @ http://localhost:3000/_next/static/chunks/node_modules_next_dist_115brz8._.js:2431
[   95870ms] [LOG] [DisplayEvents] activeEnvLayer: none @ http://localhost:3000/_next/static/chunks/node_modules_next_dist_115brz8._.js:2431
[   95871ms] [LOG] [DisplayEvents] envLayerData: null @ http://localhost:3000/_next/static/chunks/node_modules_next_dist_115brz8._.js:2431
[   95872ms] [LOG] [DisplayEvents] activeEnvLayer: none @ http://localhost:3000/_next/static/chunks/node_modules_next_dist_115brz8._.js:2431
[   95872ms] [LOG] [DisplayEvents] envLayerData: null @ http://localhost:3000/_next/static/chunks/node_modules_next_dist_115brz8._.js:2431
[  110195ms] [LOG] [Fast Refresh] rebuilding @ http://localhost:3000/_next/static/chunks/node_modules_next_dist_115brz8._.js:2431
[  110278ms] [LOG] [Fast Refresh] done in 184ms @ http://localhost:3000/_next/static/chunks/node_modules_next_dist_115brz8._.js:2431
[  173648ms] [LOG] [DisplayEvents] activeEnvLayer: wind @ http://localhost:3000/_next/static/chunks/node_modules_next_dist_115brz8._.js:2431
[  173648ms] [LOG] [DisplayEvents] envLayerData: null @ http://localhost:3000/_next/static/chunks/node_modules_next_dist_115brz8._.js:2431
[  173649ms] [LOG] [DisplayEvents] activeEnvLayer: wind @ http://localhost:3000/_next/static/chunks/node_modules_next_dist_115brz8._.js:2431
[  173649ms] [LOG] [DisplayEvents] envLayerData: null @ http://localhost:3000/_next/static/chunks/node_modules_next_dist_115brz8._.js:2431
[  173679ms] [LOG] [useEnvLayer] Data received: {layerType: wind, hasData: false, data: undefined} @ http://localhost:3000/_next/static/chunks/node_modules_next_dist_115brz8._.js:2431
[  173802ms] [LOG] [Fast Refresh] rebuilding @ http://localhost:3000/_next/static/chunks/node_modules_next_dist_115brz8._.js:2431
[  173856ms] [LOG] [Fast Refresh] done in 155ms @ http://localhost:3000/_next/static/chunks/node_modules_next_dist_115brz8._.js:2431
[  175148ms] [LOG] [DisplayEvents] activeEnvLayer: none @ http://localhost:3000/_next/static/chunks/node_modules_next_dist_115brz8._.js:2431
[  175149ms] [LOG] [DisplayEvents] envLayerData: null @ http://localhost:3000/_next/static/chunks/node_modules_next_dist_115brz8._.js:2431
[  175151ms] [LOG] [DisplayEvents] activeEnvLayer: none @ http://localhost:3000/_next/static/chunks/node_modules_next_dist_115brz8._.js:2431
[  175151ms] [LOG] [DisplayEvents] envLayerData: null @ http://localhost:3000/_next/static/chunks/node_modules_next_dist_115brz8._.js:2431
[  175180ms] [LOG] [useEnvLayer] Data received: {layerType: none, hasData: false, data: undefined} @ http://localhost:3000/_next/static/chunks/node_modules_next_dist_115brz8._.js:2431
[  189732ms] [LOG] [Fast Refresh] rebuilding @ http://localhost:3000/_next/static/chunks/node_modules_next_dist_115brz8._.js:2431
[  190054ms] [WARNING] %c%s%c [33m[1m⚠[22m[39m Unsupported metadata viewport is configured in metadata export in /. Please move it to viewport export instead.
Read more: https://nextjs.org/docs/app/api-reference/functions/generate-viewport background: #e6e6e6;background: light-dark(rgba(0,0,0,0.1), rgba(255,255,255,0.25));color: #000000;color: light-dark(#000000, #ffffff);border-radius: 2px  Server   @ http://localhost:3000/_next/static/chunks/node_modules_next_dist_115brz8._.js:2431
[  190056ms] [LOG] [Fast Refresh] done in 41ms @ http://localhost:3000/_next/static/chunks/node_modules_next_dist_115brz8._.js:2431
[  190077ms] [LOG] [DisplayEvents] activeEnvLayer: none @ http://localhost:3000/_next/static/chunks/node_modules_next_dist_115brz8._.js:2431
[  190077ms] [LOG] [DisplayEvents] envLayerData: null @ http://localhost:3000/_next/static/chunks/node_modules_next_dist_115brz8._.js:2431
[  190078ms] [LOG] [DisplayEvents] activeEnvLayer: none @ http://localhost:3000/_next/static/chunks/node_modules_next_dist_115brz8._.js:2431
[  190078ms] [LOG] [DisplayEvents] envLayerData: null @ http://localhost:3000/_next/static/chunks/node_modules_next_dist_115brz8._.js:2431
[  205112ms] [LOG] [Fast Refresh] rebuilding @ http://localhost:3000/_next/static/chunks/node_modules_next_dist_115brz8._.js:2431
[  205128ms] [LOG] [Fast Refresh] done in 44ms @ http://localhost:3000/_next/static/chunks/node_modules_next_dist_115brz8._.js:2431
[  205299ms] [LOG] [Fast Refresh] rebuilding @ http://localhost:3000/_next/static/chunks/node_modules_next_dist_115brz8._.js:2431
[  205439ms] [WARNING] %c%s%c [33m[1m⚠[22m[39m Unsupported metadata viewport is configured in metadata export in /. Please move it to viewport export instead.
Read more: https://nextjs.org/docs/app/api-reference/functions/generate-viewport background: #e6e6e6;background: light-dark(rgba(0,0,0,0.1), rgba(255,255,255,0.25));color: #000000;color: light-dark(#000000, #ffffff);border-radius: 2px  Server   @ http://localhost:3000/_next/static/chunks/node_modules_next_dist_115brz8._.js:2431
[  205440ms] [LOG] [Fast Refresh] done in 242ms @ http://localhost:3000/_next/static/chunks/node_modules_next_dist_115brz8._.js:2431
[  205470ms] [LOG] [DisplayEvents] activeEnvLayer: none @ http://localhost:3000/_next/static/chunks/node_modules_next_dist_115brz8._.js:2431
[  205470ms] [LOG] [DisplayEvents] envLayerData: null @ http://localhost:3000/_next/static/chunks/node_modules_next_dist_115brz8._.js:2431
[  205472ms] [LOG] [DisplayEvents] activeEnvLayer: none @ http://localhost:3000/_next/static/chunks/node_modules_next_dist_115brz8._.js:2431
[  205472ms] [LOG] [DisplayEvents] envLayerData: null @ http://localhost:3000/_next/static/chunks/node_modules_next_dist_115brz8._.js:2431
[  218991ms] [LOG] [Fast Refresh] rebuilding @ http://localhost:3000/_next/static/chunks/node_modules_next_dist_115brz8._.js:2431
[  219311ms] [WARNING] %c%s%c [33m[1m⚠[22m[39m Unsupported metadata viewport is configured in metadata export in /. Please move it to viewport export instead.
Read more: https://nextjs.org/docs/app/api-reference/functions/generate-viewport background: #e6e6e6;background: light-dark(rgba(0,0,0,0.1), rgba(255,255,255,0.25));color: #000000;color: light-dark(#000000, #ffffff);border-radius: 2px  Server   @ http://localhost:3000/_next/static/chunks/node_modules_next_dist_115brz8._.js:2431
[  219318ms] [LOG] [Fast Refresh] done in 30ms @ http://localhost:3000/_next/static/chunks/node_modules_next_dist_115brz8._.js:2431
[  219333ms] [LOG] [DisplayEvents] activeEnvLayer: none @ http://localhost:3000/_next/static/chunks/node_modules_next_dist_115brz8._.js:2431
[  219334ms] [LOG] [DisplayEvents] envLayerData: null @ http://localhost:3000/_next/static/chunks/node_modules_next_dist_115brz8._.js:2431
[  219335ms] [LOG] [DisplayEvents] activeEnvLayer: none @ http://localhost:3000/_next/static/chunks/node_modules_next_dist_115brz8._.js:2431
[  219335ms] [LOG] [DisplayEvents] envLayerData: null @ http://localhost:3000/_next/static/chunks/node_modules_next_dist_115brz8._.js:2431
[  232411ms] [LOG] [Fast Refresh] rebuilding @ http://localhost:3000/_next/static/chunks/node_modules_next_dist_115brz8._.js:2431
[  232462ms] [LOG] [Fast Refresh] done in 35ms @ http://localhost:3000/_next/static/chunks/node_modules_next_dist_115brz8._.js:2431
[  232566ms] [LOG] [Fast Refresh] rebuilding @ http://localhost:3000/_next/static/chunks/node_modules_next_dist_115brz8._.js:2431
[  232689ms] [WARNING] %c%s%c [33m[1m⚠[22m[39m Unsupported metadata viewport is configured in metadata export in /. Please move it to viewport export instead.
Read more: https://nextjs.org/docs/app/api-reference/functions/generate-viewport background: #e6e6e6;background: light-dark(rgba(0,0,0,0.1), rgba(255,255,255,0.25));color: #000000;color: light-dark(#000000, #ffffff);border-radius: 2px  Server   @ http://localhost:3000/_next/static/chunks/node_modules_next_dist_115brz8._.js:2431
[  232692ms] [LOG] [Fast Refresh] done in 229ms @ http://localhost:3000/_next/static/chunks/node_modules_next_dist_115brz8._.js:2431
[  232708ms] [LOG] [DisplayEvents] activeEnvLayer: none @ http://localhost:3000/_next/static/chunks/node_modules_next_dist_115brz8._.js:2431
[  232709ms] [LOG] [DisplayEvents] envLayerData: null @ http://localhost:3000/_next/static/chunks/node_modules_next_dist_115brz8._.js:2431
[  232710ms] [LOG] [DisplayEvents] activeEnvLayer: none @ http://localhost:3000/_next/static/chunks/node_modules_next_dist_115brz8._.js:2431
[  232710ms] [LOG] [DisplayEvents] envLayerData: null @ http://localhost:3000/_next/static/chunks/node_modules_next_dist_115brz8._.js:2431
[  235314ms] [LOG] [Fast Refresh] rebuilding @ http://localhost:3000/_next/static/chunks/node_modules_next_dist_115brz8._.js:2431
[  235314ms] [LOG] [Fast Refresh] done in 107ms @ http://localhost:3000/_next/static/chunks/node_modules_next_dist_115brz8._.js:2431
[  273026ms] [LOG] [Fast Refresh] rebuilding @ http://localhost:3000/_next/static/chunks/node_modules_next_dist_115brz8._.js:2431
[  273062ms] [LOG] [Fast Refresh] done in 139ms @ http://localhost:3000/_next/static/chunks/node_modules_next_dist_115brz8._.js:2431
[  277131ms] [LOG] [Fast Refresh] rebuilding @ http://localhost:3000/_next/static/chunks/node_modules_next_dist_115brz8._.js:2431
[  277144ms] [LOG] [Fast Refresh] done in 122ms @ http://localhost:3000/_next/static/chunks/node_modules_next_dist_115brz8._.js:2431
[  331346ms] [LOG] [Fast Refresh] rebuilding @ http://localhost:3000/_next/static/chunks/node_modules_next_dist_115brz8._.js:2431
[  331401ms] [LOG] [Fast Refresh] done in 162ms @ http://localhost:3000/_next/static/chunks/node_modules_next_dist_115brz8._.js:2431
[  464670ms] [LOG] [ImpactGlobe] Hovering: Brazil Central Bank Cuts Selic Rate by 50bps to 10.25% @ http://localhost:3000/_next/static/chunks/node_modules_next_dist_115brz8._.js:2431
[  466848ms] [LOG] [ImpactGlobe] Hovering: Federal Reserve Holds Rates Steady at 5.25-5.50% @ http://localhost:3000/_next/static/chunks/node_modules_next_dist_115brz8._.js:2431
[  466873ms] [LOG] [ImpactGlobe] Hovering: Federal Reserve Holds Rates Steady at 5.25-5.50% @ http://localhost:3000/_next/static/chunks/node_modules_next_dist_115brz8._.js:2431
[  466908ms] [LOG] [ImpactGlobe] Hovering: Federal Reserve Holds Rates Steady at 5.25-5.50% @ http://localhost:3000/_next/static/chunks/node_modules_next_dist_115brz8._.js:2431
[  466932ms] [LOG] [ImpactGlobe] Hovering: Federal Reserve Holds Rates Steady at 5.25-5.50% @ http://localhost:3000/_next/static/chunks/node_modules_next_dist_115brz8._.js:2431
[  466950ms] [LOG] [ImpactGlobe] Hovering: Federal Reserve Holds Rates Steady at 5.25-5.50% @ http://localhost:3000/_next/static/chunks/node_modules_next_dist_115brz8._.js:2431
[  466969ms] [LOG] [ImpactGlobe] Hovering: Federal Reserve Holds Rates Steady at 5.25-5.50% @ http://localhost:3000/_next/static/chunks/node_modules_next_dist_115brz8._.js:2431
[  467009ms] [LOG] [ImpactGlobe] Hovering: Federal Reserve Holds Rates Steady at 5.25-5.50% @ http://localhost:3000/_next/static/chunks/node_modules_next_dist_115brz8._.js:2431
[  467030ms] [LOG] [ImpactGlobe] Hovering: Federal Reserve Holds Rates Steady at 5.25-5.50% @ http://localhost:3000/_next/static/chunks/node_modules_next_dist_115brz8._.js:2431
[  467055ms] [LOG] [ImpactGlobe] Hovering: Federal Reserve Holds Rates Steady at 5.25-5.50% @ http://localhost:3000/_next/static/chunks/node_modules_next_dist_115brz8._.js:2431
[  467090ms] [LOG] [ImpactGlobe] Hovering: Federal Reserve Holds Rates Steady at 5.25-5.50% @ http://localhost:3000/_next/static/chunks/node_modules_next_dist_115brz8._.js:2431
[  467115ms] [LOG] [ImpactGlobe] Hovering: Federal Reserve Holds Rates Steady at 5.25-5.50% @ http://localhost:3000/_next/static/chunks/node_modules_next_dist_115brz8._.js:2431
[  467140ms] [LOG] [ImpactGlobe] Hovering: Federal Reserve Holds Rates Steady at 5.25-5.50% @ http://localhost:3000/_next/static/chunks/node_modules_next_dist_115brz8._.js:2431
[  467176ms] [LOG] [ImpactGlobe] Hovering: Federal Reserve Holds Rates Steady at 5.25-5.50% @ http://localhost:3000/_next/static/chunks/node_modules_next_dist_115brz8._.js:2431
[  467200ms] [LOG] [ImpactGlobe] Hovering: Federal Reserve Holds Rates Steady at 5.25-5.50% @ http://localhost:3000/_next/static/chunks/node_modules_next_dist_115brz8._.js:2431
[  467223ms] [LOG] [ImpactGlobe] Hovering: Federal Reserve Holds Rates Steady at 5.25-5.50% @ http://localhost:3000/_next/static/chunks/node_modules_next_dist_115brz8._.js:2431
[  467248ms] [LOG] [ImpactGlobe] Hovering: Federal Reserve Holds Rates Steady at 5.25-5.50% @ http://localhost:3000/_next/static/chunks/node_modules_next_dist_115brz8._.js:2431
[  467274ms] [LOG] [ImpactGlobe] Hovering: Federal Reserve Holds Rates Steady at 5.25-5.50% @ http://localhost:3000/_next/static/chunks/node_modules_next_dist_115brz8._.js:2431
[  467300ms] [LOG] [ImpactGlobe] Hovering: Federal Reserve Holds Rates Steady at 5.25-5.50% @ http://localhost:3000/_next/static/chunks/node_modules_next_dist_115brz8._.js:2431
[  467326ms] [LOG] [ImpactGlobe] Hovering: Federal Reserve Holds Rates Steady at 5.25-5.50% @ http://localhost:3000/_next/static/chunks/node_modules_next_dist_115brz8._.js:2431
[  467351ms] [LOG] [ImpactGlobe] Hovering: Federal Reserve Holds Rates Steady at 5.25-5.50% @ http://localhost:3000/_next/static/chunks/node_modules_next_dist_115brz8._.js:2431
[  467381ms] [LOG] [ImpactGlobe] Hovering: Federal Reserve Holds Rates Steady at 5.25-5.50% @ http://localhost:3000/_next/static/chunks/node_modules_next_dist_115brz8._.js:2431
[  467413ms] [LOG] [ImpactGlobe] Hovering: Federal Reserve Holds Rates Steady at 5.25-5.50% @ http://localhost:3000/_next/static/chunks/node_modules_next_dist_115brz8._.js:2431
[  467436ms] [LOG] [ImpactGlobe] Hovering: Federal Reserve Holds Rates Steady at 5.25-5.50% @ http://localhost:3000/_next/static/chunks/node_modules_next_dist_115brz8._.js:2431
[  467460ms] [LOG] [ImpactGlobe] Hovering: Federal Reserve Holds Rates Steady at 5.25-5.50% @ http://localhost:3000/_next/static/chunks/node_modules_next_dist_115brz8._.js:2431
[  467484ms] [LOG] [ImpactGlobe] Hovering: Federal Reserve Holds Rates Steady at 5.25-5.50% @ http://localhost:3000/_next/static/chunks/node_modules_next_dist_115brz8._.js:2431
[  467510ms] [LOG] [ImpactGlobe] Hovering: Federal Reserve Holds Rates Steady at 5.25-5.50% @ http://localhost:3000/_next/static/chunks/node_modules_next_dist_115brz8._.js:2431
[  467536ms] [LOG] [ImpactGlobe] Hovering: Federal Reserve Holds Rates Steady at 5.25-5.50% @ http://localhost:3000/_next/static/chunks/node_modules_next_dist_115brz8._.js:2431
[  467559ms] [LOG] [ImpactGlobe] Hovering: Federal Reserve Holds Rates Steady at 5.25-5.50% @ http://localhost:3000/_next/static/chunks/node_modules_next_dist_115brz8._.js:2431
[  467588ms] [LOG] [ImpactGlobe] Hovering: Federal Reserve Holds Rates Steady at 5.25-5.50% @ http://localhost:3000/_next/static/chunks/node_modules_next_dist_115brz8._.js:2431
[  467613ms] [LOG] [ImpactGlobe] Hovering: Federal Reserve Holds Rates Steady at 5.25-5.50% @ http://localhost:3000/_next/static/chunks/node_modules_next_dist_115brz8._.js:2431
[  467643ms] [LOG] [ImpactGlobe] Hovering: Federal Reserve Holds Rates Steady at 5.25-5.50% @ http://localhost:3000/_next/static/chunks/node_modules_next_dist_115brz8._.js:2431
[  467668ms] [LOG] [ImpactGlobe] Hovering: Federal Reserve Holds Rates Steady at 5.25-5.50% @ http://localhost:3000/_next/static/chunks/node_modules_next_dist_115brz8._.js:2431
[  467698ms] [LOG] [ImpactGlobe] Hovering: Federal Reserve Holds Rates Steady at 5.25-5.50% @ http://localhost:3000/_next/static/chunks/node_modules_next_dist_115brz8._.js:2431
[  467729ms] [LOG] [ImpactGlobe] Hovering: Federal Reserve Holds Rates Steady at 5.25-5.50% @ http://localhost:3000/_next/static/chunks/node_modules_next_dist_115brz8._.js:2431
[  467759ms] [LOG] [ImpactGlobe] Hovering: Federal Reserve Holds Rates Steady at 5.25-5.50% @ http://localhost:3000/_next/static/chunks/node_modules_next_dist_115brz8._.js:2431
[  467782ms] [LOG] [ImpactGlobe] Hovering: Federal Reserve Holds Rates Steady at 5.25-5.50% @ http://localhost:3000/_next/static/chunks/node_modules_next_dist_115brz8._.js:2431
[  467807ms] [LOG] [ImpactGlobe] Hovering: Federal Reserve Holds Rates Steady at 5.25-5.50% @ http://localhost:3000/_next/static/chunks/node_modules_next_dist_115brz8._.js:2431
[  467837ms] [LOG] [ImpactGlobe] Hovering: Federal Reserve Holds Rates Steady at 5.25-5.50% @ http://localhost:3000/_next/static/chunks/node_modules_next_dist_115brz8._.js:2431
[  467863ms] [LOG] [ImpactGlobe] Hovering: Federal Reserve Holds Rates Steady at 5.25-5.50% @ http://localhost:3000/_next/static/chunks/node_modules_next_dist_115brz8._.js:2431
[  467885ms] [LOG] [ImpactGlobe] Hovering: Federal Reserve Holds Rates Steady at 5.25-5.50% @ http://localhost:3000/_next/static/chunks/node_modules_next_dist_115brz8._.js:2431
[  467915ms] [LOG] [ImpactGlobe] Hovering: Federal Reserve Holds Rates Steady at 5.25-5.50% @ http://localhost:3000/_next/static/chunks/node_modules_next_dist_115brz8._.js:2431
[  467934ms] [LOG] [ImpactGlobe] Hovering: Federal Reserve Holds Rates Steady at 5.25-5.50% @ http://localhost:3000/_next/static/chunks/node_modules_next_dist_115brz8._.js:2431
[  467969ms] [LOG] [ImpactGlobe] Hovering: Federal Reserve Holds Rates Steady at 5.25-5.50% @ http://localhost:3000/_next/static/chunks/node_modules_next_dist_115brz8._.js:2431
[  467991ms] [LOG] [ImpactGlobe] Hovering: Federal Reserve Holds Rates Steady at 5.25-5.50% @ http://localhost:3000/_next/static/chunks/node_modules_next_dist_115brz8._.js:2431
[  468020ms] [LOG] [ImpactGlobe] Hovering: Federal Reserve Holds Rates Steady at 5.25-5.50% @ http://localhost:3000/_next/static/chunks/node_modules_next_dist_115brz8._.js:2431
[  468050ms] [LOG] [ImpactGlobe] Hovering: Federal Reserve Holds Rates Steady at 5.25-5.50% @ http://localhost:3000/_next/static/chunks/node_modules_next_dist_115brz8._.js:2431
[  468074ms] [LOG] [ImpactGlobe] Hovering: Federal Reserve Holds Rates Steady at 5.25-5.50% @ http://localhost:3000/_next/static/chunks/node_modules_next_dist_115brz8._.js:2431
[  468098ms] [LOG] [ImpactGlobe] Hovering: Federal Reserve Holds Rates Steady at 5.25-5.50% @ http://localhost:3000/_next/static/chunks/node_modules_next_dist_115brz8._.js:2431
[  468122ms] [LOG] [ImpactGlobe] Hovering: Federal Reserve Holds Rates Steady at 5.25-5.50% @ http://localhost:3000/_next/static/chunks/node_modules_next_dist_115brz8._.js:2431
[  468154ms] [LOG] [ImpactGlobe] Hovering: Federal Reserve Holds Rates Steady at 5.25-5.50% @ http://localhost:3000/_next/static/chunks/node_modules_next_dist_115brz8._.js:2431
[  468183ms] [LOG] [ImpactGlobe] Hovering: Federal Reserve Holds Rates Steady at 5.25-5.50% @ http://localhost:3000/_next/static/chunks/node_modules_next_dist_115brz8._.js:2431
[  468215ms] [LOG] [ImpactGlobe] Hovering: Federal Reserve Holds Rates Steady at 5.25-5.50% @ http://localhost:3000/_next/static/chunks/node_modules_next_dist_115brz8._.js:2431
[  468238ms] [LOG] [ImpactGlobe] Hovering: Federal Reserve Holds Rates Steady at 5.25-5.50% @ http://localhost:3000/_next/static/chunks/node_modules_next_dist_115brz8._.js:2431
[  468267ms] [LOG] [ImpactGlobe] Hovering: Federal Reserve Holds Rates Steady at 5.25-5.50% @ http://localhost:3000/_next/static/chunks/node_modules_next_dist_115brz8._.js:2431
[  468287ms] [LOG] [ImpactGlobe] Hovering: Federal Reserve Holds Rates Steady at 5.25-5.50% @ http://localhost:3000/_next/static/chunks/node_modules_next_dist_115brz8._.js:2431
[  468313ms] [LOG] [ImpactGlobe] Hovering: Federal Reserve Holds Rates Steady at 5.25-5.50% @ http://localhost:3000/_next/static/chunks/node_modules_next_dist_115brz8._.js:2431
[  468335ms] [LOG] [ImpactGlobe] Hovering: Federal Reserve Holds Rates Steady at 5.25-5.50% @ http://localhost:3000/_next/static/chunks/node_modules_next_dist_115brz8._.js:2431
[  468366ms] [LOG] [ImpactGlobe] Hovering: Federal Reserve Holds Rates Steady at 5.25-5.50% @ http://localhost:3000/_next/static/chunks/node_modules_next_dist_115brz8._.js:2431
[  468389ms] [LOG] [ImpactGlobe] Hovering: Federal Reserve Holds Rates Steady at 5.25-5.50% @ http://localhost:3000/_next/static/chunks/node_modules_next_dist_115brz8._.js:2431
[  468420ms] [LOG] [ImpactGlobe] Hovering: Federal Reserve Holds Rates Steady at 5.25-5.50% @ http://localhost:3000/_next/static/chunks/node_modules_next_dist_115brz8._.js:2431
[  468450ms] [LOG] [ImpactGlobe] Hovering: Federal Reserve Holds Rates Steady at 5.25-5.50% @ http://localhost:3000/_next/static/chunks/node_modules_next_dist_115brz8._.js:2431
[  468471ms] [LOG] [ImpactGlobe] Hovering: Federal Reserve Holds Rates Steady at 5.25-5.50% @ http://localhost:3000/_next/static/chunks/node_modules_next_dist_115brz8._.js:2431
[  468498ms] [LOG] [ImpactGlobe] Hovering: Federal Reserve Holds Rates Steady at 5.25-5.50% @ http://localhost:3000/_next/static/chunks/node_modules_next_dist_115brz8._.js:2431
[  468530ms] [LOG] [ImpactGlobe] Hovering: Federal Reserve Holds Rates Steady at 5.25-5.50% @ http://localhost:3000/_next/static/chunks/node_modules_next_dist_115brz8._.js:2431
[  469521ms] [LOG] [ImpactGlobe] Hovering: EU Imposes New Sanctions on Russian Energy Exports @ http://localhost:3000/_next/static/chunks/node_modules_next_dist_115brz8._.js:2431
[  469564ms] [LOG] [ImpactGlobe] Hovering: EU Imposes New Sanctions on Russian Energy Exports @ http://localhost:3000/_next/static/chunks/node_modules_next_dist_115brz8._.js:2431
[  469591ms] [LOG] [ImpactGlobe] Hovering: EU Imposes New Sanctions on Russian Energy Exports @ http://localhost:3000/_next/static/chunks/node_modules_next_dist_115brz8._.js:2431
[  469621ms] [LOG] [ImpactGlobe] Hovering: EU Imposes New Sanctions on Russian Energy Exports @ http://localhost:3000/_next/static/chunks/node_modules_next_dist_115brz8._.js:2431
[  469639ms] [LOG] [ImpactGlobe] Hovering: EU Imposes New Sanctions on Russian Energy Exports @ http://localhost:3000/_next/static/chunks/node_modules_next_dist_115brz8._.js:2431
[  469665ms] [LOG] [ImpactGlobe] Hovering: EU Imposes New Sanctions on Russian Energy Exports @ http://localhost:3000/_next/static/chunks/node_modules_next_dist_115brz8._.js:2431
[  469696ms] [LOG] [ImpactGlobe] Hovering: EU Imposes New Sanctions on Russian Energy Exports @ http://localhost:3000/_next/static/chunks/node_modules_next_dist_115brz8._.js:2431
[  469727ms] [LOG] [ImpactGlobe] Hovering: EU Imposes New Sanctions on Russian Energy Exports @ http://localhost:3000/_next/static/chunks/node_modules_next_dist_115brz8._.js:2431
[  469753ms] [LOG] [ImpactGlobe] Hovering: EU Imposes New Sanctions on Russian Energy Exports @ http://localhost:3000/_next/static/chunks/node_modules_next_dist_115brz8._.js:2431
[  469777ms] [LOG] [ImpactGlobe] Hovering: EU Imposes New Sanctions on Russian Energy Exports @ http://localhost:3000/_next/static/chunks/node_modules_next_dist_115brz8._.js:2431
[  469805ms] [LOG] [ImpactGlobe] Hovering: EU Imposes New Sanctions on Russian Energy Exports @ http://localhost:3000/_next/static/chunks/node_modules_next_dist_115brz8._.js:2431
[  469844ms] [LOG] [ImpactGlobe] Hovering: EU Imposes New Sanctions on Russian Energy Exports @ http://localhost:3000/_next/static/chunks/node_modules_next_dist_115brz8._.js:2431
[  469877ms] [LOG] [ImpactGlobe] Hovering: EU Imposes New Sanctions on Russian Energy Exports @ http://localhost:3000/_next/static/chunks/node_modules_next_dist_115brz8._.js:2431
[  469894ms] [LOG] [ImpactGlobe] Hovering: EU Imposes New Sanctions on Russian Energy Exports @ http://localhost:3000/_next/static/chunks/node_modules_next_dist_115brz8._.js:2431
[  469919ms] [LOG] [ImpactGlobe] Hovering: EU Imposes New Sanctions on Russian Energy Exports @ http://localhost:3000/_next/static/chunks/node_modules_next_dist_115brz8._.js:2431
[  469945ms] [LOG] [ImpactGlobe] Hovering: EU Imposes New Sanctions on Russian Energy Exports @ http://localhost:3000/_next/static/chunks/node_modules_next_dist_115brz8._.js:2431
[  469970ms] [LOG] [ImpactGlobe] Hovering: EU Imposes New Sanctions on Russian Energy Exports @ http://localhost:3000/_next/static/chunks/node_modules_next_dist_115brz8._.js:2431
[  469994ms] [LOG] [ImpactGlobe] Hovering: EU Imposes New Sanctions on Russian Energy Exports @ http://localhost:3000/_next/static/chunks/node_modules_next_dist_115brz8._.js:2431
[  470024ms] [LOG] [ImpactGlobe] Hovering: EU Imposes New Sanctions on Russian Energy Exports @ http://localhost:3000/_next/static/chunks/node_modules_next_dist_115brz8._.js:2431
[  470048ms] [LOG] [ImpactGlobe] Hovering: EU Imposes New Sanctions on Russian Energy Exports @ http://localhost:3000/_next/static/chunks/node_modules_next_dist_115brz8._.js:2431
[  470078ms] [LOG] [ImpactGlobe] Hovering: EU Imposes New Sanctions on Russian Energy Exports @ http://localhost:3000/_next/static/chunks/node_modules_next_dist_115brz8._.js:2431
[  470107ms] [LOG] [ImpactGlobe] Hovering: EU Imposes New Sanctions on Russian Energy Exports @ http://localhost:3000/_next/static/chunks/node_modules_next_dist_115brz8._.js:2431
[  470132ms] [LOG] [ImpactGlobe] Hovering: EU Imposes New Sanctions on Russian Energy Exports @ http://localhost:3000/_next/static/chunks/node_modules_next_dist_115brz8._.js:2431
[  470164ms] [LOG] [ImpactGlobe] Hovering: EU Imposes New Sanctions on Russian Energy Exports @ http://localhost:3000/_next/static/chunks/node_modules_next_dist_115brz8._.js:2431
[  470195ms] [LOG] [ImpactGlobe] Hovering: EU Imposes New Sanctions on Russian Energy Exports @ http://localhost:3000/_next/static/chunks/node_modules_next_dist_115brz8._.js:2431
[  470217ms] [LOG] [ImpactGlobe] Hovering: EU Imposes New Sanctions on Russian Energy Exports @ http://localhost:3000/_next/static/chunks/node_modules_next_dist_115brz8._.js:2431
[  470247ms] [LOG] [ImpactGlobe] Hovering: EU Imposes New Sanctions on Russian Energy Exports @ http://localhost:3000/_next/static/chunks/node_modules_next_dist_115brz8._.js:2431
[  470271ms] [LOG] [ImpactGlobe] Hovering: EU Imposes New Sanctions on Russian Energy Exports @ http://localhost:3000/_next/static/chunks/node_modules_next_dist_115brz8._.js:2431
[  470714ms] [LOG] [ImpactGlobe] Hovering: 7.2 Magnitude Earthquake Strikes Central Turkey @ http://localhost:3000/_next/static/chunks/node_modules_next_dist_115brz8._.js:2431
[  470760ms] [LOG] [ImpactGlobe] Hovering: 7.2 Magnitude Earthquake Strikes Central Turkey @ http://localhost:3000/_next/static/chunks/node_modules_next_dist_115brz8._.js:2431
[  470784ms] [LOG] [ImpactGlobe] Hovering: 7.2 Magnitude Earthquake Strikes Central Turkey @ http://localhost:3000/_next/static/chunks/node_modules_next_dist_115brz8._.js:2431
[  470808ms] [LOG] [ImpactGlobe] Hovering: 7.2 Magnitude Earthquake Strikes Central Turkey @ http://localhost:3000/_next/static/chunks/node_modules_next_dist_115brz8._.js:2431
[  470830ms] [LOG] [ImpactGlobe] Hovering: 7.2 Magnitude Earthquake Strikes Central Turkey @ http://localhost:3000/_next/static/chunks/node_modules_next_dist_115brz8._.js:2431
[  470859ms] [LOG] [ImpactGlobe] Hovering: 7.2 Magnitude Earthquake Strikes Central Turkey @ http://localhost:3000/_next/static/chunks/node_modules_next_dist_115brz8._.js:2431
[  470879ms] [LOG] [ImpactGlobe] Hovering: 7.2 Magnitude Earthquake Strikes Central Turkey @ http://localhost:3000/_next/static/chunks/node_modules_next_dist_115brz8._.js:2431
[  470897ms] [LOG] [ImpactGlobe] Hovering: 7.2 Magnitude Earthquake Strikes Central Turkey @ http://localhost:3000/_next/static/chunks/node_modules_next_dist_115brz8._.js:2431
[  470926ms] [LOG] [ImpactGlobe] Hovering: 7.2 Magnitude Earthquake Strikes Central Turkey @ http://localhost:3000/_next/static/chunks/node_modules_next_dist_115brz8._.js:2431
[  470949ms] [LOG] [ImpactGlobe] Hovering: 7.2 Magnitude Earthquake Strikes Central Turkey @ http://localhost:3000/_next/static/chunks/node_modules_next_dist_115brz8._.js:2431
[  470984ms] [LOG] [ImpactGlobe] Hovering: 7.2 Magnitude Earthquake Strikes Central Turkey @ http://localhost:3000/_next/static/chunks/node_modules_next_dist_115brz8._.js:2431
[  471014ms] [LOG] [ImpactGlobe] Hovering: 7.2 Magnitude Earthquake Strikes Central Turkey @ http://localhost:3000/_next/static/chunks/node_modules_next_dist_115brz8._.js:2431
[  471044ms] [LOG] [ImpactGlobe] Hovering: 7.2 Magnitude Earthquake Strikes Central Turkey @ http://localhost:3000/_next/static/chunks/node_modules_next_dist_115brz8._.js:2431
[  471067ms] [LOG] [ImpactGlobe] Hovering: 7.2 Magnitude Earthquake Strikes Central Turkey @ http://localhost:3000/_next/static/chunks/node_modules_next_dist_115brz8._.js:2431
[  471103ms] [LOG] [ImpactGlobe] Hovering: 7.2 Magnitude Earthquake Strikes Central Turkey @ http://localhost:3000/_next/static/chunks/node_modules_next_dist_115brz8._.js:2431
[  471121ms] [LOG] [ImpactGlobe] Hovering: 7.2 Magnitude Earthquake Strikes Central Turkey @ http://localhost:3000/_next/static/chunks/node_modules_next_dist_115brz8._.js:2431
[  471147ms] [LOG] [ImpactGlobe] Hovering: 7.2 Magnitude Earthquake Strikes Central Turkey @ http://localhost:3000/_next/static/chunks/node_modules_next_dist_115brz8._.js:2431
[  471177ms] [LOG] [ImpactGlobe] Hovering: 7.2 Magnitude Earthquake Strikes Central Turkey @ http://localhost:3000/_next/static/chunks/node_modules_next_dist_115brz8._.js:2431
[  471201ms] [LOG] [ImpactGlobe] Hovering: 7.2 Magnitude Earthquake Strikes Central Turkey @ http://localhost:3000/_next/static/chunks/node_modules_next_dist_115brz8._.js:2431
[  471232ms] [LOG] [ImpactGlobe] Hovering: 7.2 Magnitude Earthquake Strikes Central Turkey @ http://localhost:3000/_next/static/chunks/node_modules_next_dist_115brz8._.js:2431
[  471255ms] [LOG] [ImpactGlobe] Hovering: 7.2 Magnitude Earthquake Strikes Central Turkey @ http://localhost:3000/_next/static/chunks/node_modules_next_dist_115brz8._.js:2431
[  471279ms] [LOG] [ImpactGlobe] Hovering: 7.2 Magnitude Earthquake Strikes Central Turkey @ http://localhost:3000/_next/static/chunks/node_modules_next_dist_115brz8._.js:2431
[  471308ms] [LOG] [ImpactGlobe] Hovering: 7.2 Magnitude Earthquake Strikes Central Turkey @ http://localhost:3000/_next/static/chunks/node_modules_next_dist_115brz8._.js:2431
[  471330ms] [LOG] [ImpactGlobe] Hovering: 7.2 Magnitude Earthquake Strikes Central Turkey @ http://localhost:3000/_next/static/chunks/node_modules_next_dist_115brz8._.js:2431
[  471359ms] [LOG] [ImpactGlobe] Hovering: 7.2 Magnitude Earthquake Strikes Central Turkey @ http://localhost:3000/_next/static/chunks/node_modules_next_dist_115brz8._.js:2431
[  471377ms] [LOG] [ImpactGlobe] Hovering: 7.2 Magnitude Earthquake Strikes Central Turkey @ http://localhost:3000/_next/static/chunks/node_modules_next_dist_115brz8._.js:2431
[  471407ms] [LOG] [ImpactGlobe] Hovering: 7.2 Magnitude Earthquake Strikes Central Turkey @ http://localhost:3000/_next/static/chunks/node_modules_next_dist_115brz8._.js:2431
[  471432ms] [LOG] [ImpactGlobe] Hovering: 7.2 Magnitude Earthquake Strikes Central Turkey @ http://localhost:3000/_next/static/chunks/node_modules_next_dist_115brz8._.js:2431
[  471462ms] [LOG] [ImpactGlobe] Hovering: 7.2 Magnitude Earthquake Strikes Central Turkey @ http://localhost:3000/_next/static/chunks/node_modules_next_dist_115brz8._.js:2431
[  471493ms] [LOG] [ImpactGlobe] Hovering: 7.2 Magnitude Earthquake Strikes Central Turkey @ http://localhost:3000/_next/static/chunks/node_modules_next_dist_115brz8._.js:2431
[  471516ms] [LOG] [ImpactGlobe] Hovering: 7.2 Magnitude Earthquake Strikes Central Turkey @ http://localhost:3000/_next/static/chunks/node_modules_next_dist_115brz8._.js:2431
[  471548ms] [LOG] [ImpactGlobe] Hovering: 7.2 Magnitude Earthquake Strikes Central Turkey @ http://localhost:3000/_next/static/chunks/node_modules_next_dist_115brz8._.js:2431
[  471572ms] [LOG] [ImpactGlobe] Hovering: 7.2 Magnitude Earthquake Strikes Central Turkey @ http://localhost:3000/_next/static/chunks/node_modules_next_dist_115brz8._.js:2431
[  471597ms] [LOG] [ImpactGlobe] Hovering: 7.2 Magnitude Earthquake Strikes Central Turkey @ http://localhost:3000/_next/static/chunks/node_modules_next_dist_115brz8._.js:2431
[  471627ms] [LOG] [ImpactGlobe] Hovering: 7.2 Magnitude Earthquake Strikes Central Turkey @ http://localhost:3000/_next/static/chunks/node_modules_next_dist_115brz8._.js:2431
[  471649ms] [LOG] [ImpactGlobe] Hovering: 7.2 Magnitude Earthquake Strikes Central Turkey @ http://localhost:3000/_next/static/chunks/node_modules_next_dist_115brz8._.js:2431
[  471681ms] [LOG] [ImpactGlobe] Hovering: 7.2 Magnitude Earthquake Strikes Central Turkey @ http://localhost:3000/_next/static/chunks/node_modules_next_dist_115brz8._.js:2431
[  471712ms] [LOG] [ImpactGlobe] Hovering: 7.2 Magnitude Earthquake Strikes Central Turkey @ http://localhost:3000/_next/static/chunks/node_modules_next_dist_115brz8._.js:2431
[  471735ms] [LOG] [ImpactGlobe] Hovering: 7.2 Magnitude Earthquake Strikes Central Turkey @ http://localhost:3000/_next/static/chunks/node_modules_next_dist_115brz8._.js:2431
[  471765ms] [LOG] [ImpactGlobe] Hovering: 7.2 Magnitude Earthquake Strikes Central Turkey @ http://localhost:3000/_next/static/chunks/node_modules_next_dist_115brz8._.js:2431
[  471784ms] [LOG] [ImpactGlobe] Hovering: 7.2 Magnitude Earthquake Strikes Central Turkey @ http://localhost:3000/_next/static/chunks/node_modules_next_dist_115brz8._.js:2431
[  471810ms] [LOG] [ImpactGlobe] Hovering: 7.2 Magnitude Earthquake Strikes Central Turkey @ http://localhost:3000/_next/static/chunks/node_modules_next_dist_115brz8._.js:2431
[  471839ms] [LOG] [ImpactGlobe] Hovering: 7.2 Magnitude Earthquake Strikes Central Turkey @ http://localhost:3000/_next/static/chunks/node_modules_next_dist_115brz8._.js:2431
[  471862ms] [LOG] [ImpactGlobe] Hovering: 7.2 Magnitude Earthquake Strikes Central Turkey @ http://localhost:3000/_next/static/chunks/node_modules_next_dist_115brz8._.js:2431
[  471892ms] [LOG] [ImpactGlobe] Hovering: 7.2 Magnitude Earthquake Strikes Central Turkey @ http://localhost:3000/_next/static/chunks/node_modules_next_dist_115brz8._.js:2431
[  471911ms] [LOG] [ImpactGlobe] Hovering: 7.2 Magnitude Earthquake Strikes Central Turkey @ http://localhost:3000/_next/static/chunks/node_modules_next_dist_115brz8._.js:2431
[  471941ms] [LOG] [ImpactGlobe] Hovering: 7.2 Magnitude Earthquake Strikes Central Turkey @ http://localhost:3000/_next/static/chunks/node_modules_next_dist_115brz8._.js:2431
[  471967ms] [LOG] [ImpactGlobe] Hovering: 7.2 Magnitude Earthquake Strikes Central Turkey @ http://localhost:3000/_next/static/chunks/node_modules_next_dist_115brz8._.js:2431
[  471998ms] [LOG] [ImpactGlobe] Hovering: 7.2 Magnitude Earthquake Strikes Central Turkey @ http://localhost:3000/_next/static/chunks/node_modules_next_dist_115brz8._.js:2431
[  472021ms] [LOG] [ImpactGlobe] Hovering: 7.2 Magnitude Earthquake Strikes Central Turkey @ http://localhost:3000/_next/static/chunks/node_modules_next_dist_115brz8._.js:2431
[  472048ms] [LOG] [ImpactGlobe] Hovering: 7.2 Magnitude Earthquake Strikes Central Turkey @ http://localhost:3000/_next/static/chunks/node_modules_next_dist_115brz8._.js:2431
[  473983ms] [LOG] [ImpactGlobe] Hovering: Nigeria Oil Output Drops to 18-Month Low After Pipeline Attack @ http://localhost:3000/_next/static/chunks/node_modules_next_dist_115brz8._.js:2431
[  474026ms] [LOG] [ImpactGlobe] Hovering: Nigeria Oil Output Drops to 18-Month Low After Pipeline Attack @ http://localhost:3000/_next/static/chunks/node_modules_next_dist_115brz8._.js:2431
[  474050ms] [LOG] [ImpactGlobe] Hovering: Nigeria Oil Output Drops to 18-Month Low After Pipeline Attack @ http://localhost:3000/_next/static/chunks/node_modules_next_dist_115brz8._.js:2431
[  474078ms] [LOG] [ImpactGlobe] Hovering: Nigeria Oil Output Drops to 18-Month Low After Pipeline Attack @ http://localhost:3000/_next/static/chunks/node_modules_next_dist_115brz8._.js:2431
[  474099ms] [LOG] [ImpactGlobe] Hovering: Nigeria Oil Output Drops to 18-Month Low After Pipeline Attack @ http://localhost:3000/_next/static/chunks/node_modules_next_dist_115brz8._.js:2431
[  474118ms] [LOG] [ImpactGlobe] Hovering: Nigeria Oil Output Drops to 18-Month Low After Pipeline Attack @ http://localhost:3000/_next/static/chunks/node_modules_next_dist_115brz8._.js:2431
[  474169ms] [LOG] [ImpactGlobe] Hovering: Nigeria Oil Output Drops to 18-Month Low After Pipeline Attack @ http://localhost:3000/_next/static/chunks/node_modules_next_dist_115brz8._.js:2431
[  474189ms] [LOG] [ImpactGlobe] Hovering: Nigeria Oil Output Drops to 18-Month Low After Pipeline Attack @ http://localhost:3000/_next/static/chunks/node_modules_next_dist_115brz8._.js:2431
[  474220ms] [LOG] [ImpactGlobe] Hovering: Nigeria Oil Output Drops to 18-Month Low After Pipeline Attack @ http://localhost:3000/_next/static/chunks/node_modules_next_dist_115brz8._.js:2431
[  474248ms] [LOG] [ImpactGlobe] Hovering: Nigeria Oil Output Drops to 18-Month Low After Pipeline Attack @ http://localhost:3000/_next/static/chunks/node_modules_next_dist_115brz8._.js:2431
[  474272ms] [LOG] [ImpactGlobe] Hovering: Nigeria Oil Output Drops to 18-Month Low After Pipeline Attack @ http://localhost:3000/_next/static/chunks/node_modules_next_dist_115brz8._.js:2431
[  474290ms] [LOG] [ImpactGlobe] Hovering: Nigeria Oil Output Drops to 18-Month Low After Pipeline Attack @ http://localhost:3000/_next/static/chunks/node_modules_next_dist_115brz8._.js:2431
[  474317ms] [LOG] [ImpactGlobe] Hovering: Nigeria Oil Output Drops to 18-Month Low After Pipeline Attack @ http://localhost:3000/_next/static/chunks/node_modules_next_dist_115brz8._.js:2431
[  474347ms] [LOG] [ImpactGlobe] Hovering: Nigeria Oil Output Drops to 18-Month Low After Pipeline Attack @ http://localhost:3000/_next/static/chunks/node_modules_next_dist_115brz8._.js:2431
[  474376ms] [LOG] [ImpactGlobe] Hovering: Nigeria Oil Output Drops to 18-Month Low After Pipeline Attack @ http://localhost:3000/_next/static/chunks/node_modules_next_dist_115brz8._.js:2431
[  474396ms] [LOG] [ImpactGlobe] Hovering: Nigeria Oil Output Drops to 18-Month Low After Pipeline Attack @ http://localhost:3000/_next/static/chunks/node_modules_next_dist_115brz8._.js:2431
[  474425ms] [LOG] [ImpactGlobe] Hovering: Nigeria Oil Output Drops to 18-Month Low After Pipeline Attack @ http://localhost:3000/_next/static/chunks/node_modules_next_dist_115brz8._.js:2431
[  474455ms] [LOG] [ImpactGlobe] Hovering: Nigeria Oil Output Drops to 18-Month Low After Pipeline Attack @ http://localhost:3000/_next/static/chunks/node_modules_next_dist_115brz8._.js:2431
[  474479ms] [LOG] [ImpactGlobe] Hovering: Nigeria Oil Output Drops to 18-Month Low After Pipeline Attack @ http://localhost:3000/_next/static/chunks/node_modules_next_dist_115brz8._.js:2431
[  474504ms] [LOG] [ImpactGlobe] Hovering: Nigeria Oil Output Drops to 18-Month Low After Pipeline Attack @ http://localhost:3000/_next/static/chunks/node_modules_next_dist_115brz8._.js:2431
[  474531ms] [LOG] [ImpactGlobe] Hovering: Nigeria Oil Output Drops to 18-Month Low After Pipeline Attack @ http://localhost:3000/_next/static/chunks/node_modules_next_dist_115brz8._.js:2431
[  474570ms] [LOG] [ImpactGlobe] Hovering: Nigeria Oil Output Drops to 18-Month Low After Pipeline Attack @ http://localhost:3000/_next/static/chunks/node_modules_next_dist_115brz8._.js:2431
[  474607ms] [LOG] [ImpactGlobe] Hovering: Nigeria Oil Output Drops to 18-Month Low After Pipeline Attack @ http://localhost:3000/_next/static/chunks/node_modules_next_dist_115brz8._.js:2431
[  474642ms] [LOG] [ImpactGlobe] Hovering: Nigeria Oil Output Drops to 18-Month Low After Pipeline Attack @ http://localhost:3000/_next/static/chunks/node_modules_next_dist_115brz8._.js:2431
[  474664ms] [LOG] [ImpactGlobe] Hovering: Nigeria Oil Output Drops to 18-Month Low After Pipeline Attack @ http://localhost:3000/_next/static/chunks/node_modules_next_dist_115brz8._.js:2431
[  474686ms] [LOG] [ImpactGlobe] Hovering: Nigeria Oil Output Drops to 18-Month Low After Pipeline Attack @ http://localhost:3000/_next/static/chunks/node_modules_next_dist_115brz8._.js:2431
[  474717ms] [LOG] [ImpactGlobe] Hovering: Nigeria Oil Output Drops to 18-Month Low After Pipeline Attack @ http://localhost:3000/_next/static/chunks/node_modules_next_dist_115brz8._.js:2431
[  474735ms] [LOG] [ImpactGlobe] Hovering: Nigeria Oil Output Drops to 18-Month Low After Pipeline Attack @ http://localhost:3000/_next/static/chunks/node_modules_next_dist_115brz8._.js:2431
[  474766ms] [LOG] [ImpactGlobe] Hovering: Nigeria Oil Output Drops to 18-Month Low After Pipeline Attack @ http://localhost:3000/_next/static/chunks/node_modules_next_dist_115brz8._.js:2431
[  474790ms] [LOG] [ImpactGlobe] Hovering: Nigeria Oil Output Drops to 18-Month Low After Pipeline Attack @ http://localhost:3000/_next/static/chunks/node_modules_next_dist_115brz8._.js:2431
[  474813ms] [LOG] [ImpactGlobe] Hovering: Nigeria Oil Output Drops to 18-Month Low After Pipeline Attack @ http://localhost:3000/_next/static/chunks/node_modules_next_dist_115brz8._.js:2431
[  474839ms] [LOG] [ImpactGlobe] Hovering: Nigeria Oil Output Drops to 18-Month Low After Pipeline Attack @ http://localhost:3000/_next/static/chunks/node_modules_next_dist_115brz8._.js:2431
[  474868ms] [LOG] [ImpactGlobe] Hovering: Nigeria Oil Output Drops to 18-Month Low After Pipeline Attack @ http://localhost:3000/_next/static/chunks/node_modules_next_dist_115brz8._.js:2431
[  474898ms] [LOG] [ImpactGlobe] Hovering: Nigeria Oil Output Drops to 18-Month Low After Pipeline Attack @ http://localhost:3000/_next/static/chunks/node_modules_next_dist_115brz8._.js:2431
[  474916ms] [LOG] [ImpactGlobe] Hovering: Nigeria Oil Output Drops to 18-Month Low After Pipeline Attack @ http://localhost:3000/_next/static/chunks/node_modules_next_dist_115brz8._.js:2431
[  474946ms] [LOG] [ImpactGlobe] Hovering: Nigeria Oil Output Drops to 18-Month Low After Pipeline Attack @ http://localhost:3000/_next/static/chunks/node_modules_next_dist_115brz8._.js:2431
[  474972ms] [LOG] [ImpactGlobe] Hovering: Nigeria Oil Output Drops to 18-Month Low After Pipeline Attack @ http://localhost:3000/_next/static/chunks/node_modules_next_dist_115brz8._.js:2431
[  474996ms] [LOG] [ImpactGlobe] Hovering: Nigeria Oil Output Drops to 18-Month Low After Pipeline Attack @ http://localhost:3000/_next/static/chunks/node_modules_next_dist_115brz8._.js:2431
[  475028ms] [LOG] [ImpactGlobe] Hovering: Nigeria Oil Output Drops to 18-Month Low After Pipeline Attack @ http://localhost:3000/_next/static/chunks/node_modules_next_dist_115brz8._.js:2431
[  475051ms] [LOG] [ImpactGlobe] Hovering: Nigeria Oil Output Drops to 18-Month Low After Pipeline Attack @ http://localhost:3000/_next/static/chunks/node_modules_next_dist_115brz8._.js:2431
[  475075ms] [LOG] [ImpactGlobe] Hovering: Nigeria Oil Output Drops to 18-Month Low After Pipeline Attack @ http://localhost:3000/_next/static/chunks/node_modules_next_dist_115brz8._.js:2431
[  475101ms] [LOG] [ImpactGlobe] Hovering: Nigeria Oil Output Drops to 18-Month Low After Pipeline Attack @ http://localhost:3000/_next/static/chunks/node_modules_next_dist_115brz8._.js:2431
[  475132ms] [LOG] [ImpactGlobe] Hovering: Nigeria Oil Output Drops to 18-Month Low After Pipeline Attack @ http://localhost:3000/_next/static/chunks/node_modules_next_dist_115brz8._.js:2431
[  475165ms] [LOG] [ImpactGlobe] Hovering: Nigeria Oil Output Drops to 18-Month Low After Pipeline Attack @ http://localhost:3000/_next/static/chunks/node_modules_next_dist_115brz8._.js:2431
[  475183ms] [LOG] [ImpactGlobe] Hovering: Nigeria Oil Output Drops to 18-Month Low After Pipeline Attack @ http://localhost:3000/_next/static/chunks/node_modules_next_dist_115brz8._.js:2431
[  475227ms] [LOG] [ImpactGlobe] Hovering: Nigeria Oil Output Drops to 18-Month Low After Pipeline Attack @ http://localhost:3000/_next/static/chunks/node_modules_next_dist_115brz8._.js:2431
[  476042ms] [LOG] [ImpactGlobe] Hovering: Brazil Central Bank Cuts Selic Rate by 50bps to 10.25% @ http://localhost:3000/_next/static/chunks/node_modules_next_dist_115brz8._.js:2431
[  476077ms] [LOG] [ImpactGlobe] Hovering: Brazil Central Bank Cuts Selic Rate by 50bps to 10.25% @ http://localhost:3000/_next/static/chunks/node_modules_next_dist_115brz8._.js:2431
[  476101ms] [LOG] [ImpactGlobe] Hovering: Brazil Central Bank Cuts Selic Rate by 50bps to 10.25% @ http://localhost:3000/_next/static/chunks/node_modules_next_dist_115brz8._.js:2431
[  476124ms] [LOG] [ImpactGlobe] Hovering: Brazil Central Bank Cuts Selic Rate by 50bps to 10.25% @ http://localhost:3000/_next/static/chunks/node_modules_next_dist_115brz8._.js:2431
[  476151ms] [LOG] [ImpactGlobe] Hovering: Brazil Central Bank Cuts Selic Rate by 50bps to 10.25% @ http://localhost:3000/_next/static/chunks/node_modules_next_dist_115brz8._.js:2431
[  476169ms] [LOG] [ImpactGlobe] Hovering: Brazil Central Bank Cuts Selic Rate by 50bps to 10.25% @ http://localhost:3000/_next/static/chunks/node_modules_next_dist_115brz8._.js:2431
[  476198ms] [LOG] [ImpactGlobe] Hovering: Brazil Central Bank Cuts Selic Rate by 50bps to 10.25% @ http://localhost:3000/_next/static/chunks/node_modules_next_dist_115brz8._.js:2431
[  476236ms] [LOG] [ImpactGlobe] Hovering: Brazil Central Bank Cuts Selic Rate by 50bps to 10.25% @ http://localhost:3000/_next/static/chunks/node_modules_next_dist_115brz8._.js:2431
[  476263ms] [LOG] [ImpactGlobe] Hovering: Brazil Central Bank Cuts Selic Rate by 50bps to 10.25% @ http://localhost:3000/_next/static/chunks/node_modules_next_dist_115brz8._.js:2431
[  476285ms] [LOG] [ImpactGlobe] Hovering: Brazil Central Bank Cuts Selic Rate by 50bps to 10.25% @ http://localhost:3000/_next/static/chunks/node_modules_next_dist_115brz8._.js:2431
[  476315ms] [LOG] [ImpactGlobe] Hovering: Brazil Central Bank Cuts Selic Rate by 50bps to 10.25% @ http://localhost:3000/_next/static/chunks/node_modules_next_dist_115brz8._.js:2431
[  476345ms] [LOG] [ImpactGlobe] Hovering: Brazil Central Bank Cuts Selic Rate by 50bps to 10.25% @ http://localhost:3000/_next/static/chunks/node_modules_next_dist_115brz8._.js:2431
[  476380ms] [LOG] [ImpactGlobe] Hovering: Brazil Central Bank Cuts Selic Rate by 50bps to 10.25% @ http://localhost:3000/_next/static/chunks/node_modules_next_dist_115brz8._.js:2431
[  476398ms] [LOG] [ImpactGlobe] Hovering: Brazil Central Bank Cuts Selic Rate by 50bps to 10.25% @ http://localhost:3000/_next/static/chunks/node_modules_next_dist_115brz8._.js:2431
[  476422ms] [LOG] [ImpactGlobe] Hovering: Brazil Central Bank Cuts Selic Rate by 50bps to 10.25% @ http://localhost:3000/_next/static/chunks/node_modules_next_dist_115brz8._.js:2431
[  476448ms] [LOG] [ImpactGlobe] Hovering: Brazil Central Bank Cuts Selic Rate by 50bps to 10.25% @ http://localhost:3000/_next/static/chunks/node_modules_next_dist_115brz8._.js:2431
[  476473ms] [LOG] [ImpactGlobe] Hovering: Brazil Central Bank Cuts Selic Rate by 50bps to 10.25% @ http://localhost:3000/_next/static/chunks/node_modules_next_dist_115brz8._.js:2431
[  476507ms] [LOG] [ImpactGlobe] Hovering: Brazil Central Bank Cuts Selic Rate by 50bps to 10.25% @ http://localhost:3000/_next/static/chunks/node_modules_next_dist_115brz8._.js:2431
[  476529ms] [LOG] [ImpactGlobe] Hovering: Brazil Central Bank Cuts Selic Rate by 50bps to 10.25% @ http://localhost:3000/_next/static/chunks/node_modules_next_dist_115brz8._.js:2431
[  476552ms] [LOG] [ImpactGlobe] Hovering: Brazil Central Bank Cuts Selic Rate by 50bps to 10.25% @ http://localhost:3000/_next/static/chunks/node_modules_next_dist_115brz8._.js:2431
[  476581ms] [LOG] [ImpactGlobe] Hovering: Brazil Central Bank Cuts Selic Rate by 50bps to 10.25% @ http://localhost:3000/_next/static/chunks/node_modules_next_dist_115brz8._.js:2431
[  476612ms] [LOG] [ImpactGlobe] Hovering: Brazil Central Bank Cuts Selic Rate by 50bps to 10.25% @ http://localhost:3000/_next/static/chunks/node_modules_next_dist_115brz8._.js:2431
[  476635ms] [LOG] [ImpactGlobe] Hovering: Brazil Central Bank Cuts Selic Rate by 50bps to 10.25% @ http://localhost:3000/_next/static/chunks/node_modules_next_dist_115brz8._.js:2431
[  476658ms] [LOG] [ImpactGlobe] Hovering: Brazil Central Bank Cuts Selic Rate by 50bps to 10.25% @ http://localhost:3000/_next/static/chunks/node_modules_next_dist_115brz8._.js:2431
[  476684ms] [LOG] [ImpactGlobe] Hovering: Brazil Central Bank Cuts Selic Rate by 50bps to 10.25% @ http://localhost:3000/_next/static/chunks/node_modules_next_dist_115brz8._.js:2431
[  476717ms] [LOG] [ImpactGlobe] Hovering: Brazil Central Bank Cuts Selic Rate by 50bps to 10.25% @ http://localhost:3000/_next/static/chunks/node_modules_next_dist_115brz8._.js:2431
[  476738ms] [LOG] [ImpactGlobe] Hovering: Brazil Central Bank Cuts Selic Rate by 50bps to 10.25% @ http://localhost:3000/_next/static/chunks/node_modules_next_dist_115brz8._.js:2431
[  476769ms] [LOG] [ImpactGlobe] Hovering: Brazil Central Bank Cuts Selic Rate by 50bps to 10.25% @ http://localhost:3000/_next/static/chunks/node_modules_next_dist_115brz8._.js:2431
[  476793ms] [LOG] [ImpactGlobe] Hovering: Brazil Central Bank Cuts Selic Rate by 50bps to 10.25% @ http://localhost:3000/_next/static/chunks/node_modules_next_dist_115brz8._.js:2431
[  476823ms] [LOG] [ImpactGlobe] Hovering: Brazil Central Bank Cuts Selic Rate by 50bps to 10.25% @ http://localhost:3000/_next/static/chunks/node_modules_next_dist_115brz8._.js:2431
[  476855ms] [LOG] [ImpactGlobe] Hovering: Brazil Central Bank Cuts Selic Rate by 50bps to 10.25% @ http://localhost:3000/_next/static/chunks/node_modules_next_dist_115brz8._.js:2431
[  476877ms] [LOG] [ImpactGlobe] Hovering: Brazil Central Bank Cuts Selic Rate by 50bps to 10.25% @ http://localhost:3000/_next/static/chunks/node_modules_next_dist_115brz8._.js:2431
[  476902ms] [LOG] [ImpactGlobe] Hovering: Brazil Central Bank Cuts Selic Rate by 50bps to 10.25% @ http://localhost:3000/_next/static/chunks/node_modules_next_dist_115brz8._.js:2431
[  476933ms] [LOG] [ImpactGlobe] Hovering: Brazil Central Bank Cuts Selic Rate by 50bps to 10.25% @ http://localhost:3000/_next/static/chunks/node_modules_next_dist_115brz8._.js:2431
[  476957ms] [LOG] [ImpactGlobe] Hovering: Brazil Central Bank Cuts Selic Rate by 50bps to 10.25% @ http://localhost:3000/_next/static/chunks/node_modules_next_dist_115brz8._.js:2431
[  476980ms] [LOG] [ImpactGlobe] Hovering: Brazil Central Bank Cuts Selic Rate by 50bps to 10.25% @ http://localhost:3000/_next/static/chunks/node_modules_next_dist_115brz8._.js:2431
[  477011ms] [LOG] [ImpactGlobe] Hovering: Brazil Central Bank Cuts Selic Rate by 50bps to 10.25% @ http://localhost:3000/_next/static/chunks/node_modules_next_dist_115brz8._.js:2431
[  477037ms] [LOG] [ImpactGlobe] Hovering: Brazil Central Bank Cuts Selic Rate by 50bps to 10.25% @ http://localhost:3000/_next/static/chunks/node_modules_next_dist_115brz8._.js:2431
[  477059ms] [LOG] [ImpactGlobe] Hovering: Brazil Central Bank Cuts Selic Rate by 50bps to 10.25% @ http://localhost:3000/_next/static/chunks/node_modules_next_dist_115brz8._.js:2431
[  477090ms] [LOG] [ImpactGlobe] Hovering: Brazil Central Bank Cuts Selic Rate by 50bps to 10.25% @ http://localhost:3000/_next/static/chunks/node_modules_next_dist_115brz8._.js:2431
[  477108ms] [LOG] [ImpactGlobe] Hovering: Brazil Central Bank Cuts Selic Rate by 50bps to 10.25% @ http://localhost:3000/_next/static/chunks/node_modules_next_dist_115brz8._.js:2431
[  477140ms] [LOG] [ImpactGlobe] Hovering: Brazil Central Bank Cuts Selic Rate by 50bps to 10.25% @ http://localhost:3000/_next/static/chunks/node_modules_next_dist_115brz8._.js:2431
[  477164ms] [LOG] [ImpactGlobe] Hovering: Brazil Central Bank Cuts Selic Rate by 50bps to 10.25% @ http://localhost:3000/_next/static/chunks/node_modules_next_dist_115brz8._.js:2431
[  477187ms] [LOG] [ImpactGlobe] Hovering: Brazil Central Bank Cuts Selic Rate by 50bps to 10.25% @ http://localhost:3000/_next/static/chunks/node_modules_next_dist_115brz8._.js:2431
[  477216ms] [LOG] [ImpactGlobe] Hovering: Brazil Central Bank Cuts Selic Rate by 50bps to 10.25% @ http://localhost:3000/_next/static/chunks/node_modules_next_dist_115brz8._.js:2431
[  477242ms] [LOG] [ImpactGlobe] Hovering: Brazil Central Bank Cuts Selic Rate by 50bps to 10.25% @ http://localhost:3000/_next/static/chunks/node_modules_next_dist_115brz8._.js:2431
[  477261ms] [LOG] [ImpactGlobe] Hovering: Brazil Central Bank Cuts Selic Rate by 50bps to 10.25% @ http://localhost:3000/_next/static/chunks/node_modules_next_dist_115brz8._.js:2431
[  477286ms] [LOG] [ImpactGlobe] Hovering: Brazil Central Bank Cuts Selic Rate by 50bps to 10.25% @ http://localhost:3000/_next/static/chunks/node_modules_next_dist_115brz8._.js:2431
[  477311ms] [LOG] [ImpactGlobe] Hovering: Brazil Central Bank Cuts Selic Rate by 50bps to 10.25% @ http://localhost:3000/_next/static/chunks/node_modules_next_dist_115brz8._.js:2431
[  477340ms] [LOG] [ImpactGlobe] Hovering: Brazil Central Bank Cuts Selic Rate by 50bps to 10.25% @ http://localhost:3000/_next/static/chunks/node_modules_next_dist_115brz8._.js:2431
[  477371ms] [LOG] [ImpactGlobe] Hovering: Brazil Central Bank Cuts Selic Rate by 50bps to 10.25% @ http://localhost:3000/_next/static/chunks/node_modules_next_dist_115brz8._.js:2431
[  477397ms] [LOG] [ImpactGlobe] Hovering: Brazil Central Bank Cuts Selic Rate by 50bps to 10.25% @ http://localhost:3000/_next/static/chunks/node_modules_next_dist_115brz8._.js:2431
[  477425ms] [LOG] [ImpactGlobe] Hovering: Brazil Central Bank Cuts Selic Rate by 50bps to 10.25% @ http://localhost:3000/_next/static/chunks/node_modules_next_dist_115brz8._.js:2431
[  477448ms] [LOG] [ImpactGlobe] Hovering: Brazil Central Bank Cuts Selic Rate by 50bps to 10.25% @ http://localhost:3000/_next/static/chunks/node_modules_next_dist_115brz8._.js:2431
[  477468ms] [LOG] [ImpactGlobe] Hovering: Brazil Central Bank Cuts Selic Rate by 50bps to 10.25% @ http://localhost:3000/_next/static/chunks/node_modules_next_dist_115brz8._.js:2431
[  477492ms] [LOG] [ImpactGlobe] Hovering: Brazil Central Bank Cuts Selic Rate by 50bps to 10.25% @ http://localhost:3000/_next/static/chunks/node_modules_next_dist_115brz8._.js:2431
[  477522ms] [LOG] [ImpactGlobe] Hovering: Brazil Central Bank Cuts Selic Rate by 50bps to 10.25% @ http://localhost:3000/_next/static/chunks/node_modules_next_dist_115brz8._.js:2431
[  477546ms] [LOG] [ImpactGlobe] Hovering: Brazil Central Bank Cuts Selic Rate by 50bps to 10.25% @ http://localhost:3000/_next/static/chunks/node_modules_next_dist_115brz8._.js:2431
[  477572ms] [LOG] [ImpactGlobe] Hovering: Brazil Central Bank Cuts Selic Rate by 50bps to 10.25% @ http://localhost:3000/_next/static/chunks/node_modules_next_dist_115brz8._.js:2431
[  477601ms] [LOG] [ImpactGlobe] Hovering: Brazil Central Bank Cuts Selic Rate by 50bps to 10.25% @ http://localhost:3000/_next/static/chunks/node_modules_next_dist_115brz8._.js:2431
[  477626ms] [LOG] [ImpactGlobe] Hovering: Brazil Central Bank Cuts Selic Rate by 50bps to 10.25% @ http://localhost:3000/_next/static/chunks/node_modules_next_dist_115brz8._.js:2431
[  477648ms] [LOG] [ImpactGlobe] Hovering: Brazil Central Bank Cuts Selic Rate by 50bps to 10.25% @ http://localhost:3000/_next/static/chunks/node_modules_next_dist_115brz8._.js:2431
[  477675ms] [LOG] [ImpactGlobe] Hovering: Brazil Central Bank Cuts Selic Rate by 50bps to 10.25% @ http://localhost:3000/_next/static/chunks/node_modules_next_dist_115brz8._.js:2431
[  477703ms] [LOG] [ImpactGlobe] Hovering: Brazil Central Bank Cuts Selic Rate by 50bps to 10.25% @ http://localhost:3000/_next/static/chunks/node_modules_next_dist_115brz8._.js:2431
[  477722ms] [LOG] [ImpactGlobe] Hovering: Brazil Central Bank Cuts Selic Rate by 50bps to 10.25% @ http://localhost:3000/_next/static/chunks/node_modules_next_dist_115brz8._.js:2431
[  477754ms] [LOG] [ImpactGlobe] Hovering: Brazil Central Bank Cuts Selic Rate by 50bps to 10.25% @ http://localhost:3000/_next/static/chunks/node_modules_next_dist_115brz8._.js:2431
[  477777ms] [LOG] [ImpactGlobe] Hovering: Brazil Central Bank Cuts Selic Rate by 50bps to 10.25% @ http://localhost:3000/_next/static/chunks/node_modules_next_dist_115brz8._.js:2431
[  477810ms] [LOG] [ImpactGlobe] Hovering: Brazil Central Bank Cuts Selic Rate by 50bps to 10.25% @ http://localhost:3000/_next/static/chunks/node_modules_next_dist_115brz8._.js:2431
[  479430ms] [LOG] [ImpactGlobe] Hovering: Taiwan Strait Tensions Escalate After Military Drills @ http://localhost:3000/_next/static/chunks/node_modules_next_dist_115brz8._.js:2431
[  479469ms] [LOG] [ImpactGlobe] Hovering: Taiwan Strait Tensions Escalate After Military Drills @ http://localhost:3000/_next/static/chunks/node_modules_next_dist_115brz8._.js:2431
[  479490ms] [LOG] [ImpactGlobe] Hovering: Taiwan Strait Tensions Escalate After Military Drills @ http://localhost:3000/_next/static/chunks/node_modules_next_dist_115brz8._.js:2431
[  479521ms] [LOG] [ImpactGlobe] Hovering: Taiwan Strait Tensions Escalate After Military Drills @ http://localhost:3000/_next/static/chunks/node_modules_next_dist_115brz8._.js:2431
[  479550ms] [LOG] [ImpactGlobe] Hovering: Taiwan Strait Tensions Escalate After Military Drills @ http://localhost:3000/_next/static/chunks/node_modules_next_dist_115brz8._.js:2431
[  479575ms] [LOG] [ImpactGlobe] Hovering: Taiwan Strait Tensions Escalate After Military Drills @ http://localhost:3000/_next/static/chunks/node_modules_next_dist_115brz8._.js:2431
[  479600ms] [LOG] [ImpactGlobe] Hovering: Taiwan Strait Tensions Escalate After Military Drills @ http://localhost:3000/_next/static/chunks/node_modules_next_dist_115brz8._.js:2431
[  479619ms] [LOG] [ImpactGlobe] Hovering: Taiwan Strait Tensions Escalate After Military Drills @ http://localhost:3000/_next/static/chunks/node_modules_next_dist_115brz8._.js:2431
[  479642ms] [LOG] [ImpactGlobe] Hovering: Taiwan Strait Tensions Escalate After Military Drills @ http://localhost:3000/_next/static/chunks/node_modules_next_dist_115brz8._.js:2431
[  479672ms] [LOG] [ImpactGlobe] Hovering: Taiwan Strait Tensions Escalate After Military Drills @ http://localhost:3000/_next/static/chunks/node_modules_next_dist_115brz8._.js:2431
[  479696ms] [LOG] [ImpactGlobe] Hovering: Taiwan Strait Tensions Escalate After Military Drills @ http://localhost:3000/_next/static/chunks/node_modules_next_dist_115brz8._.js:2431
[  479721ms] [LOG] [ImpactGlobe] Hovering: Taiwan Strait Tensions Escalate After Military Drills @ http://localhost:3000/_next/static/chunks/node_modules_next_dist_115brz8._.js:2431
[  479752ms] [LOG] [ImpactGlobe] Hovering: Taiwan Strait Tensions Escalate After Military Drills @ http://localhost:3000/_next/static/chunks/node_modules_next_dist_115brz8._.js:2431
[  479781ms] [LOG] [ImpactGlobe] Hovering: Taiwan Strait Tensions Escalate After Military Drills @ http://localhost:3000/_next/static/chunks/node_modules_next_dist_115brz8._.js:2431
[  479804ms] [LOG] [ImpactGlobe] Hovering: Taiwan Strait Tensions Escalate After Military Drills @ http://localhost:3000/_next/static/chunks/node_modules_next_dist_115brz8._.js:2431
[  479828ms] [LOG] [ImpactGlobe] Hovering: Taiwan Strait Tensions Escalate After Military Drills @ http://localhost:3000/_next/static/chunks/node_modules_next_dist_115brz8._.js:2431
[  479860ms] [LOG] [ImpactGlobe] Hovering: Taiwan Strait Tensions Escalate After Military Drills @ http://localhost:3000/_next/static/chunks/node_modules_next_dist_115brz8._.js:2431
[  479891ms] [LOG] [ImpactGlobe] Hovering: Taiwan Strait Tensions Escalate After Military Drills @ http://localhost:3000/_next/static/chunks/node_modules_next_dist_115brz8._.js:2431
[  479914ms] [LOG] [ImpactGlobe] Hovering: Taiwan Strait Tensions Escalate After Military Drills @ http://localhost:3000/_next/static/chunks/node_modules_next_dist_115brz8._.js:2431
[  479938ms] [LOG] [ImpactGlobe] Hovering: Taiwan Strait Tensions Escalate After Military Drills @ http://localhost:3000/_next/static/chunks/node_modules_next_dist_115brz8._.js:2431
[  479969ms] [LOG] [ImpactGlobe] Hovering: Taiwan Strait Tensions Escalate After Military Drills @ http://localhost:3000/_next/static/chunks/node_modules_next_dist_115brz8._.js:2431
[  480002ms] [LOG] [ImpactGlobe] Hovering: Taiwan Strait Tensions Escalate After Military Drills @ http://localhost:3000/_next/static/chunks/node_modules_next_dist_115brz8._.js:2431
[  480026ms] [LOG] [ImpactGlobe] Hovering: Taiwan Strait Tensions Escalate After Military Drills @ http://localhost:3000/_next/static/chunks/node_modules_next_dist_115brz8._.js:2431
[  480055ms] [LOG] [ImpactGlobe] Hovering: Taiwan Strait Tensions Escalate After Military Drills @ http://localhost:3000/_next/static/chunks/node_modules_next_dist_115brz8._.js:2431
[  480085ms] [LOG] [ImpactGlobe] Hovering: Taiwan Strait Tensions Escalate After Military Drills @ http://localhost:3000/_next/static/chunks/node_modules_next_dist_115brz8._.js:2431
[  480110ms] [LOG] [ImpactGlobe] Hovering: Taiwan Strait Tensions Escalate After Military Drills @ http://localhost:3000/_next/static/chunks/node_modules_next_dist_115brz8._.js:2431
[  480133ms] [LOG] [ImpactGlobe] Hovering: Taiwan Strait Tensions Escalate After Military Drills @ http://localhost:3000/_next/static/chunks/node_modules_next_dist_115brz8._.js:2431
[  480239ms] [LOG] [ImpactGlobe] Hovering: Japan GDP Contracts 0.5% in Q1 — Recession Fears Mount @ http://localhost:3000/_next/static/chunks/node_modules_next_dist_115brz8._.js:2431
[  480275ms] [LOG] [ImpactGlobe] Hovering: Japan GDP Contracts 0.5% in Q1 — Recession Fears Mount @ http://localhost:3000/_next/static/chunks/node_modules_next_dist_115brz8._.js:2431
